2026-02-14T10:41:39.370Z INFO @wdio/cli:launcher: Run onPrepare hook

Execution of 1 workers started at 2026-02-14T10:41:39.372Z

2026-02-14T10:41:39.373Z INFO @wdio/utils: Setting up browser driver for: chrome@stable
2026-02-14T10:41:39.374Z INFO @wdio/utils: Setting up browser binaries for: chrome@stable
2026-02-14T10:41:39.379Z INFO webdriver: Using Chromedriver v144.0.7559.133 from cache directory C:\Users\subra\AppData\Local\Temp
2026-02-14T10:41:39.380Z INFO @wdio/cli:launcher: Run onWorkerStart hook
2026-02-14T10:41:39.380Z INFO @wdio/xvfb: XvfbManager.init() called
2026-02-14T10:41:39.381Z INFO @wdio/xvfb: Xvfb not needed on current platform
2026-02-14T10:41:39.382Z INFO @wdio/local-runner: Start worker 0-0 with arg: run wdio.conf.ts --spec test/specs/SignupPage_test.e2e.ts
2026-02-14T10:41:39.410Z INFO @wdio/xvfb:ProcessFactory: xvfb-run not found, falling back to regular fork
2026-02-14T10:41:39.410Z INFO @wdio/xvfb:ProcessFactory: ProcessFactory: shouldRun=false, isAvailable=false
2026-02-14T10:41:39.410Z INFO @wdio/xvfb:ProcessFactory: Creating worker process with regular fork
[0-0] 2026-02-14T10:41:40.746Z INFO @wdio/local-runner: Run worker command: run
[0-0] RUNNING in chrome - file:///C:/Users/subra/OneDrive%20-%20ICAD%20Airports%20Pvt%20Ltd/Desktop/AIP%20Sentinel%20Automation%2005-10-2025/test/specs/SignupPage_test.e2e.ts
[0-0] 2026-02-14T10:41:41.565Z INFO webdriver: Initiate new session using the WebDriver protocol
[0-0] 2026-02-14T10:41:41.882Z INFO webdriver: Using Chromedriver v144.0.7559.133 from cache directory C:\Users\subra\AppData\Local\Temp
[0-0] 2026-02-14T10:41:41.953Z INFO chromedriver: Starting ChromeDriver 144.0.7559.133 (7da823b1d594d1b49797911900e003ec96a8c0e7-refs/branch-heads/7559@{#4253}) on port 55209
[0-0] 2026-02-14T10:41:41.953Z INFO chromedriver: Remote connections are allowed by an allowlist (0.0.0.0).
[0-0] 2026-02-14T10:41:41.953Z INFO chromedriver: Please see https://chromedriver.chromium.org/security-considerations for suggestions on keeping ChromeDriver safe.
[0-0] 2026-02-14T10:41:41.967Z INFO chromedriver: ChromeDriver was started successfully on port 55209.
[0-0] 2026-02-14T10:41:42.025Z INFO @wdio/utils: Started Chromedriver v144.0.7559.133 with params --port=55209 --allowed-origins=* --allowed-ips=0.0.0.0 in 157ms on port 55209
[0-0] 2026-02-14T10:41:42.030Z INFO webdriver: [POST] http://localhost:55209/session
[0-0] 2026-02-14T10:41:42.923Z INFO webdriver: Register BiDi handler for session with id 1abd13ccdc8a2393a8c0c9fe48e76433
[0-0] 2026-02-14T10:41:42.924Z INFO webdriver: Connecting to webSocketUrl ws://127.0.0.1:55209/session/1abd13ccdc8a2393a8c0c9fe48e76433
[0-0] 2026-02-14T10:41:42.946Z INFO webdriver: Connected to Bidi protocol at ws://127.0.0.1:55209/session/1abd13ccdc8a2393a8c0c9fe48e76433
[0-0] 2026-02-14T10:41:42.947Z INFO webdriver: Connected to WebDriver Bidi interface at ws://127.0.0.1:55209/session/1abd13ccdc8a2393a8c0c9fe48e76433
[0-0] 2026-02-14T10:41:42.949Z INFO webdriver: COMMAND getWindowHandle()
[0-0] 2026-02-14T10:41:42.950Z INFO webdriver: BIDI COMMAND browsingContext.getTree {}
[0-0] 2026-02-14T10:41:42.953Z INFO webdriver: BIDI COMMAND session.subscribe {"events":["browsingContext.contextCreated"]}
[0-0] 2026-02-14T10:41:42.954Z INFO webdriver: BIDI COMMAND session.subscribe {"events":["log.entryAdded","browsingContext.navigationStarted"]}
[0-0] 2026-02-14T10:41:42.954Z INFO webdriver: BIDI COMMAND script.addPreloadScript { functionDeclaration: <PreloadScript[1319 bytes]>, contexts: undefined }
[0-0] 2026-02-14T10:41:42.955Z INFO webdriver: BIDI COMMAND session.subscribe {"events":["browsingContext.navigationStarted","browsingContext.fragmentNavigated","network.responseCompleted","network.beforeRequestSent","network.fetchError"]}
[0-0] 2026-02-14T10:41:42.955Z INFO webdriver: BIDI COMMAND session.subscribe {"events":["browsingContext.userPromptOpened"]}
[0-0] 2026-02-14T10:41:42.955Z INFO webdriver: BIDI COMMAND session.subscribe {"events":["browsingContext.navigationStarted"]}
[0-0] 2026-02-14T10:41:42.955Z INFO webdriver: [GET] http://localhost:55209/session/1abd13ccdc8a2393a8c0c9fe48e76433/window
[0-0] 2026-02-14T10:41:42.964Z INFO webdriver: RESULT 01B881FADF613CBB2C5C0A8128380246
[0-0] 2026-02-14T10:41:42.969Z INFO webdriver: BIDI RESULT {"id":1,"result":{"contexts":[{"children":[],"clientWindow":"867828905","context":"01B881FADF613CBB2C5C0A8128380246","originalOpener":null,"parent":null,"url":"about:blank","userContext":"default"}]},"type":"success"}
[0-0] 2026-02-14T10:41:42.970Z INFO webdriverio:PolyfillManager: Adding polyfill script to context with id 01B881FADF613CBB2C5C0A8128380246
[0-0] 2026-02-14T10:41:42.970Z INFO webdriver: BIDI COMMAND script.callFunction {"functionDeclaration":"<Function[443 bytes] webdriverioPolyfill>","target":{"children":[],"clientWindow":"867828905","context":"01B881FADF613CBB2C5C0A8128380246","originalOpener":null,"parent":null,"url":"about:blank","userContext":"default"},"awaitPromise":false}
[0-0] 2026-02-14T10:41:42.971Z INFO webdriver: BIDI COMMAND script.addPreloadScript { functionDeclaration: <PreloadScript[443 bytes]>, contexts: ["01B881FADF613CBB2C5C0A8128380246"] }
[0-0] 2026-02-14T10:41:42.973Z INFO webdriver: BIDI RESULT {"id":2,"result":{"subscription":"209fe822-8949-487e-b659-83917c6aaa7b"},"type":"success"}
[0-0] 2026-02-14T10:41:42.974Z INFO webdriver: BIDI RESULT {"id":3,"result":{"subscription":"7b160060-76a2-48d6-83d5-2bb8ca9e36b8"},"type":"success"}
[0-0] 2026-02-14T10:41:42.976Z INFO webdriver: BIDI RESULT {"id":4,"result":{"script":"861fe74e-d078-45c7-8358-7ffe0bc8fb22"},"type":"success"}
[0-0] 2026-02-14T10:41:42.976Z INFO webdriver: BIDI RESULT {"id":5,"result":{"subscription":"ff0e717a-88d4-41cc-a0eb-111d838cac6d"},"type":"success"}
[0-0] 2026-02-14T10:41:42.977Z INFO webdriver: BIDI RESULT {"id":6,"result":{"subscription":"208b9323-1c9d-4b60-b9c2-a80008ab5d78"},"type":"success"}
[0-0] 2026-02-14T10:41:42.978Z INFO webdriver: BIDI RESULT {"id":7,"result":{"subscription":"33fd6d99-3aa8-4335-a016-25c45c95e533"},"type":"success"}
[0-0] 2026-02-14T10:41:42.979Z INFO webdriver: BIDI RESULT {"id":8,"result":{"realm":"-4487777149681927172.-4386972933075938990","result":{"type":"undefined"},"type":"success"},"type":"success"}
[0-0] 2026-02-14T10:41:42.980Z INFO webdriver: BIDI RESULT {"id":9,"result":{"script":"a5330974-fca4-4624-af83-86d183c7efc8"},"type":"success"}
[0-0] 2026-02-14T10:41:42.980Z INFO @wdio/visual-service: Adding commands to global browser
[0-0] 2026-02-14T10:41:42.982Z INFO webdriver: BIDI COMMAND script.callFunction {"functionDeclaration":"<Function[161 bytes] anonymous>","awaitPromise":true,"arguments":[],"target":{"context":"01B881FADF613CBB2C5C0A8128380246"}}
[0-0] 2026-02-14T10:41:42.986Z INFO webdriver: BIDI RESULT {"id":10,"result":{"realm":"-4487777149681927172.-4386972933075938990","result":{"type":"number","value":1.25},"type":"success"},"type":"success"}
[0-0] 2026-02-14T10:41:42.987Z INFO @wdio/visual-service: Adding element command "saveElement" to browser object
[0-0] 2026-02-14T10:41:42.988Z INFO @wdio/visual-service: Adding element command "checkElement" to browser object
[0-0] 2026-02-14T10:41:42.988Z INFO @wdio/visual-service: Adding browser command "saveScreen" to browser object
[0-0] 2026-02-14T10:41:42.988Z INFO @wdio/visual-service: Adding browser command "saveFullPageScreen" to browser object
[0-0] 2026-02-14T10:41:42.988Z INFO @wdio/visual-service: Adding browser command "saveTabbablePage" to browser object
[0-0] 2026-02-14T10:41:42.988Z INFO @wdio/visual-service: Adding browser command "checkScreen" to browser object
[0-0] 2026-02-14T10:41:42.989Z INFO @wdio/visual-service: Adding browser command "checkFullPageScreen" to browser object
[0-0] 2026-02-14T10:41:42.989Z INFO @wdio/visual-service: Adding browser command "checkTabbablePage" to browser object
[0-0] 2026-02-14T10:41:42.989Z INFO @wdio/visual-service: Adding browser command "waitForStorybookComponentToBeLoaded" to browser object
[0-0] 2026-02-14T10:41:43.014Z INFO webdriver: BIDI COMMAND browsingContext.navigate {"context":"01B881FADF613CBB2C5C0A8128380246","url":"https://10.35.84.85:9443","wait":"complete"}
[0-0] 2026-02-14T10:41:43.298Z INFO webdriver: BIDI RESULT {"id":11,"result":{"navigation":"22fc5e7c-521d-4517-8c2a-5f399806dfa9","url":"https://10.35.84.85:9443/"},"type":"success"}
[0-0] 2026-02-14T10:41:43.300Z INFO webdriver: COMMAND maximizeWindow()
[0-0] 2026-02-14T10:41:43.301Z INFO webdriver: [POST] http://localhost:55209/session/1abd13ccdc8a2393a8c0c9fe48e76433/window/maximize
[0-0] 2026-02-14T10:41:43.301Z INFO webdriver: DATA {}
[0-0] 2026-02-14T10:41:43.461Z INFO webdriver: RESULT { height: 832, width: 1552, x: -7, y: -7 }
[0-0] 2026-02-14T10:41:43.466Z INFO webdriver: BIDI COMMAND browsingContext.locateNodes {"locator":{"type":"xpath","value":"//a[text()=\"Sign up\"]"},"context":"01B881FADF613CBB2C5C0A8128380246"}
[0-0] 2026-02-14T10:41:43.483Z INFO webdriver: BIDI RESULT {"id":12,"result":{"nodes":[{"sharedId":"f.01B881FADF613CBB2C5C0A8128380246.d.2071DD73BEA79E05858CE131FD6661CB.e.13","type":"node","value":{"attributes":{"class":"text-primary hover:text-primary/80 underline font-medium","href":"/signup"},"childNodeCount":1,"localName":"a","namespaceURI":"http://www.w3.org/1999/xhtml","nodeType":1,"shadowRoot":null}}]},"type":"success"}
[0-0] 2026-02-14T10:41:43.518Z INFO webdriver: BIDI COMMAND script.callFunction {"functionDeclaration":"<Function[478 bytes] anonymous>","awaitPromise":true,"arguments":[{"sharedId":"f.01B881FADF613CBB2C5C0A8128380246.d.2071DD73BEA79E05858CE131FD6661CB.e.13"}],"target":{"context":"01B881FADF613CBB2C5C0A8128380246"}}
[0-0] 2026-02-14T10:41:43.519Z INFO webdriver: BIDI COMMAND script.callFunction {"functionDeclaration":"<Function[279 bytes] checkVisibility>","awaitPromise":true,"arguments":[{"sharedId":"f.01B881FADF613CBB2C5C0A8128380246.d.2071DD73BEA79E05858CE131FD6661CB.e.13"},{"type":"object","value":[["withinViewport",{"type":"boolean","value":false}],["contentVisibilityAuto",{"type":"boolean","value":true}],["opacityProperty",{"type":"boolean","value":true}],["visibilityProperty",{"type":"boolean","value":true}]]}],"target":{"context":"01B881FADF613CBB2C5C0A8128380246"}}
[0-0] 2026-02-14T10:41:43.555Z INFO webdriver: BIDI RESULT {"id":13,"result":{"realm":"7485290407469393629.4442745028590500104","result":{"type":"object","value":[["value",{"type":"string","value":"inline"}]]},"type":"success"},"type":"success"}
[0-0] 2026-02-14T10:41:43.556Z INFO webdriver: BIDI RESULT {"id":14,"result":{"realm":"7485290407469393629.4442745028590500104","result":{"type":"boolean","value":true},"type":"success"},"type":"success"}
[0-0] 2026-02-14T10:41:43.556Z INFO webdriver: BIDI COMMAND script.callFunction {"functionDeclaration":"<Function[4336 bytes] isElementClickable>","awaitPromise":true,"arguments":[{"sharedId":"f.01B881FADF613CBB2C5C0A8128380246.d.2071DD73BEA79E05858CE131FD6661CB.e.13"}],"target":{"context":"01B881FADF613CBB2C5C0A8128380246"}}
[0-0] 2026-02-14T10:41:43.567Z INFO webdriver: BIDI RESULT {"id":15,"result":{"realm":"7485290407469393629.4442745028590500104","result":{"type":"boolean","value":true},"type":"success"},"type":"success"}
[0-0] 2026-02-14T10:41:43.568Z INFO webdriver: BIDI COMMAND browsingContext.locateNodes {"locator":{"type":"xpath","value":"//a[text()=\"Sign up\"]"},"context":"01B881FADF613CBB2C5C0A8128380246"}
[0-0] 2026-02-14T10:41:43.573Z INFO webdriver: BIDI RESULT {"id":16,"result":{"nodes":[{"sharedId":"f.01B881FADF613CBB2C5C0A8128380246.d.2071DD73BEA79E05858CE131FD6661CB.e.13","type":"node","value":{"attributes":{"class":"text-primary hover:text-primary/80 underline font-medium","href":"/signup"},"childNodeCount":1,"localName":"a","namespaceURI":"http://www.w3.org/1999/xhtml","nodeType":1,"shadowRoot":null}}]},"type":"success"}
[0-0] 2026-02-14T10:41:43.583Z INFO webdriver: COMMAND elementClick("f.01B881FADF613CBB2C5C0A8128380246.d.2071DD73BEA79E05858CE131FD6661CB.e.13")
[0-0] 2026-02-14T10:41:43.584Z INFO webdriver: [POST] http://localhost:55209/session/1abd13ccdc8a2393a8c0c9fe48e76433/element/f.01B881FADF613CBB2C5C0A8128380246.d.2071DD73BEA79E05858CE131FD6661CB.e.13/click
[0-0] 2026-02-14T10:41:43.584Z INFO webdriver: DATA {}
[0-0] 2026-02-14T10:41:43.752Z INFO webdriver: RESULT null
[0-0] 2026-02-14T10:41:43.753Z INFO webdriver: BIDI COMMAND browsingContext.locateNodes {"locator":{"type":"xpath","value":"//button[@id='role']//*[name()='svg']"},"context":"01B881FADF613CBB2C5C0A8128380246"}
[0-0] 2026-02-14T10:41:43.766Z INFO webdriver: BIDI RESULT {"id":17,"result":{"nodes":[{"sharedId":"f.01B881FADF613CBB2C5C0A8128380246.d.2071DD73BEA79E05858CE131FD6661CB.e.18","type":"node","value":{"attributes":{"aria-hidden":"true","class":"lucide lucide-chevron-down h-4 w-4 opacity-50","fill":"none","height":"24","stroke":"currentColor","stroke-linecap":"round","stroke-linejoin":"round","stroke-width":"2","viewBox":"0 0 24 24","width":"24","xmlns":"http://www.w3.org/2000/svg"},"childNodeCount":1,"localName":"svg","namespaceURI":"http://www.w3.org/2000/svg","nodeType":1,"shadowRoot":null}}]},"type":"success"}
[0-0] 2026-02-14T10:41:43.775Z INFO webdriver: BIDI COMMAND script.callFunction {"functionDeclaration":"<Function[478 bytes] anonymous>","awaitPromise":true,"arguments":[{"sharedId":"f.01B881FADF613CBB2C5C0A8128380246.d.2071DD73BEA79E05858CE131FD6661CB.e.18"}],"target":{"context":"01B881FADF613CBB2C5C0A8128380246"}}
[0-0] 2026-02-14T10:41:43.777Z INFO webdriver: BIDI COMMAND script.callFunction {"functionDeclaration":"<Function[279 bytes] checkVisibility>","awaitPromise":true,"arguments":[{"sharedId":"f.01B881FADF613CBB2C5C0A8128380246.d.2071DD73BEA79E05858CE131FD6661CB.e.18"},{"type":"object","value":[["withinViewport",{"type":"boolean","value":false}],["contentVisibilityAuto",{"type":"boolean","value":true}],["opacityProperty",{"type":"boolean","value":true}],["visibilityProperty",{"type":"boolean","value":true}]]}],"target":{"context":"01B881FADF613CBB2C5C0A8128380246"}}
[0-0] 2026-02-14T10:41:43.798Z INFO webdriver: BIDI RESULT {"id":18,"result":{"realm":"7485290407469393629.4442745028590500104","result":{"type":"object","value":[["value",{"type":"string","value":"block"}]]},"type":"success"},"type":"success"}
[0-0] 2026-02-14T10:41:43.799Z INFO webdriver: BIDI RESULT {"id":19,"result":{"realm":"7485290407469393629.4442745028590500104","result":{"type":"boolean","value":true},"type":"success"},"type":"success"}
[0-0] 2026-02-14T10:41:43.800Z INFO webdriver: BIDI COMMAND script.callFunction {"functionDeclaration":"<Function[4336 bytes] isElementClickable>","awaitPromise":true,"arguments":[{"sharedId":"f.01B881FADF613CBB2C5C0A8128380246.d.2071DD73BEA79E05858CE131FD6661CB.e.18"}],"target":{"context":"01B881FADF613CBB2C5C0A8128380246"}}
[0-0] 2026-02-14T10:41:43.806Z INFO webdriver: BIDI RESULT {"id":20,"result":{"realm":"7485290407469393629.4442745028590500104","result":{"type":"boolean","value":true},"type":"success"},"type":"success"}
[0-0] 2026-02-14T10:41:43.806Z INFO webdriver: BIDI COMMAND browsingContext.locateNodes {"locator":{"type":"xpath","value":"//button[@id='role']//*[name()='svg']"},"context":"01B881FADF613CBB2C5C0A8128380246"}
[0-0] 2026-02-14T10:41:43.811Z INFO webdriver: BIDI RESULT {"id":21,"result":{"nodes":[{"sharedId":"f.01B881FADF613CBB2C5C0A8128380246.d.2071DD73BEA79E05858CE131FD6661CB.e.18","type":"node","value":{"attributes":{"aria-hidden":"true","class":"lucide lucide-chevron-down h-4 w-4 opacity-50","fill":"none","height":"24","stroke":"currentColor","stroke-linecap":"round","stroke-linejoin":"round","stroke-width":"2","viewBox":"0 0 24 24","width":"24","xmlns":"http://www.w3.org/2000/svg"},"childNodeCount":1,"localName":"svg","namespaceURI":"http://www.w3.org/2000/svg","nodeType":1,"shadowRoot":null}}]},"type":"success"}
[0-0] 2026-02-14T10:41:43.817Z INFO webdriver: COMMAND elementClick("f.01B881FADF613CBB2C5C0A8128380246.d.2071DD73BEA79E05858CE131FD6661CB.e.18")
[0-0] 2026-02-14T10:41:43.817Z INFO webdriver: [POST] http://localhost:55209/session/1abd13ccdc8a2393a8c0c9fe48e76433/element/f.01B881FADF613CBB2C5C0A8128380246.d.2071DD73BEA79E05858CE131FD6661CB.e.18/click
[0-0] 2026-02-14T10:41:43.818Z INFO webdriver: DATA {}
[0-0] 2026-02-14T10:41:43.899Z INFO webdriver: RESULT null
[0-0] 2026-02-14T10:41:44.916Z INFO webdriver: BIDI COMMAND browsingContext.locateNodes {"locator":{"type":"xpath","value":"//span[text()='User'] | //div[@role='option']//span[text()='User']"},"context":"01B881FADF613CBB2C5C0A8128380246"}
[0-0] 2026-02-14T10:41:44.925Z INFO webdriver: BIDI RESULT {"id":22,"result":{"nodes":[{"sharedId":"f.01B881FADF613CBB2C5C0A8128380246.d.2071DD73BEA79E05858CE131FD6661CB.e.19","type":"node","value":{"attributes":{"id":"radix-:r8:"},"childNodeCount":1,"localName":"span","namespaceURI":"http://www.w3.org/1999/xhtml","nodeType":1,"shadowRoot":null}}]},"type":"success"}
[0-0] 2026-02-14T10:41:44.936Z INFO webdriver: BIDI COMMAND script.callFunction {"functionDeclaration":"<Function[478 bytes] anonymous>","awaitPromise":true,"arguments":[{"sharedId":"f.01B881FADF613CBB2C5C0A8128380246.d.2071DD73BEA79E05858CE131FD6661CB.e.19"}],"target":{"context":"01B881FADF613CBB2C5C0A8128380246"}}
[0-0] 2026-02-14T10:41:44.939Z INFO webdriver: BIDI COMMAND script.callFunction {"functionDeclaration":"<Function[279 bytes] checkVisibility>","awaitPromise":true,"arguments":[{"sharedId":"f.01B881FADF613CBB2C5C0A8128380246.d.2071DD73BEA79E05858CE131FD6661CB.e.19"},{"type":"object","value":[["withinViewport",{"type":"boolean","value":false}],["contentVisibilityAuto",{"type":"boolean","value":true}],["opacityProperty",{"type":"boolean","value":true}],["visibilityProperty",{"type":"boolean","value":true}]]}],"target":{"context":"01B881FADF613CBB2C5C0A8128380246"}}
[0-0] 2026-02-14T10:41:44.966Z INFO webdriver: BIDI RESULT {"id":23,"result":{"realm":"7485290407469393629.4442745028590500104","result":{"type":"object","value":[["value",{"type":"string","value":"block"}]]},"type":"success"},"type":"success"}
[0-0] 2026-02-14T10:41:44.967Z INFO webdriver: BIDI RESULT {"id":24,"result":{"realm":"7485290407469393629.4442745028590500104","result":{"type":"boolean","value":true},"type":"success"},"type":"success"}
[0-0] 2026-02-14T10:41:44.968Z INFO webdriver: BIDI COMMAND script.callFunction {"functionDeclaration":"<Function[4336 bytes] isElementClickable>","awaitPromise":true,"arguments":[{"sharedId":"f.01B881FADF613CBB2C5C0A8128380246.d.2071DD73BEA79E05858CE131FD6661CB.e.19"}],"target":{"context":"01B881FADF613CBB2C5C0A8128380246"}}
[0-0] 2026-02-14T10:41:44.978Z INFO webdriver: BIDI RESULT {"id":25,"result":{"realm":"7485290407469393629.4442745028590500104","result":{"type":"boolean","value":true},"type":"success"},"type":"success"}
[0-0] 2026-02-14T10:41:44.979Z INFO webdriver: COMMAND elementClick("f.01B881FADF613CBB2C5C0A8128380246.d.2071DD73BEA79E05858CE131FD6661CB.e.19")
[0-0] 2026-02-14T10:41:44.980Z INFO webdriver: [POST] http://localhost:55209/session/1abd13ccdc8a2393a8c0c9fe48e76433/element/f.01B881FADF613CBB2C5C0A8128380246.d.2071DD73BEA79E05858CE131FD6661CB.e.19/click
[0-0] 2026-02-14T10:41:44.980Z INFO webdriver: DATA {}
[0-0] 2026-02-14T10:41:45.180Z INFO webdriver: RESULT null
[0-0] 2026-02-14T10:41:45.693Z INFO webdriver: BIDI COMMAND browsingContext.locateNodes {"locator":{"type":"xpath","value":"//button[@id='manager_id']//*[name()='svg'] | //button[@id='manager']//*[name()='svg']"},"context":"01B881FADF613CBB2C5C0A8128380246"}
[0-0] 2026-02-14T10:41:45.700Z INFO webdriver: BIDI RESULT {"id":26,"result":{"nodes":[{"sharedId":"f.01B881FADF613CBB2C5C0A8128380246.d.2071DD73BEA79E05858CE131FD6661CB.e.35","type":"node","value":{"attributes":{"aria-hidden":"true","class":"lucide lucide-chevron-down h-4 w-4 opacity-50","fill":"none","height":"24","stroke":"currentColor","stroke-linecap":"round","stroke-linejoin":"round","stroke-width":"2","viewBox":"0 0 24 24","width":"24","xmlns":"http://www.w3.org/2000/svg"},"childNodeCount":1,"localName":"svg","namespaceURI":"http://www.w3.org/2000/svg","nodeType":1,"shadowRoot":null}}]},"type":"success"}
[0-0] 2026-02-14T10:41:45.706Z INFO webdriver: BIDI COMMAND script.callFunction {"functionDeclaration":"<Function[478 bytes] anonymous>","awaitPromise":true,"arguments":[{"sharedId":"f.01B881FADF613CBB2C5C0A8128380246.d.2071DD73BEA79E05858CE131FD6661CB.e.35"}],"target":{"context":"01B881FADF613CBB2C5C0A8128380246"}}
[0-0] 2026-02-14T10:41:45.707Z INFO webdriver: BIDI COMMAND script.callFunction {"functionDeclaration":"<Function[279 bytes] checkVisibility>","awaitPromise":true,"arguments":[{"sharedId":"f.01B881FADF613CBB2C5C0A8128380246.d.2071DD73BEA79E05858CE131FD6661CB.e.35"},{"type":"object","value":[["withinViewport",{"type":"boolean","value":false}],["contentVisibilityAuto",{"type":"boolean","value":true}],["opacityProperty",{"type":"boolean","value":true}],["visibilityProperty",{"type":"boolean","value":true}]]}],"target":{"context":"01B881FADF613CBB2C5C0A8128380246"}}
[0-0] 2026-02-14T10:41:45.727Z INFO webdriver: BIDI RESULT {"id":27,"result":{"realm":"7485290407469393629.4442745028590500104","result":{"type":"object","value":[["value",{"type":"string","value":"block"}]]},"type":"success"},"type":"success"}
[0-0] 2026-02-14T10:41:45.728Z INFO webdriver: BIDI RESULT {"id":28,"result":{"realm":"7485290407469393629.4442745028590500104","result":{"type":"boolean","value":true},"type":"success"},"type":"success"}
[0-0] 2026-02-14T10:41:45.728Z INFO webdriver: BIDI COMMAND script.callFunction {"functionDeclaration":"<Function[4336 bytes] isElementClickable>","awaitPromise":true,"arguments":[{"sharedId":"f.01B881FADF613CBB2C5C0A8128380246.d.2071DD73BEA79E05858CE131FD6661CB.e.35"}],"target":{"context":"01B881FADF613CBB2C5C0A8128380246"}}
[0-0] 2026-02-14T10:41:45.746Z INFO webdriver: BIDI RESULT {"id":29,"result":{"realm":"7485290407469393629.4442745028590500104","result":{"type":"boolean","value":true},"type":"success"},"type":"success"}
[0-0] 2026-02-14T10:41:45.747Z INFO webdriver: BIDI COMMAND browsingContext.locateNodes {"locator":{"type":"xpath","value":"//button[@id='manager_id']//*[name()='svg'] | //button[@id='manager']//*[name()='svg']"},"context":"01B881FADF613CBB2C5C0A8128380246"}
[0-0] 2026-02-14T10:41:45.752Z INFO webdriver: BIDI RESULT {"id":30,"result":{"nodes":[{"sharedId":"f.01B881FADF613CBB2C5C0A8128380246.d.2071DD73BEA79E05858CE131FD6661CB.e.35","type":"node","value":{"attributes":{"aria-hidden":"true","class":"lucide lucide-chevron-down h-4 w-4 opacity-50","fill":"none","height":"24","stroke":"currentColor","stroke-linecap":"round","stroke-linejoin":"round","stroke-width":"2","viewBox":"0 0 24 24","width":"24","xmlns":"http://www.w3.org/2000/svg"},"childNodeCount":1,"localName":"svg","namespaceURI":"http://www.w3.org/2000/svg","nodeType":1,"shadowRoot":null}}]},"type":"success"}
[0-0] 2026-02-14T10:41:45.762Z INFO webdriver: COMMAND elementClick("f.01B881FADF613CBB2C5C0A8128380246.d.2071DD73BEA79E05858CE131FD6661CB.e.35")
[0-0] 2026-02-14T10:41:45.801Z INFO webdriver: [POST] http://localhost:55209/session/1abd13ccdc8a2393a8c0c9fe48e76433/element/f.01B881FADF613CBB2C5C0A8128380246.d.2071DD73BEA79E05858CE131FD6661CB.e.35/click
[0-0] 2026-02-14T10:41:45.803Z INFO webdriver: DATA {}
[0-0] 2026-02-14T10:41:45.956Z INFO webdriver: RESULT null
[0-0] 2026-02-14T10:41:47.051Z INFO webdriver: BIDI COMMAND browsingContext.locateNodes {"locator":{"type":"xpath","value":"//span[text()='subrat@sourceintegreta.com'] | //div[@role='option']//span[text()='subrat@sourceintegreta.com']"},"context":"01B881FADF613CBB2C5C0A8128380246"}
[0-0] 2026-02-14T10:41:47.058Z INFO webdriver: BIDI RESULT {"id":31,"result":{"nodes":[{"sharedId":"f.01B881FADF613CBB2C5C0A8128380246.d.2071DD73BEA79E05858CE131FD6661CB.e.38","type":"node","value":{"attributes":{"id":"radix-:r1h:"},"childNodeCount":1,"localName":"span","namespaceURI":"http://www.w3.org/1999/xhtml","nodeType":1,"shadowRoot":null}}]},"type":"success"}
[0-0] 2026-02-14T10:41:47.064Z INFO webdriver: BIDI COMMAND script.callFunction {"functionDeclaration":"<Function[478 bytes] anonymous>","awaitPromise":true,"arguments":[{"sharedId":"f.01B881FADF613CBB2C5C0A8128380246.d.2071DD73BEA79E05858CE131FD6661CB.e.38"}],"target":{"context":"01B881FADF613CBB2C5C0A8128380246"}}
[0-0] 2026-02-14T10:41:47.065Z INFO webdriver: BIDI COMMAND script.callFunction {"functionDeclaration":"<Function[279 bytes] checkVisibility>","awaitPromise":true,"arguments":[{"sharedId":"f.01B881FADF613CBB2C5C0A8128380246.d.2071DD73BEA79E05858CE131FD6661CB.e.38"},{"type":"object","value":[["withinViewport",{"type":"boolean","value":false}],["contentVisibilityAuto",{"type":"boolean","value":true}],["opacityProperty",{"type":"boolean","value":true}],["visibilityProperty",{"type":"boolean","value":true}]]}],"target":{"context":"01B881FADF613CBB2C5C0A8128380246"}}
[0-0] 2026-02-14T10:41:47.086Z INFO webdriver: BIDI RESULT {"id":32,"result":{"realm":"7485290407469393629.4442745028590500104","result":{"type":"object","value":[["value",{"type":"string","value":"block"}]]},"type":"success"},"type":"success"}
[0-0] 2026-02-14T10:41:47.087Z INFO webdriver: BIDI RESULT {"id":33,"result":{"realm":"7485290407469393629.4442745028590500104","result":{"type":"boolean","value":true},"type":"success"},"type":"success"}
[0-0] 2026-02-14T10:41:47.088Z INFO webdriver: BIDI COMMAND script.callFunction {"functionDeclaration":"<Function[4336 bytes] isElementClickable>","awaitPromise":true,"arguments":[{"sharedId":"f.01B881FADF613CBB2C5C0A8128380246.d.2071DD73BEA79E05858CE131FD6661CB.e.38"}],"target":{"context":"01B881FADF613CBB2C5C0A8128380246"}}
[0-0] 2026-02-14T10:41:47.097Z INFO webdriver: BIDI RESULT {"id":34,"result":{"realm":"7485290407469393629.4442745028590500104","result":{"type":"boolean","value":true},"type":"success"},"type":"success"}
[0-0] 2026-02-14T10:41:47.098Z INFO webdriver: COMMAND elementClick("f.01B881FADF613CBB2C5C0A8128380246.d.2071DD73BEA79E05858CE131FD6661CB.e.38")
[0-0] 2026-02-14T10:41:47.100Z INFO webdriver: [POST] http://localhost:55209/session/1abd13ccdc8a2393a8c0c9fe48e76433/element/f.01B881FADF613CBB2C5C0A8128380246.d.2071DD73BEA79E05858CE131FD6661CB.e.38/click
[0-0] 2026-02-14T10:41:47.100Z INFO webdriver: DATA {}
[0-0] 2026-02-14T10:41:47.167Z INFO webdriver: RESULT null
[0-0] 2026-02-14T10:41:47.677Z INFO webdriver: BIDI COMMAND browsingContext.locateNodes {"locator":{"type":"xpath","value":"//label[text()=\"Name\"]"},"context":"01B881FADF613CBB2C5C0A8128380246"}
[0-0] 2026-02-14T10:41:47.683Z INFO webdriver: BIDI RESULT {"id":35,"result":{"nodes":[{"sharedId":"f.01B881FADF613CBB2C5C0A8128380246.d.2071DD73BEA79E05858CE131FD6661CB.e.41","type":"node","value":{"attributes":{"class":"text-sm leading-none peer-disabled:cursor-not-allowed peer-disabled:opacity-70 text-card-foreground font-semibold","for":"name"},"childNodeCount":2,"localName":"label","namespaceURI":"http://www.w3.org/1999/xhtml","nodeType":1,"shadowRoot":null}}]},"type":"success"}
[0-0] 2026-02-14T10:41:47.688Z INFO webdriver: BIDI COMMAND script.callFunction {"functionDeclaration":"<Function[478 bytes] anonymous>","awaitPromise":true,"arguments":[{"sharedId":"f.01B881FADF613CBB2C5C0A8128380246.d.2071DD73BEA79E05858CE131FD6661CB.e.41"}],"target":{"context":"01B881FADF613CBB2C5C0A8128380246"}}
[0-0] 2026-02-14T10:41:47.688Z INFO webdriver: BIDI COMMAND script.callFunction {"functionDeclaration":"<Function[279 bytes] checkVisibility>","awaitPromise":true,"arguments":[{"sharedId":"f.01B881FADF613CBB2C5C0A8128380246.d.2071DD73BEA79E05858CE131FD6661CB.e.41"},{"type":"object","value":[["withinViewport",{"type":"boolean","value":false}],["contentVisibilityAuto",{"type":"boolean","value":true}],["opacityProperty",{"type":"boolean","value":true}],["visibilityProperty",{"type":"boolean","value":true}]]}],"target":{"context":"01B881FADF613CBB2C5C0A8128380246"}}
[0-0] 2026-02-14T10:41:47.704Z INFO webdriver: BIDI RESULT {"id":36,"result":{"realm":"7485290407469393629.4442745028590500104","result":{"type":"object","value":[["value",{"type":"string","value":"inline"}]]},"type":"success"},"type":"success"}
[0-0] 2026-02-14T10:41:47.706Z INFO webdriver: BIDI RESULT {"id":37,"result":{"realm":"7485290407469393629.4442745028590500104","result":{"type":"boolean","value":true},"type":"success"},"type":"success"}
[0-0] 2026-02-14T10:41:47.711Z INFO webdriver: BIDI COMMAND browsingContext.locateNodes {"locator":{"type":"xpath","value":"//input[@id=\"name\"]"},"context":"01B881FADF613CBB2C5C0A8128380246"}
[0-0] 2026-02-14T10:41:47.716Z INFO webdriver: BIDI RESULT {"id":38,"result":{"nodes":[{"sharedId":"f.01B881FADF613CBB2C5C0A8128380246.d.2071DD73BEA79E05858CE131FD6661CB.e.25","type":"node","value":{"attributes":{"class":"flex h-10 w-full rounded-md border border-input bg-background px-3 py-2 text-base ring-offset-background file:border-0 file:bg-transparent file:text-sm file:font-medium file:text-foreground placeholder:text-muted-foreground focus-visible:outline-none focus-visible:ring-2 focus-visible:ring-ring focus-visible:ring-offset-2 disabled:cursor-not-allowed disabled:opacity-50 md:text-sm","id":"name","placeholder":"Your Full Name","type":"text","value":""},"childNodeCount":0,"localName":"input","namespaceURI":"http://www.w3.org/1999/xhtml","nodeType":1,"shadowRoot":{"sharedId":"f.01B881FADF613CBB2C5C0A8128380246.d.2071DD73BEA79E05858CE131FD6661CB.e.42","type":"node","value":{"childNodeCount":2,"mode":"closed","nodeType":11}}}}]},"type":"success"}
[0-0] 2026-02-14T10:41:47.721Z INFO webdriver: COMMAND elementClear("f.01B881FADF613CBB2C5C0A8128380246.d.2071DD73BEA79E05858CE131FD6661CB.e.25")
[0-0] 2026-02-14T10:41:47.722Z INFO webdriver: [POST] http://localhost:55209/session/1abd13ccdc8a2393a8c0c9fe48e76433/element/f.01B881FADF613CBB2C5C0A8128380246.d.2071DD73BEA79E05858CE131FD6661CB.e.25/clear
[0-0] 2026-02-14T10:41:47.722Z INFO webdriver: DATA {}
[0-0] 2026-02-14T10:41:47.777Z INFO webdriver: RESULT null
[0-0] 2026-02-14T10:41:47.778Z INFO webdriver: COMMAND elementSendKeys("f.01B881FADF613CBB2C5C0A8128380246.d.2071DD73BEA79E05858CE131FD6661CB.e.25", "Test User 7899")
[0-0] 2026-02-14T10:41:47.779Z INFO webdriver: [POST] http://localhost:55209/session/1abd13ccdc8a2393a8c0c9fe48e76433/element/f.01B881FADF613CBB2C5C0A8128380246.d.2071DD73BEA79E05858CE131FD6661CB.e.25/value
[0-0] 2026-02-14T10:41:47.779Z INFO webdriver: DATA {"text":"Test User 7899"}
[0-0] 2026-02-14T10:41:47.950Z INFO webdriver: RESULT null
[0-0] 2026-02-14T10:41:47.953Z INFO webdriver: BIDI COMMAND browsingContext.locateNodes {"locator":{"type":"xpath","value":"//input[@id=\"designation\"]"},"context":"01B881FADF613CBB2C5C0A8128380246"}
[0-0] 2026-02-14T10:41:47.957Z INFO webdriver: BIDI RESULT {"id":39,"result":{"nodes":[{"sharedId":"f.01B881FADF613CBB2C5C0A8128380246.d.2071DD73BEA79E05858CE131FD6661CB.e.26","type":"node","value":{"attributes":{"class":"flex h-10 w-full rounded-md border border-input bg-background px-3 py-2 text-base ring-offset-background file:border-0 file:bg-transparent file:text-sm file:font-medium file:text-foreground placeholder:text-muted-foreground focus-visible:outline-none focus-visible:ring-2 focus-visible:ring-ring focus-visible:ring-offset-2 disabled:cursor-not-allowed disabled:opacity-50 md:text-sm","id":"designation","placeholder":"e.g., Senior Developer","type":"text","value":""},"childNodeCount":0,"localName":"input","namespaceURI":"http://www.w3.org/1999/xhtml","nodeType":1,"shadowRoot":{"sharedId":"f.01B881FADF613CBB2C5C0A8128380246.d.2071DD73BEA79E05858CE131FD6661CB.e.43","type":"node","value":{"childNodeCount":2,"mode":"closed","nodeType":11}}}}]},"type":"success"}
[0-0] 2026-02-14T10:41:47.962Z INFO webdriver: COMMAND elementClear("f.01B881FADF613CBB2C5C0A8128380246.d.2071DD73BEA79E05858CE131FD6661CB.e.26")
[0-0] 2026-02-14T10:41:47.963Z INFO webdriver: [POST] http://localhost:55209/session/1abd13ccdc8a2393a8c0c9fe48e76433/element/f.01B881FADF613CBB2C5C0A8128380246.d.2071DD73BEA79E05858CE131FD6661CB.e.26/clear
[0-0] 2026-02-14T10:41:47.963Z INFO webdriver: DATA {}
[0-0] 2026-02-14T10:41:47.996Z INFO webdriver: RESULT null
[0-0] 2026-02-14T10:41:47.997Z INFO webdriver: COMMAND elementSendKeys("f.01B881FADF613CBB2C5C0A8128380246.d.2071DD73BEA79E05858CE131FD6661CB.e.26", "Tester 7899")
[0-0] 2026-02-14T10:41:47.998Z INFO webdriver: [POST] http://localhost:55209/session/1abd13ccdc8a2393a8c0c9fe48e76433/element/f.01B881FADF613CBB2C5C0A8128380246.d.2071DD73BEA79E05858CE131FD6661CB.e.26/value
[0-0] 2026-02-14T10:41:47.998Z INFO webdriver: DATA {"text":"Tester 7899"}
[0-0] 2026-02-14T10:41:48.107Z INFO webdriver: RESULT null
[0-0] 2026-02-14T10:41:48.109Z INFO webdriver: BIDI COMMAND browsingContext.locateNodes {"locator":{"type":"xpath","value":"//button[@id='team']//*[name()='svg']"},"context":"01B881FADF613CBB2C5C0A8128380246"}
[0-0] 2026-02-14T10:41:48.114Z INFO webdriver: BIDI RESULT {"id":40,"result":{"nodes":[{"sharedId":"f.01B881FADF613CBB2C5C0A8128380246.d.2071DD73BEA79E05858CE131FD6661CB.e.44","type":"node","value":{"attributes":{"aria-hidden":"true","class":"lucide lucide-chevron-down h-4 w-4 opacity-50","fill":"none","height":"24","stroke":"currentColor","stroke-linecap":"round","stroke-linejoin":"round","stroke-width":"2","viewBox":"0 0 24 24","width":"24","xmlns":"http://www.w3.org/2000/svg"},"childNodeCount":1,"localName":"svg","namespaceURI":"http://www.w3.org/2000/svg","nodeType":1,"shadowRoot":null}}]},"type":"success"}
[0-0] 2026-02-14T10:41:48.118Z INFO webdriver: COMMAND elementClick("f.01B881FADF613CBB2C5C0A8128380246.d.2071DD73BEA79E05858CE131FD6661CB.e.44")
[0-0] 2026-02-14T10:41:48.119Z INFO webdriver: [POST] http://localhost:55209/session/1abd13ccdc8a2393a8c0c9fe48e76433/element/f.01B881FADF613CBB2C5C0A8128380246.d.2071DD73BEA79E05858CE131FD6661CB.e.44/click
[0-0] 2026-02-14T10:41:48.119Z INFO webdriver: DATA {}
[0-0] 2026-02-14T10:41:48.186Z INFO webdriver: RESULT null
[0-0] 2026-02-14T10:41:48.188Z INFO webdriver: COMMAND performActions(<object>)
[0-0] 2026-02-14T10:41:48.188Z INFO webdriver: [POST] http://localhost:55209/session/1abd13ccdc8a2393a8c0c9fe48e76433/actions
[0-0] 2026-02-14T10:41:48.188Z INFO webdriver: DATA {"actions":[{"id":"key1","type":"key","parameters":{},"actions":[{"type":"keyDown","value":"A"},{"type":"keyDown","value":"εÇç"},{"type":"pause","duration":10},{"type":"keyUp","value":"A"},{"type":"keyUp","value":"εÇç"}]}]}
[0-0] 2026-02-14T10:41:48.242Z INFO webdriver: RESULT null
[0-0] 2026-02-14T10:41:48.242Z INFO webdriver: BIDI COMMAND browsingContext.locateNodes {"locator":{"type":"xpath","value":"//input[@id=\"phone\"]"},"context":"01B881FADF613CBB2C5C0A8128380246"}
[0-0] 2026-02-14T10:41:48.248Z INFO webdriver: BIDI RESULT {"id":41,"result":{"nodes":[{"sharedId":"f.01B881FADF613CBB2C5C0A8128380246.d.2071DD73BEA79E05858CE131FD6661CB.e.27","type":"node","value":{"attributes":{"class":"flex h-10 w-full rounded-md border border-input bg-background px-3 py-2 text-base ring-offset-background file:border-0 file:bg-transparent file:text-sm file:font-medium file:text-foreground placeholder:text-muted-foreground focus-visible:outline-none focus-visible:ring-2 focus-visible:ring-ring focus-visible:ring-offset-2 disabled:cursor-not-allowed disabled:opacity-50 md:text-sm","id":"phone","placeholder":"+91 9876543210","type":"tel","value":""},"childNodeCount":0,"localName":"input","namespaceURI":"http://www.w3.org/1999/xhtml","nodeType":1,"shadowRoot":{"sharedId":"f.01B881FADF613CBB2C5C0A8128380246.d.2071DD73BEA79E05858CE131FD6661CB.e.46","type":"node","value":{"childNodeCount":2,"mode":"closed","nodeType":11}}}}]},"type":"success"}
[0-0] 2026-02-14T10:41:48.252Z INFO webdriver: COMMAND elementClear("f.01B881FADF613CBB2C5C0A8128380246.d.2071DD73BEA79E05858CE131FD6661CB.e.27")
[0-0] 2026-02-14T10:41:48.252Z INFO webdriver: [POST] http://localhost:55209/session/1abd13ccdc8a2393a8c0c9fe48e76433/element/f.01B881FADF613CBB2C5C0A8128380246.d.2071DD73BEA79E05858CE131FD6661CB.e.27/clear
[0-0] 2026-02-14T10:41:48.252Z INFO webdriver: DATA {}
[0-0] 2026-02-14T10:41:48.278Z INFO webdriver: RESULT null
[0-0] 2026-02-14T10:41:48.278Z INFO webdriver: COMMAND elementSendKeys("f.01B881FADF613CBB2C5C0A8128380246.d.2071DD73BEA79E05858CE131FD6661CB.e.27", "+919065703013")
[0-0] 2026-02-14T10:41:48.279Z INFO webdriver: [POST] http://localhost:55209/session/1abd13ccdc8a2393a8c0c9fe48e76433/element/f.01B881FADF613CBB2C5C0A8128380246.d.2071DD73BEA79E05858CE131FD6661CB.e.27/value
[0-0] 2026-02-14T10:41:48.279Z INFO webdriver: DATA {"text":"+919065703013"}
[0-0] 2026-02-14T10:41:48.388Z INFO webdriver: RESULT null
[0-0] 2026-02-14T10:41:48.389Z INFO webdriver: BIDI COMMAND browsingContext.locateNodes {"locator":{"type":"xpath","value":"//input[@id=\"email\"]"},"context":"01B881FADF613CBB2C5C0A8128380246"}
[0-0] 2026-02-14T10:41:48.394Z INFO webdriver: BIDI RESULT {"id":42,"result":{"nodes":[{"sharedId":"f.01B881FADF613CBB2C5C0A8128380246.d.2071DD73BEA79E05858CE131FD6661CB.e.28","type":"node","value":{"attributes":{"class":"flex h-10 w-full rounded-md border border-input bg-background px-3 py-2 text-base ring-offset-background file:border-0 file:bg-transparent file:text-sm file:font-medium file:text-foreground placeholder:text-muted-foreground focus-visible:outline-none focus-visible:ring-2 focus-visible:ring-ring focus-visible:ring-offset-2 disabled:cursor-not-allowed disabled:opacity-50 md:text-sm","id":"email","placeholder":"you@example.com","type":"email","value":""},"childNodeCount":0,"localName":"input","namespaceURI":"http://www.w3.org/1999/xhtml","nodeType":1,"shadowRoot":{"sharedId":"f.01B881FADF613CBB2C5C0A8128380246.d.2071DD73BEA79E05858CE131FD6661CB.e.47","type":"node","value":{"childNodeCount":2,"mode":"closed","nodeType":11}}}}]},"type":"success"}
[0-0] 2026-02-14T10:41:48.399Z INFO webdriver: COMMAND elementClear("f.01B881FADF613CBB2C5C0A8128380246.d.2071DD73BEA79E05858CE131FD6661CB.e.28")
[0-0] 2026-02-14T10:41:48.400Z INFO webdriver: [POST] http://localhost:55209/session/1abd13ccdc8a2393a8c0c9fe48e76433/element/f.01B881FADF613CBB2C5C0A8128380246.d.2071DD73BEA79E05858CE131FD6661CB.e.28/clear
[0-0] 2026-02-14T10:41:48.400Z INFO webdriver: DATA {}
[0-0] 2026-02-14T10:41:48.427Z INFO webdriver: RESULT null
[0-0] 2026-02-14T10:41:48.428Z INFO webdriver: COMMAND elementSendKeys("f.01B881FADF613CBB2C5C0A8128380246.d.2071DD73BEA79E05858CE131FD6661CB.e.28", "auto_1771065703013@yopmail.com")
[0-0] 2026-02-14T10:41:48.429Z INFO webdriver: [POST] http://localhost:55209/session/1abd13ccdc8a2393a8c0c9fe48e76433/element/f.01B881FADF613CBB2C5C0A8128380246.d.2071DD73BEA79E05858CE131FD6661CB.e.28/value
[0-0] 2026-02-14T10:41:48.429Z INFO webdriver: DATA {"text":"auto_1771065703013@yopmail.com"}
[0-0] 2026-02-14T10:41:48.663Z INFO webdriver: RESULT null
[0-0] 2026-02-14T10:41:48.664Z INFO webdriver: BIDI COMMAND browsingContext.locateNodes {"locator":{"type":"xpath","value":"//input[@id=\"password\"]"},"context":"01B881FADF613CBB2C5C0A8128380246"}
[0-0] 2026-02-14T10:41:48.672Z INFO webdriver: BIDI RESULT {"id":43,"result":{"nodes":[{"sharedId":"f.01B881FADF613CBB2C5C0A8128380246.d.2071DD73BEA79E05858CE131FD6661CB.e.30","type":"node","value":{"attributes":{"class":"flex h-10 w-full rounded-md border border-input bg-background px-3 py-2 text-base ring-offset-background file:border-0 file:bg-transparent file:text-sm file:font-medium file:text-foreground placeholder:text-muted-foreground focus-visible:outline-none focus-visible:ring-2 focus-visible:ring-ring focus-visible:ring-offset-2 disabled:cursor-not-allowed disabled:opacity-50 md:text-sm","id":"password","placeholder":"8-12 chars, 1 uppercase, 1 number, 1 special","type":"password","value":""},"childNodeCount":0,"localName":"input","namespaceURI":"http://www.w3.org/1999/xhtml","nodeType":1,"shadowRoot":{"sharedId":"f.01B881FADF613CBB2C5C0A8128380246.d.2071DD73BEA79E05858CE131FD6661CB.e.48","type":"node","value":{"childNodeCount":2,"mode":"closed","nodeType":11}}}}]},"type":"success"}
[0-0] 2026-02-14T10:41:48.678Z INFO webdriver: COMMAND elementClear("f.01B881FADF613CBB2C5C0A8128380246.d.2071DD73BEA79E05858CE131FD6661CB.e.30")
[0-0] 2026-02-14T10:41:48.679Z INFO webdriver: [POST] http://localhost:55209/session/1abd13ccdc8a2393a8c0c9fe48e76433/element/f.01B881FADF613CBB2C5C0A8128380246.d.2071DD73BEA79E05858CE131FD6661CB.e.30/clear
[0-0] 2026-02-14T10:41:48.679Z INFO webdriver: DATA {}
[0-0] 2026-02-14T10:41:48.712Z INFO webdriver: RESULT null
[0-0] 2026-02-14T10:41:48.714Z INFO webdriver: COMMAND elementSendKeys("f.01B881FADF613CBB2C5C0A8128380246.d.2071DD73BEA79E05858CE131FD6661CB.e.30", "TEST@123")
[0-0] 2026-02-14T10:41:48.715Z INFO webdriver: [POST] http://localhost:55209/session/1abd13ccdc8a2393a8c0c9fe48e76433/element/f.01B881FADF613CBB2C5C0A8128380246.d.2071DD73BEA79E05858CE131FD6661CB.e.30/value
[0-0] 2026-02-14T10:41:48.715Z INFO webdriver: DATA {"text":"TEST@123"}
[0-0] 2026-02-14T10:41:48.798Z INFO webdriver: RESULT null
[0-0] 2026-02-14T10:41:48.798Z INFO webdriver: BIDI COMMAND browsingContext.locateNodes {"locator":{"type":"xpath","value":"//input[@id=\"confirmPassword\"]"},"context":"01B881FADF613CBB2C5C0A8128380246"}
[0-0] 2026-02-14T10:41:48.802Z INFO webdriver: BIDI RESULT {"id":44,"result":{"nodes":[{"sharedId":"f.01B881FADF613CBB2C5C0A8128380246.d.2071DD73BEA79E05858CE131FD6661CB.e.31","type":"node","value":{"attributes":{"class":"flex h-10 w-full rounded-md border border-input bg-background px-3 py-2 text-base ring-offset-background file:border-0 file:bg-transparent file:text-sm file:font-medium file:text-foreground placeholder:text-muted-foreground focus-visible:outline-none focus-visible:ring-2 focus-visible:ring-ring focus-visible:ring-offset-2 disabled:cursor-not-allowed disabled:opacity-50 md:text-sm","id":"confirmPassword","placeholder":"Confirm your password","type":"password","value":""},"childNodeCount":0,"localName":"input","namespaceURI":"http://www.w3.org/1999/xhtml","nodeType":1,"shadowRoot":{"sharedId":"f.01B881FADF613CBB2C5C0A8128380246.d.2071DD73BEA79E05858CE131FD6661CB.e.49","type":"node","value":{"childNodeCount":2,"mode":"closed","nodeType":11}}}}]},"type":"success"}
[0-0] 2026-02-14T10:41:48.805Z INFO webdriver: COMMAND elementClear("f.01B881FADF613CBB2C5C0A8128380246.d.2071DD73BEA79E05858CE131FD6661CB.e.31")
[0-0] 2026-02-14T10:41:48.806Z INFO webdriver: [POST] http://localhost:55209/session/1abd13ccdc8a2393a8c0c9fe48e76433/element/f.01B881FADF613CBB2C5C0A8128380246.d.2071DD73BEA79E05858CE131FD6661CB.e.31/clear
[0-0] 2026-02-14T10:41:48.806Z INFO webdriver: DATA {}
[0-0] 2026-02-14T10:41:48.834Z INFO webdriver: RESULT null
[0-0] 2026-02-14T10:41:48.834Z INFO webdriver: COMMAND elementSendKeys("f.01B881FADF613CBB2C5C0A8128380246.d.2071DD73BEA79E05858CE131FD6661CB.e.31", "TEST@123")
[0-0] 2026-02-14T10:41:48.835Z INFO webdriver: [POST] http://localhost:55209/session/1abd13ccdc8a2393a8c0c9fe48e76433/element/f.01B881FADF613CBB2C5C0A8128380246.d.2071DD73BEA79E05858CE131FD6661CB.e.31/value
[0-0] 2026-02-14T10:41:48.835Z INFO webdriver: DATA {"text":"TEST@123"}
[0-0] 2026-02-14T10:41:48.902Z INFO webdriver: RESULT null
[0-0] 2026-02-14T10:41:49.405Z INFO webdriver: BIDI COMMAND browsingContext.locateNodes {"locator":{"type":"xpath","value":"//button[text()=\"Create Account\"]"},"context":"01B881FADF613CBB2C5C0A8128380246"}
[0-0] 2026-02-14T10:41:49.413Z INFO webdriver: BIDI RESULT {"id":45,"result":{"nodes":[{"sharedId":"f.01B881FADF613CBB2C5C0A8128380246.d.2071DD73BEA79E05858CE131FD6661CB.e.23","type":"node","value":{"attributes":{"class":"inline-flex items-center justify-center gap-2 whitespace-nowrap text-sm font-medium ring-offset-background transition-all duration-200 focus-visible:outline-none focus-visible:ring-2 focus-visible:ring-ring focus-visible:ring-offset-2 disabled:pointer-events-none disabled:opacity-50 [&_svg]:pointer-events-none [&_svg]:size-4 [&_svg]:shrink-0 bg-primary text-primary-foreground hover:bg-primary/90 shadow-sm hover:shadow-md h-11 rounded-md px-8 w-full","type":"submit"},"childNodeCount":1,"localName":"button","namespaceURI":"http://www.w3.org/1999/xhtml","nodeType":1,"shadowRoot":null}}]},"type":"success"}
[0-0] 2026-02-14T10:41:49.417Z INFO webdriver: BIDI COMMAND script.callFunction {"functionDeclaration":"<Function[478 bytes] anonymous>","awaitPromise":true,"arguments":[{"sharedId":"f.01B881FADF613CBB2C5C0A8128380246.d.2071DD73BEA79E05858CE131FD6661CB.e.23"}],"target":{"context":"01B881FADF613CBB2C5C0A8128380246"}}
[0-0] 2026-02-14T10:41:49.418Z INFO webdriver: BIDI COMMAND script.callFunction {"functionDeclaration":"<Function[279 bytes] checkVisibility>","awaitPromise":true,"arguments":[{"sharedId":"f.01B881FADF613CBB2C5C0A8128380246.d.2071DD73BEA79E05858CE131FD6661CB.e.23"},{"type":"object","value":[["withinViewport",{"type":"boolean","value":false}],["contentVisibilityAuto",{"type":"boolean","value":true}],["opacityProperty",{"type":"boolean","value":true}],["visibilityProperty",{"type":"boolean","value":true}]]}],"target":{"context":"01B881FADF613CBB2C5C0A8128380246"}}
[0-0] 2026-02-14T10:41:49.436Z INFO webdriver: BIDI RESULT {"id":46,"result":{"realm":"7485290407469393629.4442745028590500104","result":{"type":"object","value":[["value",{"type":"string","value":"inline-flex"}]]},"type":"success"},"type":"success"}
[0-0] 2026-02-14T10:41:49.437Z INFO webdriver: BIDI RESULT {"id":47,"result":{"realm":"7485290407469393629.4442745028590500104","result":{"type":"boolean","value":true},"type":"success"},"type":"success"}
[0-0] 2026-02-14T10:41:49.437Z INFO webdriver: BIDI COMMAND script.callFunction {"functionDeclaration":"<Function[4336 bytes] isElementClickable>","awaitPromise":true,"arguments":[{"sharedId":"f.01B881FADF613CBB2C5C0A8128380246.d.2071DD73BEA79E05858CE131FD6661CB.e.23"}],"target":{"context":"01B881FADF613CBB2C5C0A8128380246"}}
[0-0] 2026-02-14T10:41:49.445Z INFO webdriver: BIDI RESULT {"id":48,"result":{"realm":"7485290407469393629.4442745028590500104","result":{"type":"boolean","value":true},"type":"success"},"type":"success"}
[0-0] 2026-02-14T10:41:49.446Z INFO webdriver: BIDI COMMAND browsingContext.locateNodes {"locator":{"type":"xpath","value":"//button[text()=\"Create Account\"]"},"context":"01B881FADF613CBB2C5C0A8128380246"}
[0-0] 2026-02-14T10:41:49.450Z INFO webdriver: BIDI RESULT {"id":49,"result":{"nodes":[{"sharedId":"f.01B881FADF613CBB2C5C0A8128380246.d.2071DD73BEA79E05858CE131FD6661CB.e.23","type":"node","value":{"attributes":{"class":"inline-flex items-center justify-center gap-2 whitespace-nowrap text-sm font-medium ring-offset-background transition-all duration-200 focus-visible:outline-none focus-visible:ring-2 focus-visible:ring-ring focus-visible:ring-offset-2 disabled:pointer-events-none disabled:opacity-50 [&_svg]:pointer-events-none [&_svg]:size-4 [&_svg]:shrink-0 bg-primary text-primary-foreground hover:bg-primary/90 shadow-sm hover:shadow-md h-11 rounded-md px-8 w-full","type":"submit"},"childNodeCount":1,"localName":"button","namespaceURI":"http://www.w3.org/1999/xhtml","nodeType":1,"shadowRoot":null}}]},"type":"success"}
[0-0] 2026-02-14T10:41:49.455Z INFO webdriver: COMMAND elementClick("f.01B881FADF613CBB2C5C0A8128380246.d.2071DD73BEA79E05858CE131FD6661CB.e.23")
[0-0] 2026-02-14T10:41:49.455Z INFO webdriver: [POST] http://localhost:55209/session/1abd13ccdc8a2393a8c0c9fe48e76433/element/f.01B881FADF613CBB2C5C0A8128380246.d.2071DD73BEA79E05858CE131FD6661CB.e.23/click
[0-0] 2026-02-14T10:41:49.456Z INFO webdriver: DATA {}
[0-0] 2026-02-14T10:41:49.546Z INFO webdriver: RESULT null
[0-0] [DEBUG] Signup submitted for auto_1771065703013@yopmail.com. Waiting for success message...
[0-0] 2026-02-14T10:41:49.547Z INFO webdriver: BIDI COMMAND browsingContext.locateNodes {"locator":{"type":"xpath","value":"//h3[text()=\"Account Created Successfully!\"]"},"context":"01B881FADF613CBB2C5C0A8128380246"}
[0-0] 2026-02-14T10:41:49.552Z INFO webdriver: BIDI RESULT {"id":50,"result":{"nodes":[]},"type":"success"}
[0-0] 2026-02-14T10:41:49.555Z INFO webdriver: BIDI COMMAND browsingContext.locateNodes {"locator":{"type":"xpath","value":"//h3[text()=\"Account Created Successfully!\"]"},"context":"01B881FADF613CBB2C5C0A8128380246"}
[0-0] 2026-02-14T10:41:49.562Z INFO webdriver: BIDI RESULT {"id":51,"result":{"nodes":[]},"type":"success"}
[0-0] 2026-02-14T10:41:49.670Z INFO webdriver: BIDI COMMAND browsingContext.locateNodes {"locator":{"type":"xpath","value":"//h3[text()=\"Account Created Successfully!\"]"},"context":"01B881FADF613CBB2C5C0A8128380246"}
[0-0] 2026-02-14T10:41:49.678Z INFO webdriver: BIDI RESULT {"id":52,"result":{"nodes":[]},"type":"success"}
[0-0] 2026-02-14T10:41:49.761Z INFO webdriver: BIDI COMMAND browsingContext.locateNodes {"locator":{"type":"xpath","value":"//h3[text()=\"Account Created Successfully!\"]"},"context":"01B881FADF613CBB2C5C0A8128380246"}
[0-0] 2026-02-14T10:41:49.766Z INFO webdriver: BIDI RESULT {"id":53,"result":{"nodes":[]},"type":"success"}
[0-0] 2026-02-14T10:41:49.871Z INFO webdriver: BIDI COMMAND browsingContext.locateNodes {"locator":{"type":"xpath","value":"//h3[text()=\"Account Created Successfully!\"]"},"context":"01B881FADF613CBB2C5C0A8128380246"}
[0-0] 2026-02-14T10:41:49.880Z INFO webdriver: BIDI RESULT {"id":54,"result":{"nodes":[]},"type":"success"}
[0-0] 2026-02-14T10:41:49.961Z INFO webdriver: BIDI COMMAND browsingContext.locateNodes {"locator":{"type":"xpath","value":"//h3[text()=\"Account Created Successfully!\"]"},"context":"01B881FADF613CBB2C5C0A8128380246"}
[0-0] 2026-02-14T10:41:49.966Z INFO webdriver: BIDI RESULT {"id":55,"result":{"nodes":[]},"type":"success"}
[0-0] 2026-02-14T10:41:50.056Z INFO webdriver: BIDI COMMAND browsingContext.locateNodes {"locator":{"type":"xpath","value":"//h3[text()=\"Account Created Successfully!\"]"},"context":"01B881FADF613CBB2C5C0A8128380246"}
[0-0] 2026-02-14T10:41:50.065Z INFO webdriver: BIDI RESULT {"id":56,"result":{"nodes":[]},"type":"success"}
[0-0] 2026-02-14T10:41:50.158Z INFO webdriver: BIDI COMMAND browsingContext.locateNodes {"locator":{"type":"xpath","value":"//h3[text()=\"Account Created Successfully!\"]"},"context":"01B881FADF613CBB2C5C0A8128380246"}
[0-0] 2026-02-14T10:41:50.167Z INFO webdriver: BIDI RESULT {"id":57,"result":{"nodes":[]},"type":"success"}
[0-0] 2026-02-14T10:41:50.270Z INFO webdriver: BIDI COMMAND browsingContext.locateNodes {"locator":{"type":"xpath","value":"//h3[text()=\"Account Created Successfully!\"]"},"context":"01B881FADF613CBB2C5C0A8128380246"}
[0-0] 2026-02-14T10:41:50.277Z INFO webdriver: BIDI RESULT {"id":58,"result":{"nodes":[]},"type":"success"}
[0-0] 2026-02-14T10:41:50.370Z INFO webdriver: BIDI COMMAND browsingContext.locateNodes {"locator":{"type":"xpath","value":"//h3[text()=\"Account Created Successfully!\"]"},"context":"01B881FADF613CBB2C5C0A8128380246"}
[0-0] 2026-02-14T10:41:50.378Z INFO webdriver: BIDI RESULT {"id":59,"result":{"nodes":[]},"type":"success"}
[0-0] 2026-02-14T10:41:50.460Z INFO webdriver: BIDI COMMAND browsingContext.locateNodes {"locator":{"type":"xpath","value":"//h3[text()=\"Account Created Successfully!\"]"},"context":"01B881FADF613CBB2C5C0A8128380246"}
[0-0] 2026-02-14T10:41:50.465Z INFO webdriver: BIDI RESULT {"id":60,"result":{"nodes":[]},"type":"success"}
[0-0] 2026-02-14T10:41:50.571Z INFO webdriver: BIDI COMMAND browsingContext.locateNodes {"locator":{"type":"xpath","value":"//h3[text()=\"Account Created Successfully!\"]"},"context":"01B881FADF613CBB2C5C0A8128380246"}
[0-0] 2026-02-14T10:41:50.579Z INFO webdriver: BIDI RESULT {"id":61,"result":{"nodes":[]},"type":"success"}
[0-0] 2026-02-14T10:41:50.655Z INFO webdriver: BIDI COMMAND browsingContext.locateNodes {"locator":{"type":"xpath","value":"//h3[text()=\"Account Created Successfully!\"]"},"context":"01B881FADF613CBB2C5C0A8128380246"}
[0-0] 2026-02-14T10:41:50.663Z INFO webdriver: BIDI RESULT {"id":62,"result":{"nodes":[]},"type":"success"}
[0-0] 2026-02-14T10:41:50.763Z INFO webdriver: BIDI COMMAND browsingContext.locateNodes {"locator":{"type":"xpath","value":"//h3[text()=\"Account Created Successfully!\"]"},"context":"01B881FADF613CBB2C5C0A8128380246"}
[0-0] 2026-02-14T10:41:50.768Z INFO webdriver: BIDI RESULT {"id":63,"result":{"nodes":[]},"type":"success"}
[0-0] 2026-02-14T10:41:50.870Z INFO webdriver: BIDI COMMAND browsingContext.locateNodes {"locator":{"type":"xpath","value":"//h3[text()=\"Account Created Successfully!\"]"},"context":"01B881FADF613CBB2C5C0A8128380246"}
[0-0] 2026-02-14T10:41:50.878Z INFO webdriver: BIDI RESULT {"id":64,"result":{"nodes":[]},"type":"success"}
[0-0] 2026-02-14T10:41:50.957Z INFO webdriver: BIDI COMMAND browsingContext.locateNodes {"locator":{"type":"xpath","value":"//h3[text()=\"Account Created Successfully!\"]"},"context":"01B881FADF613CBB2C5C0A8128380246"}
[0-0] 2026-02-14T10:41:50.966Z INFO webdriver: BIDI RESULT {"id":65,"result":{"nodes":[]},"type":"success"}
[0-0] 2026-02-14T10:41:51.069Z INFO webdriver: BIDI COMMAND browsingContext.locateNodes {"locator":{"type":"xpath","value":"//h3[text()=\"Account Created Successfully!\"]"},"context":"01B881FADF613CBB2C5C0A8128380246"}
[0-0] 2026-02-14T10:41:51.074Z INFO webdriver: BIDI RESULT {"id":66,"result":{"nodes":[]},"type":"success"}
[0-0] 2026-02-14T10:41:51.157Z INFO webdriver: BIDI COMMAND browsingContext.locateNodes {"locator":{"type":"xpath","value":"//h3[text()=\"Account Created Successfully!\"]"},"context":"01B881FADF613CBB2C5C0A8128380246"}
[0-0] 2026-02-14T10:41:51.165Z INFO webdriver: BIDI RESULT {"id":67,"result":{"nodes":[{"sharedId":"f.01B881FADF613CBB2C5C0A8128380246.d.2071DD73BEA79E05858CE131FD6661CB.e.50","type":"node","value":{"attributes":{"class":"text-2xl font-semibold text-card-foreground"},"childNodeCount":1,"localName":"h3","namespaceURI":"http://www.w3.org/1999/xhtml","nodeType":1,"shadowRoot":null}}]},"type":"success"}
[0-0] 2026-02-14T10:41:51.169Z INFO webdriver: BIDI COMMAND script.callFunction {"functionDeclaration":"<Function[478 bytes] anonymous>","awaitPromise":true,"arguments":[{}],"target":{"context":"01B881FADF613CBB2C5C0A8128380246"}}
[0-0] 2026-02-14T10:41:51.169Z INFO webdriver: BIDI COMMAND script.callFunction {"functionDeclaration":"<Function[279 bytes] checkVisibility>","awaitPromise":true,"arguments":[{},{"type":"object","value":[["withinViewport",{"type":"boolean","value":false}],["contentVisibilityAuto",{"type":"boolean","value":true}],["opacityProperty",{"type":"boolean","value":true}],["visibilityProperty",{"type":"boolean","value":true}]]}],"target":{"context":"01B881FADF613CBB2C5C0A8128380246"}}
[0-0] 2026-02-14T10:41:51.173Z INFO webdriver: BIDI RESULT {"error":"invalid argument","id":68,"message":"Invalid input in \"arguments\"/0.","type":"error"}
[0-0] 2026-02-14T10:41:51.185Z INFO webdriver: BIDI RESULT {"error":"invalid argument","id":69,"message":"Invalid input in \"arguments\"/0.","type":"error"}
[0-0] 2026-02-14T10:41:51.263Z INFO webdriver: BIDI COMMAND script.callFunction {"functionDeclaration":"<Function[478 bytes] anonymous>","awaitPromise":true,"arguments":[{"sharedId":"f.01B881FADF613CBB2C5C0A8128380246.d.2071DD73BEA79E05858CE131FD6661CB.e.50"}],"target":{"context":"01B881FADF613CBB2C5C0A8128380246"}}
[0-0] 2026-02-14T10:41:51.264Z INFO webdriver: BIDI COMMAND script.callFunction {"functionDeclaration":"<Function[279 bytes] checkVisibility>","awaitPromise":true,"arguments":[{"sharedId":"f.01B881FADF613CBB2C5C0A8128380246.d.2071DD73BEA79E05858CE131FD6661CB.e.50"},{"type":"object","value":[["withinViewport",{"type":"boolean","value":false}],["contentVisibilityAuto",{"type":"boolean","value":true}],["opacityProperty",{"type":"boolean","value":true}],["visibilityProperty",{"type":"boolean","value":true}]]}],"target":{"context":"01B881FADF613CBB2C5C0A8128380246"}}
[0-0] 2026-02-14T10:41:51.286Z INFO webdriver: BIDI RESULT {"id":70,"result":{"realm":"7485290407469393629.4442745028590500104","result":{"type":"object","value":[["value",{"type":"string","value":"block"}]]},"type":"success"},"type":"success"}
[0-0] 2026-02-14T10:41:51.287Z INFO webdriver: BIDI RESULT {"id":71,"result":{"realm":"7485290407469393629.4442745028590500104","result":{"type":"boolean","value":true},"type":"success"},"type":"success"}
[0-0] 2026-02-14T10:41:51.288Z INFO webdriver: BIDI COMMAND browsingContext.locateNodes {"locator":{"type":"xpath","value":"//h3[text()=\"Account Created Successfully!\"]"},"context":"01B881FADF613CBB2C5C0A8128380246"}
[0-0] 2026-02-14T10:41:51.294Z INFO webdriver: BIDI RESULT {"id":72,"result":{"nodes":[{"sharedId":"f.01B881FADF613CBB2C5C0A8128380246.d.2071DD73BEA79E05858CE131FD6661CB.e.50","type":"node","value":{"attributes":{"class":"text-2xl font-semibold text-card-foreground"},"childNodeCount":1,"localName":"h3","namespaceURI":"http://www.w3.org/1999/xhtml","nodeType":1,"shadowRoot":null}}]},"type":"success"}
[0-0] 2026-02-14T10:41:51.297Z INFO webdriver: BIDI COMMAND script.callFunction {"functionDeclaration":"<Function[478 bytes] anonymous>","awaitPromise":true,"arguments":[{"sharedId":"f.01B881FADF613CBB2C5C0A8128380246.d.2071DD73BEA79E05858CE131FD6661CB.e.50"}],"target":{"context":"01B881FADF613CBB2C5C0A8128380246"}}
[0-0] 2026-02-14T10:41:51.298Z INFO webdriver: BIDI COMMAND script.callFunction {"functionDeclaration":"<Function[279 bytes] checkVisibility>","awaitPromise":true,"arguments":[{"sharedId":"f.01B881FADF613CBB2C5C0A8128380246.d.2071DD73BEA79E05858CE131FD6661CB.e.50"},{"type":"object","value":[["withinViewport",{"type":"boolean","value":false}],["contentVisibilityAuto",{"type":"boolean","value":true}],["opacityProperty",{"type":"boolean","value":true}],["visibilityProperty",{"type":"boolean","value":true}]]}],"target":{"context":"01B881FADF613CBB2C5C0A8128380246"}}
[0-0] 2026-02-14T10:41:51.314Z INFO webdriver: BIDI RESULT {"id":73,"result":{"realm":"7485290407469393629.4442745028590500104","result":{"type":"object","value":[["value",{"type":"string","value":"block"}]]},"type":"success"},"type":"success"}
[0-0] 2026-02-14T10:41:51.316Z INFO webdriver: BIDI RESULT {"id":74,"result":{"realm":"7485290407469393629.4442745028590500104","result":{"type":"boolean","value":true},"type":"success"},"type":"success"}
[0-0] 2026-02-14T10:41:51.317Z INFO webdriver: BIDI COMMAND browsingContext.locateNodes {"locator":{"type":"xpath","value":"//h3[text()='Sign in to AIP Dashboard']"},"context":"01B881FADF613CBB2C5C0A8128380246"}
[0-0] 2026-02-14T10:41:51.322Z INFO webdriver: BIDI RESULT {"id":75,"result":{"nodes":[]},"type":"success"}
[0-0] 2026-02-14T10:41:51.328Z INFO webdriver: BIDI COMMAND browsingContext.locateNodes {"locator":{"type":"xpath","value":"//h3[text()='Sign in to AIP Dashboard']"},"context":"01B881FADF613CBB2C5C0A8128380246"}
[0-0] 2026-02-14T10:41:51.333Z INFO webdriver: BIDI RESULT {"id":76,"result":{"nodes":[]},"type":"success"}
[0-0] 2026-02-14T10:41:51.435Z INFO webdriver: BIDI COMMAND browsingContext.locateNodes {"locator":{"type":"xpath","value":"//h3[text()='Sign in to AIP Dashboard']"},"context":"01B881FADF613CBB2C5C0A8128380246"}
[0-0] 2026-02-14T10:41:51.440Z INFO webdriver: BIDI RESULT {"id":77,"result":{"nodes":[]},"type":"success"}
[0-0] 2026-02-14T10:41:51.531Z INFO webdriver: BIDI COMMAND browsingContext.locateNodes {"locator":{"type":"xpath","value":"//h3[text()='Sign in to AIP Dashboard']"},"context":"01B881FADF613CBB2C5C0A8128380246"}
[0-0] 2026-02-14T10:41:51.537Z INFO webdriver: BIDI RESULT {"id":78,"result":{"nodes":[]},"type":"success"}
[0-0] 2026-02-14T10:41:51.643Z INFO webdriver: BIDI COMMAND browsingContext.locateNodes {"locator":{"type":"xpath","value":"//h3[text()='Sign in to AIP Dashboard']"},"context":"01B881FADF613CBB2C5C0A8128380246"}
[0-0] 2026-02-14T10:41:51.649Z INFO webdriver: BIDI RESULT {"id":79,"result":{"nodes":[]},"type":"success"}
[0-0] 2026-02-14T10:41:51.737Z INFO webdriver: BIDI COMMAND browsingContext.locateNodes {"locator":{"type":"xpath","value":"//h3[text()='Sign in to AIP Dashboard']"},"context":"01B881FADF613CBB2C5C0A8128380246"}
[0-0] 2026-02-14T10:41:51.746Z INFO webdriver: BIDI RESULT {"id":80,"result":{"nodes":[]},"type":"success"}
[0-0] 2026-02-14T10:41:51.833Z INFO webdriver: BIDI COMMAND browsingContext.locateNodes {"locator":{"type":"xpath","value":"//h3[text()='Sign in to AIP Dashboard']"},"context":"01B881FADF613CBB2C5C0A8128380246"}
[0-0] 2026-02-14T10:41:51.841Z INFO webdriver: BIDI RESULT {"id":81,"result":{"nodes":[]},"type":"success"}
[0-0] 2026-02-14T10:41:51.945Z INFO webdriver: BIDI COMMAND browsingContext.locateNodes {"locator":{"type":"xpath","value":"//h3[text()='Sign in to AIP Dashboard']"},"context":"01B881FADF613CBB2C5C0A8128380246"}
[0-0] 2026-02-14T10:41:51.951Z INFO webdriver: BIDI RESULT {"id":82,"result":{"nodes":[]},"type":"success"}
[0-0] 2026-02-14T10:41:52.037Z INFO webdriver: BIDI COMMAND browsingContext.locateNodes {"locator":{"type":"xpath","value":"//h3[text()='Sign in to AIP Dashboard']"},"context":"01B881FADF613CBB2C5C0A8128380246"}
[0-0] 2026-02-14T10:41:52.045Z INFO webdriver: BIDI RESULT {"id":83,"result":{"nodes":[]},"type":"success"}
[0-0] 2026-02-14T10:41:52.130Z INFO webdriver: BIDI COMMAND browsingContext.locateNodes {"locator":{"type":"xpath","value":"//h3[text()='Sign in to AIP Dashboard']"},"context":"01B881FADF613CBB2C5C0A8128380246"}
[0-0] 2026-02-14T10:41:52.136Z INFO webdriver: BIDI RESULT {"id":84,"result":{"nodes":[]},"type":"success"}
[0-0] 2026-02-14T10:41:52.241Z INFO webdriver: BIDI COMMAND browsingContext.locateNodes {"locator":{"type":"xpath","value":"//h3[text()='Sign in to AIP Dashboard']"},"context":"01B881FADF613CBB2C5C0A8128380246"}
[0-0] 2026-02-14T10:41:52.249Z INFO webdriver: BIDI RESULT {"id":85,"result":{"nodes":[]},"type":"success"}
[0-0] 2026-02-14T10:41:52.335Z INFO webdriver: BIDI COMMAND browsingContext.locateNodes {"locator":{"type":"xpath","value":"//h3[text()='Sign in to AIP Dashboard']"},"context":"01B881FADF613CBB2C5C0A8128380246"}
[0-0] 2026-02-14T10:41:52.344Z INFO webdriver: BIDI RESULT {"id":86,"result":{"nodes":[]},"type":"success"}
[0-0] 2026-02-14T10:41:52.430Z INFO webdriver: BIDI COMMAND browsingContext.locateNodes {"locator":{"type":"xpath","value":"//h3[text()='Sign in to AIP Dashboard']"},"context":"01B881FADF613CBB2C5C0A8128380246"}
[0-0] 2026-02-14T10:41:52.435Z INFO webdriver: BIDI RESULT {"id":87,"result":{"nodes":[]},"type":"success"}
[0-0] 2026-02-14T10:41:52.529Z INFO webdriver: BIDI COMMAND browsingContext.locateNodes {"locator":{"type":"xpath","value":"//h3[text()='Sign in to AIP Dashboard']"},"context":"01B881FADF613CBB2C5C0A8128380246"}
[0-0] 2026-02-14T10:41:52.536Z INFO webdriver: BIDI RESULT {"id":88,"result":{"nodes":[]},"type":"success"}
[0-0] 2026-02-14T10:41:52.636Z INFO webdriver: BIDI COMMAND browsingContext.locateNodes {"locator":{"type":"xpath","value":"//h3[text()='Sign in to AIP Dashboard']"},"context":"01B881FADF613CBB2C5C0A8128380246"}
[0-0] 2026-02-14T10:41:52.644Z INFO webdriver: BIDI RESULT {"id":89,"result":{"nodes":[]},"type":"success"}
[0-0] 2026-02-14T10:41:52.731Z INFO webdriver: BIDI COMMAND browsingContext.locateNodes {"locator":{"type":"xpath","value":"//h3[text()='Sign in to AIP Dashboard']"},"context":"01B881FADF613CBB2C5C0A8128380246"}
[0-0] 2026-02-14T10:41:52.737Z INFO webdriver: BIDI RESULT {"id":90,"result":{"nodes":[]},"type":"success"}
[0-0] 2026-02-14T10:41:52.843Z INFO webdriver: BIDI COMMAND browsingContext.locateNodes {"locator":{"type":"xpath","value":"//h3[text()='Sign in to AIP Dashboard']"},"context":"01B881FADF613CBB2C5C0A8128380246"}
[0-0] 2026-02-14T10:41:52.850Z INFO webdriver: BIDI RESULT {"id":91,"result":{"nodes":[]},"type":"success"}
[0-0] 2026-02-14T10:41:52.937Z INFO webdriver: BIDI COMMAND browsingContext.locateNodes {"locator":{"type":"xpath","value":"//h3[text()='Sign in to AIP Dashboard']"},"context":"01B881FADF613CBB2C5C0A8128380246"}
[0-0] 2026-02-14T10:41:52.943Z INFO webdriver: BIDI RESULT {"id":92,"result":{"nodes":[]},"type":"success"}
[0-0] 2026-02-14T10:41:53.033Z INFO webdriver: BIDI COMMAND browsingContext.locateNodes {"locator":{"type":"xpath","value":"//h3[text()='Sign in to AIP Dashboard']"},"context":"01B881FADF613CBB2C5C0A8128380246"}
[0-0] 2026-02-14T10:41:53.039Z INFO webdriver: BIDI RESULT {"id":93,"result":{"nodes":[]},"type":"success"}
[0-0] 2026-02-14T10:41:53.131Z INFO webdriver: BIDI COMMAND browsingContext.locateNodes {"locator":{"type":"xpath","value":"//h3[text()='Sign in to AIP Dashboard']"},"context":"01B881FADF613CBB2C5C0A8128380246"}
[0-0] 2026-02-14T10:41:53.153Z INFO webdriver: BIDI RESULT {"id":94,"result":{"nodes":[{"sharedId":"f.01B881FADF613CBB2C5C0A8128380246.d.2071DD73BEA79E05858CE131FD6661CB.e.58","type":"node","value":{"attributes":{"class":"tracking-tight text-2xl font-bold text-card-foreground"},"childNodeCount":1,"localName":"h3","namespaceURI":"http://www.w3.org/1999/xhtml","nodeType":1,"shadowRoot":null}}]},"type":"success"}
[0-0] 2026-02-14T10:41:53.160Z INFO webdriver: BIDI COMMAND script.callFunction {"functionDeclaration":"<Function[478 bytes] anonymous>","awaitPromise":true,"arguments":[{}],"target":{"context":"01B881FADF613CBB2C5C0A8128380246"}}
[0-0] 2026-02-14T10:41:53.163Z INFO webdriver: BIDI COMMAND script.callFunction {"functionDeclaration":"<Function[279 bytes] checkVisibility>","awaitPromise":true,"arguments":[{},{"type":"object","value":[["withinViewport",{"type":"boolean","value":false}],["contentVisibilityAuto",{"type":"boolean","value":true}],["opacityProperty",{"type":"boolean","value":true}],["visibilityProperty",{"type":"boolean","value":true}]]}],"target":{"context":"01B881FADF613CBB2C5C0A8128380246"}}
[0-0] 2026-02-14T10:41:53.169Z INFO webdriver: BIDI RESULT {"error":"invalid argument","id":95,"message":"Invalid input in \"arguments\"/0.","type":"error"}
[0-0] 2026-02-14T10:41:53.183Z INFO webdriver: BIDI RESULT {"error":"invalid argument","id":96,"message":"Invalid input in \"arguments\"/0.","type":"error"}
[0-0] 2026-02-14T10:41:53.229Z INFO webdriver: BIDI COMMAND script.callFunction {"functionDeclaration":"<Function[478 bytes] anonymous>","awaitPromise":true,"arguments":[{"sharedId":"f.01B881FADF613CBB2C5C0A8128380246.d.2071DD73BEA79E05858CE131FD6661CB.e.58"}],"target":{"context":"01B881FADF613CBB2C5C0A8128380246"}}
[0-0] 2026-02-14T10:41:53.230Z INFO webdriver: BIDI COMMAND script.callFunction {"functionDeclaration":"<Function[279 bytes] checkVisibility>","awaitPromise":true,"arguments":[{"sharedId":"f.01B881FADF613CBB2C5C0A8128380246.d.2071DD73BEA79E05858CE131FD6661CB.e.58"},{"type":"object","value":[["withinViewport",{"type":"boolean","value":false}],["contentVisibilityAuto",{"type":"boolean","value":true}],["opacityProperty",{"type":"boolean","value":true}],["visibilityProperty",{"type":"boolean","value":true}]]}],"target":{"context":"01B881FADF613CBB2C5C0A8128380246"}}
[0-0] 2026-02-14T10:41:53.248Z INFO webdriver: BIDI RESULT {"id":97,"result":{"realm":"7485290407469393629.4442745028590500104","result":{"type":"object","value":[["value",{"type":"string","value":"block"}]]},"type":"success"},"type":"success"}
[0-0] 2026-02-14T10:41:53.249Z INFO webdriver: BIDI RESULT {"id":98,"result":{"realm":"7485290407469393629.4442745028590500104","result":{"type":"boolean","value":true},"type":"success"},"type":"success"}
[0-0] 2026-02-14T10:41:53.250Z INFO webdriver: BIDI COMMAND browsingContext.locateNodes {"locator":{"type":"xpath","value":"//h3[text()='Sign in to AIP Dashboard']"},"context":"01B881FADF613CBB2C5C0A8128380246"}
[0-0] 2026-02-14T10:41:53.254Z INFO webdriver: BIDI RESULT {"id":99,"result":{"nodes":[{"sharedId":"f.01B881FADF613CBB2C5C0A8128380246.d.2071DD73BEA79E05858CE131FD6661CB.e.58","type":"node","value":{"attributes":{"class":"tracking-tight text-2xl font-bold text-card-foreground"},"childNodeCount":1,"localName":"h3","namespaceURI":"http://www.w3.org/1999/xhtml","nodeType":1,"shadowRoot":null}}]},"type":"success"}
[0-0] 2026-02-14T10:41:53.257Z INFO webdriver: BIDI COMMAND script.callFunction {"functionDeclaration":"<Function[478 bytes] anonymous>","awaitPromise":true,"arguments":[{"sharedId":"f.01B881FADF613CBB2C5C0A8128380246.d.2071DD73BEA79E05858CE131FD6661CB.e.58"}],"target":{"context":"01B881FADF613CBB2C5C0A8128380246"}}
[0-0] 2026-02-14T10:41:53.257Z INFO webdriver: BIDI COMMAND script.callFunction {"functionDeclaration":"<Function[279 bytes] checkVisibility>","awaitPromise":true,"arguments":[{"sharedId":"f.01B881FADF613CBB2C5C0A8128380246.d.2071DD73BEA79E05858CE131FD6661CB.e.58"},{"type":"object","value":[["withinViewport",{"type":"boolean","value":false}],["contentVisibilityAuto",{"type":"boolean","value":true}],["opacityProperty",{"type":"boolean","value":true}],["visibilityProperty",{"type":"boolean","value":true}]]}],"target":{"context":"01B881FADF613CBB2C5C0A8128380246"}}
[0-0] 2026-02-14T10:41:53.272Z INFO webdriver: BIDI RESULT {"id":100,"result":{"realm":"7485290407469393629.4442745028590500104","result":{"type":"object","value":[["value",{"type":"string","value":"block"}]]},"type":"success"},"type":"success"}
[0-0] 2026-02-14T10:41:53.273Z INFO webdriver: BIDI RESULT {"id":101,"result":{"realm":"7485290407469393629.4442745028590500104","result":{"type":"boolean","value":true},"type":"success"},"type":"success"}
[0-0] 2026-02-14T10:41:53.276Z INFO webdriver: BIDI COMMAND browsingContext.locateNodes {"locator":{"type":"css","value":"#role"},"context":"01B881FADF613CBB2C5C0A8128380246"}
[0-0] 2026-02-14T10:41:53.280Z INFO webdriver: BIDI RESULT {"id":102,"result":{"nodes":[{"sharedId":"f.01B881FADF613CBB2C5C0A8128380246.d.2071DD73BEA79E05858CE131FD6661CB.e.57","type":"node","value":{"attributes":{"aria-autocomplete":"none","aria-controls":"radix-:r3k:","aria-expanded":"false","aria-label":"Select your role","aria-required":"true","class":"flex h-10 items-center justify-between rounded-md border border-input bg-background px-3 py-2 text-sm ring-offset-background placeholder:text-muted-foreground focus:outline-none focus:ring-2 focus:ring-ring focus:ring-offset-2 disabled:cursor-not-allowed disabled:opacity-50 [&>span]:line-clamp-1 w-full","data-placeholder":"","data-state":"closed","dir":"ltr","id":"role","role":"combobox","type":"button"},"childNodeCount":2,"localName":"button","namespaceURI":"http://www.w3.org/1999/xhtml","nodeType":1,"shadowRoot":null}}]},"type":"success"}
[0-0] 2026-02-14T10:41:53.283Z INFO webdriver: BIDI COMMAND script.callFunction {"functionDeclaration":"<Function[478 bytes] anonymous>","awaitPromise":true,"arguments":[{"sharedId":"f.01B881FADF613CBB2C5C0A8128380246.d.2071DD73BEA79E05858CE131FD6661CB.e.57"}],"target":{"context":"01B881FADF613CBB2C5C0A8128380246"}}
[0-0] 2026-02-14T10:41:53.284Z INFO webdriver: BIDI COMMAND script.callFunction {"functionDeclaration":"<Function[279 bytes] checkVisibility>","awaitPromise":true,"arguments":[{"sharedId":"f.01B881FADF613CBB2C5C0A8128380246.d.2071DD73BEA79E05858CE131FD6661CB.e.57"},{"type":"object","value":[["withinViewport",{"type":"boolean","value":false}],["contentVisibilityAuto",{"type":"boolean","value":true}],["opacityProperty",{"type":"boolean","value":true}],["visibilityProperty",{"type":"boolean","value":true}]]}],"target":{"context":"01B881FADF613CBB2C5C0A8128380246"}}
[0-0] 2026-02-14T10:41:53.298Z INFO webdriver: BIDI RESULT {"id":103,"result":{"realm":"7485290407469393629.4442745028590500104","result":{"type":"object","value":[["value",{"type":"string","value":"flex"}]]},"type":"success"},"type":"success"}
[0-0] 2026-02-14T10:41:53.298Z INFO webdriver: BIDI RESULT {"id":104,"result":{"realm":"7485290407469393629.4442745028590500104","result":{"type":"boolean","value":true},"type":"success"},"type":"success"}
[0-0] 2026-02-14T10:41:53.299Z INFO webdriver: BIDI COMMAND browsingContext.locateNodes {"locator":{"type":"css","value":"#role"},"context":"01B881FADF613CBB2C5C0A8128380246"}
[0-0] 2026-02-14T10:41:53.303Z INFO webdriver: BIDI RESULT {"id":105,"result":{"nodes":[{"sharedId":"f.01B881FADF613CBB2C5C0A8128380246.d.2071DD73BEA79E05858CE131FD6661CB.e.57","type":"node","value":{"attributes":{"aria-autocomplete":"none","aria-controls":"radix-:r3k:","aria-expanded":"false","aria-label":"Select your role","aria-required":"true","class":"flex h-10 items-center justify-between rounded-md border border-input bg-background px-3 py-2 text-sm ring-offset-background placeholder:text-muted-foreground focus:outline-none focus:ring-2 focus:ring-ring focus:ring-offset-2 disabled:cursor-not-allowed disabled:opacity-50 [&>span]:line-clamp-1 w-full","data-placeholder":"","data-state":"closed","dir":"ltr","id":"role","role":"combobox","type":"button"},"childNodeCount":2,"localName":"button","namespaceURI":"http://www.w3.org/1999/xhtml","nodeType":1,"shadowRoot":null}}]},"type":"success"}
[0-0] 2026-02-14T10:41:53.306Z INFO webdriver: BIDI COMMAND script.callFunction {"functionDeclaration":"<Function[478 bytes] anonymous>","awaitPromise":true,"arguments":[{"sharedId":"f.01B881FADF613CBB2C5C0A8128380246.d.2071DD73BEA79E05858CE131FD6661CB.e.57"}],"target":{"context":"01B881FADF613CBB2C5C0A8128380246"}}
[0-0] 2026-02-14T10:41:53.307Z INFO webdriver: BIDI COMMAND script.callFunction {"functionDeclaration":"<Function[279 bytes] checkVisibility>","awaitPromise":true,"arguments":[{"sharedId":"f.01B881FADF613CBB2C5C0A8128380246.d.2071DD73BEA79E05858CE131FD6661CB.e.57"},{"type":"object","value":[["withinViewport",{"type":"boolean","value":false}],["contentVisibilityAuto",{"type":"boolean","value":true}],["opacityProperty",{"type":"boolean","value":true}],["visibilityProperty",{"type":"boolean","value":true}]]}],"target":{"context":"01B881FADF613CBB2C5C0A8128380246"}}
[0-0] 2026-02-14T10:41:53.322Z INFO webdriver: BIDI RESULT {"id":106,"result":{"realm":"7485290407469393629.4442745028590500104","result":{"type":"object","value":[["value",{"type":"string","value":"flex"}]]},"type":"success"},"type":"success"}
[0-0] 2026-02-14T10:41:53.323Z INFO webdriver: BIDI RESULT {"id":107,"result":{"realm":"7485290407469393629.4442745028590500104","result":{"type":"boolean","value":true},"type":"success"},"type":"success"}
[0-0] 2026-02-14T10:41:53.323Z INFO webdriver: BIDI COMMAND script.callFunction {"functionDeclaration":"<Function[4336 bytes] isElementClickable>","awaitPromise":true,"arguments":[{"sharedId":"f.01B881FADF613CBB2C5C0A8128380246.d.2071DD73BEA79E05858CE131FD6661CB.e.57"}],"target":{"context":"01B881FADF613CBB2C5C0A8128380246"}}
[0-0] 2026-02-14T10:41:53.329Z INFO webdriver: BIDI RESULT {"id":108,"result":{"realm":"7485290407469393629.4442745028590500104","result":{"type":"boolean","value":true},"type":"success"},"type":"success"}
[0-0] 2026-02-14T10:41:53.330Z INFO webdriver: BIDI COMMAND browsingContext.locateNodes {"locator":{"type":"css","value":"#role"},"context":"01B881FADF613CBB2C5C0A8128380246"}
[0-0] 2026-02-14T10:41:53.333Z INFO webdriver: BIDI RESULT {"id":109,"result":{"nodes":[{"sharedId":"f.01B881FADF613CBB2C5C0A8128380246.d.2071DD73BEA79E05858CE131FD6661CB.e.57","type":"node","value":{"attributes":{"aria-autocomplete":"none","aria-controls":"radix-:r3k:","aria-expanded":"false","aria-label":"Select your role","aria-required":"true","class":"flex h-10 items-center justify-between rounded-md border border-input bg-background px-3 py-2 text-sm ring-offset-background placeholder:text-muted-foreground focus:outline-none focus:ring-2 focus:ring-ring focus:ring-offset-2 disabled:cursor-not-allowed disabled:opacity-50 [&>span]:line-clamp-1 w-full","data-placeholder":"","data-state":"closed","dir":"ltr","id":"role","role":"combobox","type":"button"},"childNodeCount":2,"localName":"button","namespaceURI":"http://www.w3.org/1999/xhtml","nodeType":1,"shadowRoot":null}}]},"type":"success"}
[0-0] 2026-02-14T10:41:53.337Z INFO webdriver: COMMAND elementClick("f.01B881FADF613CBB2C5C0A8128380246.d.2071DD73BEA79E05858CE131FD6661CB.e.57")
[0-0] 2026-02-14T10:41:53.337Z INFO webdriver: [POST] http://localhost:55209/session/1abd13ccdc8a2393a8c0c9fe48e76433/element/f.01B881FADF613CBB2C5C0A8128380246.d.2071DD73BEA79E05858CE131FD6661CB.e.57/click
[0-0] 2026-02-14T10:41:53.337Z INFO webdriver: DATA {}
[0-0] 2026-02-14T10:41:53.401Z INFO webdriver: RESULT null
[0-0] 2026-02-14T10:41:53.402Z INFO webdriver: BIDI COMMAND browsingContext.locateNodes {"locator":{"type":"xpath","value":"//span[text()=\"Manager\"]"},"context":"01B881FADF613CBB2C5C0A8128380246"}
[0-0] 2026-02-14T10:41:53.406Z INFO webdriver: BIDI RESULT {"id":110,"result":{"nodes":[{"sharedId":"f.01B881FADF613CBB2C5C0A8128380246.d.2071DD73BEA79E05858CE131FD6661CB.e.60","type":"node","value":{"attributes":{"id":"radix-:r3p:"},"childNodeCount":1,"localName":"span","namespaceURI":"http://www.w3.org/1999/xhtml","nodeType":1,"shadowRoot":null}}]},"type":"success"}
[0-0] 2026-02-14T10:41:53.412Z INFO webdriver: COMMAND elementClick("f.01B881FADF613CBB2C5C0A8128380246.d.2071DD73BEA79E05858CE131FD6661CB.e.60")
[0-0] 2026-02-14T10:41:53.412Z INFO webdriver: [POST] http://localhost:55209/session/1abd13ccdc8a2393a8c0c9fe48e76433/element/f.01B881FADF613CBB2C5C0A8128380246.d.2071DD73BEA79E05858CE131FD6661CB.e.60/click
[0-0] 2026-02-14T10:41:53.412Z INFO webdriver: DATA {}
[0-0] 2026-02-14T10:41:53.480Z INFO webdriver: RESULT null
[0-0] 2026-02-14T10:41:53.481Z INFO webdriver: BIDI COMMAND browsingContext.locateNodes {"locator":{"type":"xpath","value":"//input[@id=\"email\"]"},"context":"01B881FADF613CBB2C5C0A8128380246"}
[0-0] 2026-02-14T10:41:53.485Z INFO webdriver: BIDI RESULT {"id":111,"result":{"nodes":[{"sharedId":"f.01B881FADF613CBB2C5C0A8128380246.d.2071DD73BEA79E05858CE131FD6661CB.e.55","type":"node","value":{"attributes":{"aria-label":"Email or username","class":"flex h-10 rounded-md border border-input bg-background px-3 py-2 text-base ring-offset-background file:border-0 file:bg-transparent file:text-sm file:font-medium file:text-foreground placeholder:text-muted-foreground focus-visible:outline-none focus-visible:ring-2 focus-visible:ring-ring focus-visible:ring-offset-2 disabled:cursor-not-allowed disabled:opacity-50 md:text-sm w-full","id":"email","placeholder":"you@example.com","required":"","type":"text","value":""},"childNodeCount":0,"localName":"input","namespaceURI":"http://www.w3.org/1999/xhtml","nodeType":1,"shadowRoot":{"sharedId":"f.01B881FADF613CBB2C5C0A8128380246.d.2071DD73BEA79E05858CE131FD6661CB.e.61","type":"node","value":{"childNodeCount":2,"mode":"closed","nodeType":11}}}}]},"type":"success"}
[0-0] 2026-02-14T10:41:53.488Z INFO webdriver: COMMAND elementClear("f.01B881FADF613CBB2C5C0A8128380246.d.2071DD73BEA79E05858CE131FD6661CB.e.55")
[0-0] 2026-02-14T10:41:53.489Z INFO webdriver: [POST] http://localhost:55209/session/1abd13ccdc8a2393a8c0c9fe48e76433/element/f.01B881FADF613CBB2C5C0A8128380246.d.2071DD73BEA79E05858CE131FD6661CB.e.55/clear
[0-0] 2026-02-14T10:41:53.489Z INFO webdriver: DATA {}
[0-0] 2026-02-14T10:41:53.514Z INFO webdriver: RESULT null
[0-0] 2026-02-14T10:41:53.515Z INFO webdriver: COMMAND elementSendKeys("f.01B881FADF613CBB2C5C0A8128380246.d.2071DD73BEA79E05858CE131FD6661CB.e.55", "subrat@sourceintegreta.com")
[0-0] 2026-02-14T10:41:53.515Z INFO webdriver: [POST] http://localhost:55209/session/1abd13ccdc8a2393a8c0c9fe48e76433/element/f.01B881FADF613CBB2C5C0A8128380246.d.2071DD73BEA79E05858CE131FD6661CB.e.55/value
[0-0] 2026-02-14T10:41:53.516Z INFO webdriver: DATA {"text":"subrat@sourceintegreta.com"}
[0-0] 2026-02-14T10:41:53.632Z INFO webdriver: RESULT null
[0-0] 2026-02-14T10:41:53.633Z INFO webdriver: BIDI COMMAND browsingContext.locateNodes {"locator":{"type":"xpath","value":"//input[@id=\"password\"]"},"context":"01B881FADF613CBB2C5C0A8128380246"}
[0-0] 2026-02-14T10:41:53.637Z INFO webdriver: BIDI RESULT {"id":112,"result":{"nodes":[{"sharedId":"f.01B881FADF613CBB2C5C0A8128380246.d.2071DD73BEA79E05858CE131FD6661CB.e.56","type":"node","value":{"attributes":{"aria-label":"Password","class":"flex h-10 rounded-md border border-input bg-background px-3 py-2 text-base ring-offset-background file:border-0 file:bg-transparent file:text-sm file:font-medium file:text-foreground placeholder:text-muted-foreground focus-visible:outline-none focus-visible:ring-2 focus-visible:ring-ring focus-visible:ring-offset-2 disabled:cursor-not-allowed disabled:opacity-50 md:text-sm w-full","id":"password","placeholder":"********","required":"","type":"password","value":""},"childNodeCount":0,"localName":"input","namespaceURI":"http://www.w3.org/1999/xhtml","nodeType":1,"shadowRoot":{"sharedId":"f.01B881FADF613CBB2C5C0A8128380246.d.2071DD73BEA79E05858CE131FD6661CB.e.62","type":"node","value":{"childNodeCount":2,"mode":"closed","nodeType":11}}}}]},"type":"success"}
[0-0] 2026-02-14T10:41:53.640Z INFO webdriver: COMMAND elementClear("f.01B881FADF613CBB2C5C0A8128380246.d.2071DD73BEA79E05858CE131FD6661CB.e.56")
[0-0] 2026-02-14T10:41:53.641Z INFO webdriver: [POST] http://localhost:55209/session/1abd13ccdc8a2393a8c0c9fe48e76433/element/f.01B881FADF613CBB2C5C0A8128380246.d.2071DD73BEA79E05858CE131FD6661CB.e.56/clear
[0-0] 2026-02-14T10:41:53.641Z INFO webdriver: DATA {}
[0-0] 2026-02-14T10:41:53.668Z INFO webdriver: RESULT null
[0-0] 2026-02-14T10:41:53.669Z INFO webdriver: COMMAND elementSendKeys("f.01B881FADF613CBB2C5C0A8128380246.d.2071DD73BEA79E05858CE131FD6661CB.e.56", "Bubun@1245")
[0-0] 2026-02-14T10:41:53.670Z INFO webdriver: [POST] http://localhost:55209/session/1abd13ccdc8a2393a8c0c9fe48e76433/element/f.01B881FADF613CBB2C5C0A8128380246.d.2071DD73BEA79E05858CE131FD6661CB.e.56/value
[0-0] 2026-02-14T10:41:53.670Z INFO webdriver: DATA {"text":"Bubun@1245"}
[0-0] 2026-02-14T10:41:53.740Z INFO webdriver: RESULT null
[0-0] 2026-02-14T10:41:53.740Z INFO webdriver: BIDI COMMAND browsingContext.locateNodes {"locator":{"type":"xpath","value":"//a[text()=\"Forgot password?\"]"},"context":"01B881FADF613CBB2C5C0A8128380246"}
[0-0] 2026-02-14T10:41:53.746Z INFO webdriver: BIDI RESULT {"id":113,"result":{"nodes":[{"sharedId":"f.01B881FADF613CBB2C5C0A8128380246.d.2071DD73BEA79E05858CE131FD6661CB.e.63","type":"node","value":{"attributes":{"aria-label":"Forgot password","class":"text-primary hover:text-primary/80 underline","href":"/forgot-password"},"childNodeCount":1,"localName":"a","namespaceURI":"http://www.w3.org/1999/xhtml","nodeType":1,"shadowRoot":null}}]},"type":"success"}
[0-0] 2026-02-14T10:41:53.750Z INFO webdriver: BIDI COMMAND script.callFunction {"functionDeclaration":"<Function[478 bytes] anonymous>","awaitPromise":true,"arguments":[{"sharedId":"f.01B881FADF613CBB2C5C0A8128380246.d.2071DD73BEA79E05858CE131FD6661CB.e.63"}],"target":{"context":"01B881FADF613CBB2C5C0A8128380246"}}
[0-0] 2026-02-14T10:41:53.751Z INFO webdriver: BIDI COMMAND script.callFunction {"functionDeclaration":"<Function[279 bytes] checkVisibility>","awaitPromise":true,"arguments":[{"sharedId":"f.01B881FADF613CBB2C5C0A8128380246.d.2071DD73BEA79E05858CE131FD6661CB.e.63"},{"type":"object","value":[["withinViewport",{"type":"boolean","value":false}],["contentVisibilityAuto",{"type":"boolean","value":true}],["opacityProperty",{"type":"boolean","value":true}],["visibilityProperty",{"type":"boolean","value":true}]]}],"target":{"context":"01B881FADF613CBB2C5C0A8128380246"}}
[0-0] 2026-02-14T10:41:53.771Z INFO webdriver: BIDI RESULT {"id":114,"result":{"realm":"7485290407469393629.4442745028590500104","result":{"type":"object","value":[["value",{"type":"string","value":"inline"}]]},"type":"success"},"type":"success"}
[0-0] 2026-02-14T10:41:53.772Z INFO webdriver: BIDI RESULT {"id":115,"result":{"realm":"7485290407469393629.4442745028590500104","result":{"type":"boolean","value":true},"type":"success"},"type":"success"}
[0-0] 2026-02-14T10:41:53.772Z INFO webdriver: BIDI COMMAND script.callFunction {"functionDeclaration":"<Function[4336 bytes] isElementClickable>","awaitPromise":true,"arguments":[{"sharedId":"f.01B881FADF613CBB2C5C0A8128380246.d.2071DD73BEA79E05858CE131FD6661CB.e.63"}],"target":{"context":"01B881FADF613CBB2C5C0A8128380246"}}
[0-0] 2026-02-14T10:41:53.778Z INFO webdriver: BIDI RESULT {"id":116,"result":{"realm":"7485290407469393629.4442745028590500104","result":{"type":"boolean","value":true},"type":"success"},"type":"success"}
[0-0] 2026-02-14T10:41:53.779Z INFO webdriver: BIDI COMMAND browsingContext.locateNodes {"locator":{"type":"xpath","value":"//a[text()=\"Sign up\"]"},"context":"01B881FADF613CBB2C5C0A8128380246"}
[0-0] 2026-02-14T10:41:53.782Z INFO webdriver: BIDI RESULT {"id":117,"result":{"nodes":[{"sharedId":"f.01B881FADF613CBB2C5C0A8128380246.d.2071DD73BEA79E05858CE131FD6661CB.e.64","type":"node","value":{"attributes":{"class":"text-primary hover:text-primary/80 underline font-medium","href":"/signup"},"childNodeCount":1,"localName":"a","namespaceURI":"http://www.w3.org/1999/xhtml","nodeType":1,"shadowRoot":null}}]},"type":"success"}
[0-0] 2026-02-14T10:41:53.785Z INFO webdriver: BIDI COMMAND script.callFunction {"functionDeclaration":"<Function[478 bytes] anonymous>","awaitPromise":true,"arguments":[{"sharedId":"f.01B881FADF613CBB2C5C0A8128380246.d.2071DD73BEA79E05858CE131FD6661CB.e.64"}],"target":{"context":"01B881FADF613CBB2C5C0A8128380246"}}
[0-0] 2026-02-14T10:41:53.786Z INFO webdriver: BIDI COMMAND script.callFunction {"functionDeclaration":"<Function[279 bytes] checkVisibility>","awaitPromise":true,"arguments":[{"sharedId":"f.01B881FADF613CBB2C5C0A8128380246.d.2071DD73BEA79E05858CE131FD6661CB.e.64"},{"type":"object","value":[["withinViewport",{"type":"boolean","value":false}],["contentVisibilityAuto",{"type":"boolean","value":true}],["opacityProperty",{"type":"boolean","value":true}],["visibilityProperty",{"type":"boolean","value":true}]]}],"target":{"context":"01B881FADF613CBB2C5C0A8128380246"}}
[0-0] 2026-02-14T10:41:53.800Z INFO webdriver: BIDI RESULT {"id":118,"result":{"realm":"7485290407469393629.4442745028590500104","result":{"type":"object","value":[["value",{"type":"string","value":"inline"}]]},"type":"success"},"type":"success"}
[0-0] 2026-02-14T10:41:53.801Z INFO webdriver: BIDI RESULT {"id":119,"result":{"realm":"7485290407469393629.4442745028590500104","result":{"type":"boolean","value":true},"type":"success"},"type":"success"}
[0-0] 2026-02-14T10:41:53.801Z INFO webdriver: BIDI COMMAND script.callFunction {"functionDeclaration":"<Function[4336 bytes] isElementClickable>","awaitPromise":true,"arguments":[{"sharedId":"f.01B881FADF613CBB2C5C0A8128380246.d.2071DD73BEA79E05858CE131FD6661CB.e.64"}],"target":{"context":"01B881FADF613CBB2C5C0A8128380246"}}
[0-0] 2026-02-14T10:41:53.806Z INFO webdriver: BIDI RESULT {"id":120,"result":{"realm":"7485290407469393629.4442745028590500104","result":{"type":"boolean","value":true},"type":"success"},"type":"success"}
[0-0] 2026-02-14T10:41:53.807Z INFO webdriver: BIDI COMMAND browsingContext.locateNodes {"locator":{"type":"xpath","value":"//button[text()=\"Continue\"]"},"context":"01B881FADF613CBB2C5C0A8128380246"}
[0-0] 2026-02-14T10:41:53.813Z INFO webdriver: BIDI RESULT {"id":121,"result":{"nodes":[{"sharedId":"f.01B881FADF613CBB2C5C0A8128380246.d.2071DD73BEA79E05858CE131FD6661CB.e.59","type":"node","value":{"attributes":{"aria-label":"Log in","class":"inline-flex items-center justify-center gap-2 whitespace-nowrap text-sm font-medium ring-offset-background transition-all duration-200 focus-visible:outline-none focus-visible:ring-2 focus-visible:ring-ring focus-visible:ring-offset-2 disabled:pointer-events-none disabled:opacity-50 [&_svg]:pointer-events-none [&_svg]:size-4 [&_svg]:shrink-0 bg-primary text-primary-foreground hover:bg-primary/90 shadow-sm hover:shadow-md h-11 rounded-md px-8 w-full","type":"submit"},"childNodeCount":1,"localName":"button","namespaceURI":"http://www.w3.org/1999/xhtml","nodeType":1,"shadowRoot":null}}]},"type":"success"}
[0-0] 2026-02-14T10:41:53.817Z INFO webdriver: COMMAND isElementEnabled("f.01B881FADF613CBB2C5C0A8128380246.d.2071DD73BEA79E05858CE131FD6661CB.e.59")
[0-0] 2026-02-14T10:41:53.817Z INFO webdriver: [GET] http://localhost:55209/session/1abd13ccdc8a2393a8c0c9fe48e76433/element/f.01B881FADF613CBB2C5C0A8128380246.d.2071DD73BEA79E05858CE131FD6661CB.e.59/enabled
[0-0] 2026-02-14T10:41:53.828Z INFO webdriver: RESULT true
[0-0] 2026-02-14T10:41:53.830Z INFO webdriver: BIDI COMMAND browsingContext.locateNodes {"locator":{"type":"xpath","value":"//div[text()=\"Don't have an account?\"]"},"context":"01B881FADF613CBB2C5C0A8128380246"}
[0-0] 2026-02-14T10:41:53.833Z INFO webdriver: BIDI RESULT {"id":122,"result":{"nodes":[{"sharedId":"f.01B881FADF613CBB2C5C0A8128380246.d.2071DD73BEA79E05858CE131FD6661CB.e.65","type":"node","value":{"attributes":{"class":"text-muted-foreground"},"childNodeCount":3,"localName":"div","namespaceURI":"http://www.w3.org/1999/xhtml","nodeType":1,"shadowRoot":null}}]},"type":"success"}
[0-0] 2026-02-14T10:41:53.837Z INFO webdriver: COMMAND getElementText("f.01B881FADF613CBB2C5C0A8128380246.d.2071DD73BEA79E05858CE131FD6661CB.e.65")
[0-0] 2026-02-14T10:41:53.838Z INFO webdriver: [GET] http://localhost:55209/session/1abd13ccdc8a2393a8c0c9fe48e76433/element/f.01B881FADF613CBB2C5C0A8128380246.d.2071DD73BEA79E05858CE131FD6661CB.e.65/text
[0-0] 2026-02-14T10:41:53.852Z INFO webdriver: RESULT Don't have an account? Sign up
[0-0] 2026-02-14T10:41:53.854Z INFO webdriver: BIDI COMMAND browsingContext.locateNodes {"locator":{"type":"xpath","value":"//button[text()=\"Continue\"]"},"context":"01B881FADF613CBB2C5C0A8128380246"}
[0-0] 2026-02-14T10:41:53.863Z INFO webdriver: BIDI RESULT {"id":123,"result":{"nodes":[{"sharedId":"f.01B881FADF613CBB2C5C0A8128380246.d.2071DD73BEA79E05858CE131FD6661CB.e.59","type":"node","value":{"attributes":{"aria-label":"Log in","class":"inline-flex items-center justify-center gap-2 whitespace-nowrap text-sm font-medium ring-offset-background transition-all duration-200 focus-visible:outline-none focus-visible:ring-2 focus-visible:ring-ring focus-visible:ring-offset-2 disabled:pointer-events-none disabled:opacity-50 [&_svg]:pointer-events-none [&_svg]:size-4 [&_svg]:shrink-0 bg-primary text-primary-foreground hover:bg-primary/90 shadow-sm hover:shadow-md h-11 rounded-md px-8 w-full","type":"submit"},"childNodeCount":1,"localName":"button","namespaceURI":"http://www.w3.org/1999/xhtml","nodeType":1,"shadowRoot":null}}]},"type":"success"}
[0-0] 2026-02-14T10:41:53.866Z INFO webdriver: COMMAND elementClick("f.01B881FADF613CBB2C5C0A8128380246.d.2071DD73BEA79E05858CE131FD6661CB.e.59")
[0-0] 2026-02-14T10:41:53.867Z INFO webdriver: [POST] http://localhost:55209/session/1abd13ccdc8a2393a8c0c9fe48e76433/element/f.01B881FADF613CBB2C5C0A8128380246.d.2071DD73BEA79E05858CE131FD6661CB.e.59/click
[0-0] 2026-02-14T10:41:53.867Z INFO webdriver: DATA {}
[0-0] 2026-02-14T10:41:53.930Z INFO webdriver: RESULT null
[0-0] 2026-02-14T10:41:53.931Z INFO webdriver: BIDI COMMAND browsingContext.locateNodes {"locator":{"type":"xpath","value":"//h1[normalize-space()='Dashboard']"},"context":"01B881FADF613CBB2C5C0A8128380246"}
[0-0] 2026-02-14T10:41:53.935Z INFO webdriver: BIDI RESULT {"id":124,"result":{"nodes":[]},"type":"success"}
[0-0] 2026-02-14T10:41:53.939Z INFO webdriver: BIDI COMMAND browsingContext.locateNodes {"locator":{"type":"xpath","value":"//h1[normalize-space()='Dashboard']"},"context":"01B881FADF613CBB2C5C0A8128380246"}
[0-0] 2026-02-14T10:41:53.944Z INFO webdriver: BIDI RESULT {"id":125,"result":{"nodes":[]},"type":"success"}
[0-0] 2026-02-14T10:41:53.950Z INFO webdriver: BIDI COMMAND browsingContext.locateNodes {"locator":{"type":"xpath","value":"//h1[normalize-space()='Dashboard']"},"context":"01B881FADF613CBB2C5C0A8128380246"}
[0-0] 2026-02-14T10:41:53.953Z INFO webdriver: BIDI RESULT {"id":126,"result":{"nodes":[]},"type":"success"}
[0-0] 2026-02-14T10:41:53.961Z INFO webdriver: BIDI COMMAND browsingContext.locateNodes {"locator":{"type":"xpath","value":"//h1[normalize-space()='Dashboard']"},"context":"01B881FADF613CBB2C5C0A8128380246"}
[0-0] 2026-02-14T10:41:53.966Z INFO webdriver: BIDI RESULT {"id":127,"result":{"nodes":[]},"type":"success"}
[0-0] 2026-02-14T10:41:54.062Z INFO webdriver: BIDI COMMAND browsingContext.locateNodes {"locator":{"type":"xpath","value":"//h1[normalize-space()='Dashboard']"},"context":"01B881FADF613CBB2C5C0A8128380246"}
[0-0] 2026-02-14T10:41:54.098Z INFO webdriver: BIDI RESULT {"id":128,"result":{"nodes":[{"sharedId":"f.01B881FADF613CBB2C5C0A8128380246.d.2071DD73BEA79E05858CE131FD6661CB.e.66","type":"node","value":{"attributes":{"class":"text-3xl font-bold text-foreground"},"childNodeCount":1,"localName":"h1","namespaceURI":"http://www.w3.org/1999/xhtml","nodeType":1,"shadowRoot":null}}]},"type":"success"}
[0-0] 2026-02-14T10:41:54.102Z INFO webdriver: BIDI COMMAND browsingContext.locateNodes {"locator":{"type":"xpath","value":"//h1[normalize-space()='Dashboard']"},"context":"01B881FADF613CBB2C5C0A8128380246"}
[0-0] 2026-02-14T10:41:54.105Z INFO webdriver: BIDI RESULT {"id":129,"result":{"nodes":[{"sharedId":"f.01B881FADF613CBB2C5C0A8128380246.d.2071DD73BEA79E05858CE131FD6661CB.e.66","type":"node","value":{"attributes":{"class":"text-3xl font-bold text-foreground"},"childNodeCount":1,"localName":"h1","namespaceURI":"http://www.w3.org/1999/xhtml","nodeType":1,"shadowRoot":null}}]},"type":"success"}
[0-0] 2026-02-14T10:41:54.112Z INFO webdriver: BIDI COMMAND browsingContext.locateNodes {"locator":{"type":"xpath","value":"//h1[normalize-space()='Dashboard']"},"context":"01B881FADF613CBB2C5C0A8128380246"}
[0-0] 2026-02-14T10:41:54.117Z INFO webdriver: BIDI RESULT {"id":130,"result":{"nodes":[{"sharedId":"f.01B881FADF613CBB2C5C0A8128380246.d.2071DD73BEA79E05858CE131FD6661CB.e.66","type":"node","value":{"attributes":{"class":"text-3xl font-bold text-foreground"},"childNodeCount":1,"localName":"h1","namespaceURI":"http://www.w3.org/1999/xhtml","nodeType":1,"shadowRoot":null}}]},"type":"success"}
[0-0] 2026-02-14T10:41:54.120Z INFO webdriver: COMMAND getElementText("f.01B881FADF613CBB2C5C0A8128380246.d.2071DD73BEA79E05858CE131FD6661CB.e.66")
[0-0] 2026-02-14T10:41:54.120Z INFO webdriver: [GET] http://localhost:55209/session/1abd13ccdc8a2393a8c0c9fe48e76433/element/f.01B881FADF613CBB2C5C0A8128380246.d.2071DD73BEA79E05858CE131FD6661CB.e.66/text
[0-0] 2026-02-14T10:41:54.131Z INFO webdriver: RESULT Dashboard
[0-0] 2026-02-14T10:41:54.133Z INFO webdriver: BIDI COMMAND browsingContext.locateNodes {"locator":{"type":"xpath","value":"//span[text()=\"MANAGER\"]"},"context":"01B881FADF613CBB2C5C0A8128380246"}
[0-0] 2026-02-14T10:41:54.157Z INFO webdriver: BIDI RESULT {"id":131,"result":{"nodes":[{"sharedId":"f.01B881FADF613CBB2C5C0A8128380246.d.2071DD73BEA79E05858CE131FD6661CB.e.69","type":"node","value":{"attributes":{},"childNodeCount":1,"localName":"span","namespaceURI":"http://www.w3.org/1999/xhtml","nodeType":1,"shadowRoot":null}}]},"type":"success"}
[0-0] 2026-02-14T10:41:54.168Z INFO webdriver: COMMAND getElementText("f.01B881FADF613CBB2C5C0A8128380246.d.2071DD73BEA79E05858CE131FD6661CB.e.69")
[0-0] 2026-02-14T10:41:54.170Z INFO webdriver: [GET] http://localhost:55209/session/1abd13ccdc8a2393a8c0c9fe48e76433/element/f.01B881FADF613CBB2C5C0A8128380246.d.2071DD73BEA79E05858CE131FD6661CB.e.69/text
[0-0] 2026-02-14T10:41:54.270Z INFO webdriver: RESULT MANAGER
[0-0] 2026-02-14T10:41:54.271Z INFO webdriver: BIDI COMMAND browsingContext.locateNodes {"locator":{"type":"xpath","value":"//span[text()='Manage']/ancestor::button | //span[text()='Manage']/ancestor::a"},"context":"01B881FADF613CBB2C5C0A8128380246"}
[0-0] 2026-02-14T10:41:54.290Z INFO webdriver: BIDI RESULT {"id":132,"result":{"nodes":[{"sharedId":"f.01B881FADF613CBB2C5C0A8128380246.d.2071DD73BEA79E05858CE131FD6661CB.e.75","type":"node","value":{"attributes":{"class":"peer/menu-button flex w-full items-center gap-2 overflow-hidden rounded-md p-2 text-left outline-none ring-sidebar-ring transition-[width,height,padding] focus-visible:ring-2 active:bg-sidebar-accent active:text-sidebar-accent-foreground disabled:pointer-events-none disabled:opacity-50 group-has-[[data-sidebar=menu-action]]/menu-item:pr-8 aria-disabled:pointer-events-none aria-disabled:opacity-50 data-[active=true]:bg-sidebar-accent data-[active=true]:font-medium data-[active=true]:text-sidebar-accent-foreground data-[state=open]:hover:bg-sidebar-accent data-[state=open]:hover:text-sidebar-accent-foreground group-data-[collapsible=icon]:!size-8 group-data-[collapsible=icon]:!p-2 [&>span:last-child]:truncate [&>svg]:size-4 [&>svg]:shrink-0 hover:bg-sidebar-accent hover:text-sidebar-accent-foreground h-8 text-sm ({isActive:i})=>`flex items-center gap-2 px-3 py-2 rounded-md transition-colors ${i||e.pathname.startsWith(a.url)?\"bg-sidebar-accent text-sidebar-accent-foreground font-medium\":\"text-sidebar-foreground/90 hover:bg-sidebar-accent/50 hover:text-sidebar-foreground\"}`","data-active":"false","data-sidebar":"menu-button","data-size":"default","href":"/manage"},"childNodeCount":2,"localName":"a","namespaceURI":"http://www.w3.org/1999/xhtml","nodeType":1,"shadowRoot":null}}]},"type":"success"}
[0-0] 2026-02-14T10:41:54.300Z INFO webdriver: BIDI COMMAND script.callFunction {"functionDeclaration":"<Function[478 bytes] anonymous>","awaitPromise":true,"arguments":[{"sharedId":"f.01B881FADF613CBB2C5C0A8128380246.d.2071DD73BEA79E05858CE131FD6661CB.e.75"}],"target":{"context":"01B881FADF613CBB2C5C0A8128380246"}}
[0-0] 2026-02-14T10:41:54.306Z INFO webdriver: BIDI COMMAND script.callFunction {"functionDeclaration":"<Function[279 bytes] checkVisibility>","awaitPromise":true,"arguments":[{"sharedId":"f.01B881FADF613CBB2C5C0A8128380246.d.2071DD73BEA79E05858CE131FD6661CB.e.75"},{"type":"object","value":[["withinViewport",{"type":"boolean","value":false}],["contentVisibilityAuto",{"type":"boolean","value":true}],["opacityProperty",{"type":"boolean","value":true}],["visibilityProperty",{"type":"boolean","value":true}]]}],"target":{"context":"01B881FADF613CBB2C5C0A8128380246"}}
[0-0] 2026-02-14T10:41:54.321Z INFO webdriver: BIDI RESULT {"id":133,"result":{"realm":"7485290407469393629.4442745028590500104","result":{"type":"object","value":[["value",{"type":"string","value":"flex"}]]},"type":"success"},"type":"success"}
[0-0] 2026-02-14T10:41:54.337Z INFO webdriver: BIDI RESULT {"id":134,"result":{"realm":"7485290407469393629.4442745028590500104","result":{"type":"boolean","value":true},"type":"success"},"type":"success"}
[0-0] 2026-02-14T10:41:54.338Z INFO webdriver: BIDI COMMAND script.callFunction {"functionDeclaration":"<Function[4336 bytes] isElementClickable>","awaitPromise":true,"arguments":[{"sharedId":"f.01B881FADF613CBB2C5C0A8128380246.d.2071DD73BEA79E05858CE131FD6661CB.e.75"}],"target":{"context":"01B881FADF613CBB2C5C0A8128380246"}}
[0-0] 2026-02-14T10:41:54.374Z INFO webdriver: BIDI RESULT {"id":135,"result":{"realm":"7485290407469393629.4442745028590500104","result":{"type":"boolean","value":true},"type":"success"},"type":"success"}
[0-0] 2026-02-14T10:41:54.376Z INFO webdriver: BIDI COMMAND browsingContext.locateNodes {"locator":{"type":"xpath","value":"//span[text()='Manage']/ancestor::button | //span[text()='Manage']/ancestor::a"},"context":"01B881FADF613CBB2C5C0A8128380246"}
[0-0] 2026-02-14T10:41:54.545Z INFO webdriver: BIDI RESULT {"id":136,"result":{"nodes":[{"sharedId":"f.01B881FADF613CBB2C5C0A8128380246.d.2071DD73BEA79E05858CE131FD6661CB.e.75","type":"node","value":{"attributes":{"class":"peer/menu-button flex w-full items-center gap-2 overflow-hidden rounded-md p-2 text-left outline-none ring-sidebar-ring transition-[width,height,padding] focus-visible:ring-2 active:bg-sidebar-accent active:text-sidebar-accent-foreground disabled:pointer-events-none disabled:opacity-50 group-has-[[data-sidebar=menu-action]]/menu-item:pr-8 aria-disabled:pointer-events-none aria-disabled:opacity-50 data-[active=true]:bg-sidebar-accent data-[active=true]:font-medium data-[active=true]:text-sidebar-accent-foreground data-[state=open]:hover:bg-sidebar-accent data-[state=open]:hover:text-sidebar-accent-foreground group-data-[collapsible=icon]:!size-8 group-data-[collapsible=icon]:!p-2 [&>span:last-child]:truncate [&>svg]:size-4 [&>svg]:shrink-0 hover:bg-sidebar-accent hover:text-sidebar-accent-foreground h-8 text-sm ({isActive:i})=>`flex items-center gap-2 px-3 py-2 rounded-md transition-colors ${i||e.pathname.startsWith(a.url)?\"bg-sidebar-accent text-sidebar-accent-foreground font-medium\":\"text-sidebar-foreground/90 hover:bg-sidebar-accent/50 hover:text-sidebar-foreground\"}`","data-active":"false","data-sidebar":"menu-button","data-size":"default","href":"/manage"},"childNodeCount":2,"localName":"a","namespaceURI":"http://www.w3.org/1999/xhtml","nodeType":1,"shadowRoot":null}}]},"type":"success"}
[0-0] 2026-02-14T10:41:54.556Z INFO webdriver: COMMAND elementClick("f.01B881FADF613CBB2C5C0A8128380246.d.2071DD73BEA79E05858CE131FD6661CB.e.75")
[0-0] 2026-02-14T10:41:54.557Z INFO webdriver: [POST] http://localhost:55209/session/1abd13ccdc8a2393a8c0c9fe48e76433/element/f.01B881FADF613CBB2C5C0A8128380246.d.2071DD73BEA79E05858CE131FD6661CB.e.75/click
[0-0] 2026-02-14T10:41:54.560Z INFO webdriver: DATA {}
[0-0] 2026-02-14T10:41:54.669Z INFO webdriver: RESULT null
[0-0] [DEBUG] Waiting for role-relevant header (Manage Organization or My Team)...
[0-0] 2026-02-14T10:41:54.670Z INFO webdriver: BIDI COMMAND browsingContext.locateNodes {"locator":{"type":"xpath","value":"//h1[normalize-space()='Manage Organization']"},"context":"01B881FADF613CBB2C5C0A8128380246"}
[0-0] 2026-02-14T10:41:54.738Z INFO webdriver: BIDI RESULT {"id":137,"result":{"nodes":[]},"type":"success"}
[0-0] 2026-02-14T10:41:54.755Z INFO webdriver: BIDI COMMAND browsingContext.locateNodes {"locator":{"type":"xpath","value":"//h1[normalize-space()='Manage Organization']"},"context":"01B881FADF613CBB2C5C0A8128380246"}
[0-0] 2026-02-14T10:41:54.768Z INFO webdriver: BIDI RESULT {"id":138,"result":{"nodes":[]},"type":"success"}
[0-0] 2026-02-14T10:41:54.772Z INFO webdriver: BIDI COMMAND browsingContext.locateNodes {"locator":{"type":"xpath","value":"//h1[normalize-space()='My Team'] | //h2[normalize-space()='My Teams']"},"context":"01B881FADF613CBB2C5C0A8128380246"}
[0-0] 2026-02-14T10:41:54.785Z INFO webdriver: BIDI RESULT {"id":139,"result":{"nodes":[{"sharedId":"f.01B881FADF613CBB2C5C0A8128380246.d.2071DD73BEA79E05858CE131FD6661CB.e.76","type":"node","value":{"attributes":{"class":"text-2xl font-bold text-foreground"},"childNodeCount":1,"localName":"h1","namespaceURI":"http://www.w3.org/1999/xhtml","nodeType":1,"shadowRoot":null}}]},"type":"success"}
[0-0] 2026-02-14T10:41:54.789Z INFO webdriver: BIDI COMMAND script.callFunction {"functionDeclaration":"<Function[478 bytes] anonymous>","awaitPromise":true,"arguments":[{"sharedId":"f.01B881FADF613CBB2C5C0A8128380246.d.2071DD73BEA79E05858CE131FD6661CB.e.76"}],"target":{"context":"01B881FADF613CBB2C5C0A8128380246"}}
[0-0] 2026-02-14T10:41:54.822Z INFO webdriver: BIDI COMMAND script.callFunction {"functionDeclaration":"<Function[279 bytes] checkVisibility>","awaitPromise":true,"arguments":[{"sharedId":"f.01B881FADF613CBB2C5C0A8128380246.d.2071DD73BEA79E05858CE131FD6661CB.e.76"},{"type":"object","value":[["withinViewport",{"type":"boolean","value":false}],["contentVisibilityAuto",{"type":"boolean","value":true}],["opacityProperty",{"type":"boolean","value":true}],["visibilityProperty",{"type":"boolean","value":true}]]}],"target":{"context":"01B881FADF613CBB2C5C0A8128380246"}}
[0-0] 2026-02-14T10:41:54.835Z INFO webdriver: BIDI RESULT {"id":140,"result":{"realm":"7485290407469393629.4442745028590500104","result":{"type":"object","value":[["value",{"type":"string","value":"block"}]]},"type":"success"},"type":"success"}
[0-0] 2026-02-14T10:41:54.854Z INFO webdriver: BIDI RESULT {"id":141,"result":{"realm":"7485290407469393629.4442745028590500104","result":{"type":"boolean","value":true},"type":"success"},"type":"success"}
[0-0] 2026-02-14T10:41:54.854Z INFO webdriver: BIDI COMMAND browsingContext.locateNodes {"locator":{"type":"xpath","value":"//h1[normalize-space()='Manage Organization']"},"context":"01B881FADF613CBB2C5C0A8128380246"}
[0-0] 2026-02-14T10:41:54.860Z INFO webdriver: BIDI RESULT {"id":142,"result":{"nodes":[]},"type":"success"}
[0-0] 2026-02-14T10:41:54.863Z INFO webdriver: BIDI COMMAND browsingContext.locateNodes {"locator":{"type":"xpath","value":"//h1[normalize-space()='Manage Organization']"},"context":"01B881FADF613CBB2C5C0A8128380246"}
[0-0] 2026-02-14T10:41:54.866Z INFO webdriver: BIDI RESULT {"id":143,"result":{"nodes":[]},"type":"success"}
[0-0] [DEBUG] Detected Manager role (My Team).
[0-0] 2026-02-14T10:41:54.870Z INFO webdriver: BIDI COMMAND browsingContext.locateNodes {"locator":{"type":"xpath","value":"//span[contains(text(), 'Manage Approvals')] | //span[contains(text(), 'Account Approvals')]"},"context":"01B881FADF613CBB2C5C0A8128380246"}
[0-0] 2026-02-14T10:41:54.873Z INFO webdriver: BIDI RESULT {"id":144,"result":{"nodes":[{"sharedId":"f.01B881FADF613CBB2C5C0A8128380246.d.2071DD73BEA79E05858CE131FD6661CB.e.77","type":"node","value":{"attributes":{"class":"inline-flex items-center"},"childNodeCount":1,"localName":"span","namespaceURI":"http://www.w3.org/1999/xhtml","nodeType":1,"shadowRoot":null}}]},"type":"success"}
[0-0] 2026-02-14T10:41:54.878Z INFO webdriver: BIDI COMMAND script.callFunction {"functionDeclaration":"<Function[478 bytes] anonymous>","awaitPromise":true,"arguments":[{"sharedId":"f.01B881FADF613CBB2C5C0A8128380246.d.2071DD73BEA79E05858CE131FD6661CB.e.77"}],"target":{"context":"01B881FADF613CBB2C5C0A8128380246"}}
[0-0] 2026-02-14T10:41:54.879Z INFO webdriver: BIDI COMMAND script.callFunction {"functionDeclaration":"<Function[279 bytes] checkVisibility>","awaitPromise":true,"arguments":[{"sharedId":"f.01B881FADF613CBB2C5C0A8128380246.d.2071DD73BEA79E05858CE131FD6661CB.e.77"},{"type":"object","value":[["withinViewport",{"type":"boolean","value":false}],["contentVisibilityAuto",{"type":"boolean","value":true}],["opacityProperty",{"type":"boolean","value":true}],["visibilityProperty",{"type":"boolean","value":true}]]}],"target":{"context":"01B881FADF613CBB2C5C0A8128380246"}}
[0-0] 2026-02-14T10:41:54.896Z INFO webdriver: BIDI RESULT {"id":145,"result":{"realm":"7485290407469393629.4442745028590500104","result":{"type":"object","value":[["value",{"type":"string","value":"flex"}]]},"type":"success"},"type":"success"}
[0-0] 2026-02-14T10:41:54.896Z INFO webdriver: BIDI RESULT {"id":146,"result":{"realm":"7485290407469393629.4442745028590500104","result":{"type":"boolean","value":true},"type":"success"},"type":"success"}
[0-0] 2026-02-14T10:41:54.897Z INFO webdriver: BIDI COMMAND script.callFunction {"functionDeclaration":"<Function[4336 bytes] isElementClickable>","awaitPromise":true,"arguments":[{"sharedId":"f.01B881FADF613CBB2C5C0A8128380246.d.2071DD73BEA79E05858CE131FD6661CB.e.77"}],"target":{"context":"01B881FADF613CBB2C5C0A8128380246"}}
[0-0] 2026-02-14T10:41:54.902Z INFO webdriver: BIDI RESULT {"id":147,"result":{"realm":"7485290407469393629.4442745028590500104","result":{"type":"boolean","value":true},"type":"success"},"type":"success"}
[0-0] 2026-02-14T10:41:54.902Z INFO webdriver: BIDI COMMAND browsingContext.locateNodes {"locator":{"type":"xpath","value":"//span[contains(text(), 'Manage Approvals')] | //span[contains(text(), 'Account Approvals')]"},"context":"01B881FADF613CBB2C5C0A8128380246"}
[0-0] 2026-02-14T10:41:54.905Z INFO webdriver: BIDI RESULT {"id":148,"result":{"nodes":[{"sharedId":"f.01B881FADF613CBB2C5C0A8128380246.d.2071DD73BEA79E05858CE131FD6661CB.e.77","type":"node","value":{"attributes":{"class":"inline-flex items-center"},"childNodeCount":1,"localName":"span","namespaceURI":"http://www.w3.org/1999/xhtml","nodeType":1,"shadowRoot":null}}]},"type":"success"}
[0-0] 2026-02-14T10:41:54.911Z INFO webdriver: COMMAND elementClick("f.01B881FADF613CBB2C5C0A8128380246.d.2071DD73BEA79E05858CE131FD6661CB.e.77")
[0-0] 2026-02-14T10:41:54.911Z INFO webdriver: [POST] http://localhost:55209/session/1abd13ccdc8a2393a8c0c9fe48e76433/element/f.01B881FADF613CBB2C5C0A8128380246.d.2071DD73BEA79E05858CE131FD6661CB.e.77/click
[0-0] 2026-02-14T10:41:54.912Z INFO webdriver: DATA {}
[0-0] 2026-02-14T10:41:55.787Z INFO webdriver: RESULT null
[0-0] 2026-02-14T10:41:55.788Z INFO webdriver: BIDI COMMAND browsingContext.locateNodes {"locator":{"type":"xpath","value":"//h2[normalize-space()='Manager Approvals']"},"context":"01B881FADF613CBB2C5C0A8128380246"}
[0-0] 2026-02-14T10:41:55.798Z INFO webdriver: BIDI RESULT {"id":149,"result":{"nodes":[]},"type":"success"}
[0-0] 2026-02-14T10:41:55.807Z INFO webdriver: BIDI COMMAND browsingContext.locateNodes {"locator":{"type":"xpath","value":"//h2[normalize-space()='Manager Approvals']"},"context":"01B881FADF613CBB2C5C0A8128380246"}
[0-0] 2026-02-14T10:41:55.836Z INFO webdriver: BIDI RESULT {"id":150,"result":{"nodes":[]},"type":"success"}
[0-0] 2026-02-14T10:41:55.840Z INFO webdriver: BIDI COMMAND browsingContext.locateNodes {"locator":{"type":"xpath","value":"//h2[normalize-space()='User Approvals']"},"context":"01B881FADF613CBB2C5C0A8128380246"}
[0-0] 2026-02-14T10:41:55.856Z INFO webdriver: BIDI RESULT {"id":151,"result":{"nodes":[{"sharedId":"f.01B881FADF613CBB2C5C0A8128380246.d.2071DD73BEA79E05858CE131FD6661CB.e.99","type":"node","value":{"attributes":{"class":"text-lg font-semibold"},"childNodeCount":1,"localName":"h2","namespaceURI":"http://www.w3.org/1999/xhtml","nodeType":1,"shadowRoot":null}}]},"type":"success"}
[0-0] 2026-02-14T10:41:55.861Z INFO webdriver: BIDI COMMAND script.callFunction {"functionDeclaration":"<Function[478 bytes] anonymous>","awaitPromise":true,"arguments":[{"sharedId":"f.01B881FADF613CBB2C5C0A8128380246.d.2071DD73BEA79E05858CE131FD6661CB.e.99"}],"target":{"context":"01B881FADF613CBB2C5C0A8128380246"}}
[0-0] 2026-02-14T10:41:55.862Z INFO webdriver: BIDI COMMAND script.callFunction {"functionDeclaration":"<Function[279 bytes] checkVisibility>","awaitPromise":true,"arguments":[{"sharedId":"f.01B881FADF613CBB2C5C0A8128380246.d.2071DD73BEA79E05858CE131FD6661CB.e.99"},{"type":"object","value":[["withinViewport",{"type":"boolean","value":false}],["contentVisibilityAuto",{"type":"boolean","value":true}],["opacityProperty",{"type":"boolean","value":true}],["visibilityProperty",{"type":"boolean","value":true}]]}],"target":{"context":"01B881FADF613CBB2C5C0A8128380246"}}
[0-0] 2026-02-14T10:41:55.880Z INFO webdriver: BIDI RESULT {"id":152,"result":{"realm":"7485290407469393629.4442745028590500104","result":{"type":"object","value":[["value",{"type":"string","value":"block"}]]},"type":"success"},"type":"success"}
[0-0] 2026-02-14T10:41:55.881Z INFO webdriver: BIDI RESULT {"id":153,"result":{"realm":"7485290407469393629.4442745028590500104","result":{"type":"boolean","value":true},"type":"success"},"type":"success"}
[0-0] [DEBUG] Successfully navigated to Approvals section.
[0-0] --- START MULTI-USER REJECTION ---
[0-0] [DEBUG] Starting rejection for users with prefix: "Test"
[0-0] 2026-02-14T10:41:55.882Z INFO webdriver: BIDI COMMAND browsingContext.locateNodes {"locator":{"type":"xpath","value":"//h2[normalize-space()='User Approvals']"},"context":"01B881FADF613CBB2C5C0A8128380246"}
[0-0] 2026-02-14T10:41:55.887Z INFO webdriver: BIDI RESULT {"id":154,"result":{"nodes":[{"sharedId":"f.01B881FADF613CBB2C5C0A8128380246.d.2071DD73BEA79E05858CE131FD6661CB.e.99","type":"node","value":{"attributes":{"class":"text-lg font-semibold"},"childNodeCount":1,"localName":"h2","namespaceURI":"http://www.w3.org/1999/xhtml","nodeType":1,"shadowRoot":null}}]},"type":"success"}
[0-0] 2026-02-14T10:41:55.890Z INFO webdriver: COMMAND getElementRect("f.01B881FADF613CBB2C5C0A8128380246.d.2071DD73BEA79E05858CE131FD6661CB.e.99")
[0-0] 2026-02-14T10:41:55.892Z INFO webdriver: [GET] http://localhost:55209/session/1abd13ccdc8a2393a8c0c9fe48e76433/element/f.01B881FADF613CBB2C5C0A8128380246.d.2071DD73BEA79E05858CE131FD6661CB.e.99/rect
[0-0] 2026-02-14T10:41:55.909Z INFO webdriver: RESULT { height: 28, width: 123, x: 320.8000183105469, y: 182.8000030517578 }
[0-0] 2026-02-14T10:41:55.911Z INFO webdriver: COMMAND getWindowRect()
[0-0] 2026-02-14T10:41:55.912Z INFO webdriver: [GET] http://localhost:55209/session/1abd13ccdc8a2393a8c0c9fe48e76433/window/rect
[0-0] 2026-02-14T10:41:55.917Z INFO webdriver: RESULT { height: 832, width: 1552, x: -7, y: -7 }
[0-0] 2026-02-14T10:41:55.919Z INFO webdriver: BIDI COMMAND script.callFunction {"functionDeclaration":"<Function[161 bytes] anonymous>","awaitPromise":true,"arguments":[],"target":{"context":"01B881FADF613CBB2C5C0A8128380246"}}
[0-0] 2026-02-14T10:41:55.923Z INFO webdriver: BIDI RESULT {"id":155,"result":{"realm":"7485290407469393629.4442745028590500104","result":{"type":"array","value":[{"type":"number","value":0},{"type":"number","value":0}]},"type":"success"},"type":"success"}
[0-0] 2026-02-14T10:41:55.925Z INFO webdriver: COMMAND performActions(<object>)
[0-0] 2026-02-14T10:41:55.926Z INFO webdriver: [POST] http://localhost:55209/session/1abd13ccdc8a2393a8c0c9fe48e76433/actions
[0-0] 2026-02-14T10:41:55.926Z INFO webdriver: DATA {"actions":[{"id":"wheel1","type":"wheel","parameters":{},"actions":[{"type":"scroll","x":-123,"y":-402,"deltaX":0,"deltaY":0,"duration":0,"origin":{"element-6066-11e4-a52e-4f735466cecf":"f.01B881FADF613CBB2C5C0A8128380246.d.2071DD73BEA79E05858CE131FD6661CB.e.99"}}]}]}
node.exe : [0-0] 2026
-02-14T10:41:55.948Z 
WARN webdriverio: 
Failed to execute 
"scrollIntoView" 
using WebDriver 
Actions API: 
WebDriverError: move 
target out of bounds
At line:1 char:1
+ & "C:\Program Files
\nodejs/node.exe" 
"C:\Program 
Files\nodejs/node_mo 
...
+ ~~~~~~~~~~~~~~~~~~~
~~~~~~~~~~~~~~~~~~~~~
~~~~~~~~~~~~~~~~~~~~~
~~~~~~~~
    + CategoryInfo   
           : NotSpe  
  cified: ([0-0] 2   
 026-02-1...t out    
 of bounds:Strin    
g) [], RemoteExc    
eption
    + FullyQualified 
   ErrorId : Native  
  CommandError
 
[0-0]   (Session 
info: chrome=144.0.75
59.133) when running 
"actions" with 
method "POST"!
[0-0] Re-attempting 
using `Element.scroll
IntoView` via Web 
API.
[0-0] 2026-02-14T10:41:55.949Z INFO webdriver: BIDI COMMAND script.callFunction {"functionDeclaration":"<Function[154 bytes] anonymous>","awaitPromise":true,"arguments":[{"sharedId":"f.01B881FADF613CBB2C5C0A8128380246.d.2071DD73BEA79E05858CE131FD6661CB.e.99"},{"type":"object","value":[["block",{"type":"string","value":"center"}]]}],"target":{"context":"01B881FADF613CBB2C5C0A8128380246"}}
[0-0] 2026-02-14T10:41:55.959Z INFO webdriver: BIDI RESULT {"id":156,"result":{"realm":"7485290407469393629.4442745028590500104","result":{"type":"undefined"},"type":"success"},"type":"success"}
[0-0] 2026-02-14T10:41:56.973Z INFO webdriver: BIDI COMMAND browsingContext.locateNodes {"locator":{"type":"xpath","value":"//h2[contains(., 'User Approvals')]/following-sibling::div//table | //table[contains(., 'User Name')] | (//table[@class='w-full caption-bottom text-sm'])[2]"},"context":"01B881FADF613CBB2C5C0A8128380246"}
[0-0] 2026-02-14T10:41:56.983Z INFO webdriver: BIDI RESULT {"id":157,"result":{"nodes":[]},"type":"success"}
[0-0] 2026-02-14T10:41:56.987Z INFO webdriver: BIDI COMMAND browsingContext.locateNodes {"locator":{"type":"xpath","value":"//h2[contains(., 'User Approvals')]/following-sibling::div//table | //table[contains(., 'User Name')] | (//table[@class='w-full caption-bottom text-sm'])[2]"},"context":"01B881FADF613CBB2C5C0A8128380246"}
[0-0] 2026-02-14T10:41:56.992Z INFO webdriver: BIDI RESULT {"id":158,"result":{"nodes":[]},"type":"success"}
[0-0] 2026-02-14T10:41:57.099Z INFO webdriver: BIDI COMMAND browsingContext.locateNodes {"locator":{"type":"xpath","value":"//h2[contains(., 'User Approvals')]/following-sibling::div//table | //table[contains(., 'User Name')] | (//table[@class='w-full caption-bottom text-sm'])[2]"},"context":"01B881FADF613CBB2C5C0A8128380246"}
[0-0] 2026-02-14T10:41:57.106Z INFO webdriver: BIDI RESULT {"id":159,"result":{"nodes":[]},"type":"success"}
[0-0] 2026-02-14T10:41:57.195Z INFO webdriver: BIDI COMMAND browsingContext.locateNodes {"locator":{"type":"xpath","value":"//h2[contains(., 'User Approvals')]/following-sibling::div//table | //table[contains(., 'User Name')] | (//table[@class='w-full caption-bottom text-sm'])[2]"},"context":"01B881FADF613CBB2C5C0A8128380246"}
[0-0] 2026-02-14T10:41:57.199Z INFO webdriver: BIDI RESULT {"id":160,"result":{"nodes":[]},"type":"success"}
[0-0] 2026-02-14T10:41:57.299Z INFO webdriver: BIDI COMMAND browsingContext.locateNodes {"locator":{"type":"xpath","value":"//h2[contains(., 'User Approvals')]/following-sibling::div//table | //table[contains(., 'User Name')] | (//table[@class='w-full caption-bottom text-sm'])[2]"},"context":"01B881FADF613CBB2C5C0A8128380246"}
[0-0] 2026-02-14T10:41:57.304Z INFO webdriver: BIDI RESULT {"id":161,"result":{"nodes":[]},"type":"success"}
[0-0] 2026-02-14T10:41:57.392Z INFO webdriver: BIDI COMMAND browsingContext.locateNodes {"locator":{"type":"xpath","value":"//h2[contains(., 'User Approvals')]/following-sibling::div//table | //table[contains(., 'User Name')] | (//table[@class='w-full caption-bottom text-sm'])[2]"},"context":"01B881FADF613CBB2C5C0A8128380246"}
[0-0] 2026-02-14T10:41:57.401Z INFO webdriver: BIDI RESULT {"id":162,"result":{"nodes":[]},"type":"success"}
[0-0] 2026-02-14T10:41:57.502Z INFO webdriver: BIDI COMMAND browsingContext.locateNodes {"locator":{"type":"xpath","value":"//h2[contains(., 'User Approvals')]/following-sibling::div//table | //table[contains(., 'User Name')] | (//table[@class='w-full caption-bottom text-sm'])[2]"},"context":"01B881FADF613CBB2C5C0A8128380246"}
[0-0] 2026-02-14T10:41:57.508Z INFO webdriver: BIDI RESULT {"id":163,"result":{"nodes":[]},"type":"success"}
[0-0] 2026-02-14T10:41:57.597Z INFO webdriver: BIDI COMMAND browsingContext.locateNodes {"locator":{"type":"xpath","value":"//h2[contains(., 'User Approvals')]/following-sibling::div//table | //table[contains(., 'User Name')] | (//table[@class='w-full caption-bottom text-sm'])[2]"},"context":"01B881FADF613CBB2C5C0A8128380246"}
[0-0] 2026-02-14T10:41:57.602Z INFO webdriver: BIDI RESULT {"id":164,"result":{"nodes":[]},"type":"success"}
[0-0] 2026-02-14T10:41:57.693Z INFO webdriver: BIDI COMMAND browsingContext.locateNodes {"locator":{"type":"xpath","value":"//h2[contains(., 'User Approvals')]/following-sibling::div//table | //table[contains(., 'User Name')] | (//table[@class='w-full caption-bottom text-sm'])[2]"},"context":"01B881FADF613CBB2C5C0A8128380246"}
[0-0] 2026-02-14T10:41:57.700Z INFO webdriver: BIDI RESULT {"id":165,"result":{"nodes":[]},"type":"success"}
[0-0] 2026-02-14T10:41:57.797Z INFO webdriver: BIDI COMMAND browsingContext.locateNodes {"locator":{"type":"xpath","value":"//h2[contains(., 'User Approvals')]/following-sibling::div//table | //table[contains(., 'User Name')] | (//table[@class='w-full caption-bottom text-sm'])[2]"},"context":"01B881FADF613CBB2C5C0A8128380246"}
[0-0] 2026-02-14T10:41:57.801Z INFO webdriver: BIDI RESULT {"id":166,"result":{"nodes":[]},"type":"success"}
[0-0] 2026-02-14T10:41:57.892Z INFO webdriver: BIDI COMMAND browsingContext.locateNodes {"locator":{"type":"xpath","value":"//h2[contains(., 'User Approvals')]/following-sibling::div//table | //table[contains(., 'User Name')] | (//table[@class='w-full caption-bottom text-sm'])[2]"},"context":"01B881FADF613CBB2C5C0A8128380246"}
[0-0] 2026-02-14T10:41:57.899Z INFO webdriver: BIDI RESULT {"id":167,"result":{"nodes":[]},"type":"success"}
[0-0] 2026-02-14T10:41:58.002Z INFO webdriver: BIDI COMMAND browsingContext.locateNodes {"locator":{"type":"xpath","value":"//h2[contains(., 'User Approvals')]/following-sibling::div//table | //table[contains(., 'User Name')] | (//table[@class='w-full caption-bottom text-sm'])[2]"},"context":"01B881FADF613CBB2C5C0A8128380246"}
[0-0] 2026-02-14T10:41:58.007Z INFO webdriver: BIDI RESULT {"id":168,"result":{"nodes":[]},"type":"success"}
[0-0] 2026-02-14T10:41:58.095Z INFO webdriver: BIDI COMMAND browsingContext.locateNodes {"locator":{"type":"xpath","value":"//h2[contains(., 'User Approvals')]/following-sibling::div//table | //table[contains(., 'User Name')] | (//table[@class='w-full caption-bottom text-sm'])[2]"},"context":"01B881FADF613CBB2C5C0A8128380246"}
[0-0] 2026-02-14T10:41:58.101Z INFO webdriver: BIDI RESULT {"id":169,"result":{"nodes":[]},"type":"success"}
[0-0] 2026-02-14T10:41:58.190Z INFO webdriver: BIDI COMMAND browsingContext.locateNodes {"locator":{"type":"xpath","value":"//h2[contains(., 'User Approvals')]/following-sibling::div//table | //table[contains(., 'User Name')] | (//table[@class='w-full caption-bottom text-sm'])[2]"},"context":"01B881FADF613CBB2C5C0A8128380246"}
[0-0] 2026-02-14T10:41:58.196Z INFO webdriver: BIDI RESULT {"id":170,"result":{"nodes":[]},"type":"success"}
[0-0] 2026-02-14T10:41:58.291Z INFO webdriver: BIDI COMMAND browsingContext.locateNodes {"locator":{"type":"xpath","value":"//h2[contains(., 'User Approvals')]/following-sibling::div//table | //table[contains(., 'User Name')] | (//table[@class='w-full caption-bottom text-sm'])[2]"},"context":"01B881FADF613CBB2C5C0A8128380246"}
[0-0] 2026-02-14T10:41:58.296Z INFO webdriver: BIDI RESULT {"id":171,"result":{"nodes":[]},"type":"success"}
[0-0] 2026-02-14T10:41:58.395Z INFO webdriver: BIDI COMMAND browsingContext.locateNodes {"locator":{"type":"xpath","value":"//h2[contains(., 'User Approvals')]/following-sibling::div//table | //table[contains(., 'User Name')] | (//table[@class='w-full caption-bottom text-sm'])[2]"},"context":"01B881FADF613CBB2C5C0A8128380246"}
[0-0] 2026-02-14T10:41:58.399Z INFO webdriver: BIDI RESULT {"id":172,"result":{"nodes":[]},"type":"success"}
[0-0] 2026-02-14T10:41:58.501Z INFO webdriver: BIDI COMMAND browsingContext.locateNodes {"locator":{"type":"xpath","value":"//h2[contains(., 'User Approvals')]/following-sibling::div//table | //table[contains(., 'User Name')] | (//table[@class='w-full caption-bottom text-sm'])[2]"},"context":"01B881FADF613CBB2C5C0A8128380246"}
[0-0] 2026-02-14T10:41:58.648Z INFO webdriver: BIDI RESULT {"id":173,"result":{"nodes":[]},"type":"success"}
[0-0] 2026-02-14T10:41:58.657Z INFO webdriver: BIDI COMMAND browsingContext.locateNodes {"locator":{"type":"xpath","value":"//h2[contains(., 'User Approvals')]/following-sibling::div//table | //table[contains(., 'User Name')] | (//table[@class='w-full caption-bottom text-sm'])[2]"},"context":"01B881FADF613CBB2C5C0A8128380246"}
[0-0] 2026-02-14T10:41:58.676Z INFO webdriver: BIDI RESULT {"id":174,"result":{"nodes":[]},"type":"success"}
[0-0] 2026-02-14T10:41:58.692Z INFO webdriver: BIDI COMMAND browsingContext.locateNodes {"locator":{"type":"xpath","value":"//h2[contains(., 'User Approvals')]/following-sibling::div//table | //table[contains(., 'User Name')] | (//table[@class='w-full caption-bottom text-sm'])[2]"},"context":"01B881FADF613CBB2C5C0A8128380246"}
[0-0] 2026-02-14T10:41:58.812Z INFO webdriver: BIDI RESULT {"id":175,"result":{"nodes":[]},"type":"success"}
[0-0] 2026-02-14T10:41:58.818Z INFO webdriver: BIDI COMMAND browsingContext.locateNodes {"locator":{"type":"xpath","value":"//h2[contains(., 'User Approvals')]/following-sibling::div//table | //table[contains(., 'User Name')] | (//table[@class='w-full caption-bottom text-sm'])[2]"},"context":"01B881FADF613CBB2C5C0A8128380246"}
[0-0] 2026-02-14T10:41:58.834Z INFO webdriver: BIDI RESULT {"id":176,"result":{"nodes":[]},"type":"success"}
[0-0] 2026-02-14T10:41:58.946Z INFO webdriver: BIDI COMMAND browsingContext.locateNodes {"locator":{"type":"xpath","value":"//h2[contains(., 'User Approvals')]/following-sibling::div//table | //table[contains(., 'User Name')] | (//table[@class='w-full caption-bottom text-sm'])[2]"},"context":"01B881FADF613CBB2C5C0A8128380246"}
[0-0] 2026-02-14T10:41:58.955Z INFO webdriver: BIDI RESULT {"id":177,"result":{"nodes":[]},"type":"success"}
[0-0] 2026-02-14T10:41:59.094Z INFO webdriver: BIDI COMMAND browsingContext.locateNodes {"locator":{"type":"xpath","value":"//h2[contains(., 'User Approvals')]/following-sibling::div//table | //table[contains(., 'User Name')] | (//table[@class='w-full caption-bottom text-sm'])[2]"},"context":"01B881FADF613CBB2C5C0A8128380246"}
[0-0] 2026-02-14T10:41:59.138Z INFO webdriver: BIDI RESULT {"id":178,"result":{"nodes":[]},"type":"success"}
[0-0] 2026-02-14T10:41:59.261Z INFO webdriver: BIDI COMMAND browsingContext.locateNodes {"locator":{"type":"xpath","value":"//h2[contains(., 'User Approvals')]/following-sibling::div//table | //table[contains(., 'User Name')] | (//table[@class='w-full caption-bottom text-sm'])[2]"},"context":"01B881FADF613CBB2C5C0A8128380246"}
[0-0] 2026-02-14T10:41:59.280Z INFO webdriver: BIDI RESULT {"id":179,"result":{"nodes":[]},"type":"success"}
[0-0] 2026-02-14T10:41:59.291Z INFO webdriver: BIDI COMMAND browsingContext.locateNodes {"locator":{"type":"xpath","value":"//h2[contains(., 'User Approvals')]/following-sibling::div//table | //table[contains(., 'User Name')] | (//table[@class='w-full caption-bottom text-sm'])[2]"},"context":"01B881FADF613CBB2C5C0A8128380246"}
[0-0] 2026-02-14T10:41:59.417Z INFO webdriver: BIDI RESULT {"id":180,"result":{"nodes":[]},"type":"success"}
[0-0] 2026-02-14T10:41:59.427Z INFO webdriver: BIDI COMMAND browsingContext.locateNodes {"locator":{"type":"xpath","value":"//h2[contains(., 'User Approvals')]/following-sibling::div//table | //table[contains(., 'User Name')] | (//table[@class='w-full caption-bottom text-sm'])[2]"},"context":"01B881FADF613CBB2C5C0A8128380246"}
[0-0] 2026-02-14T10:41:59.433Z INFO webdriver: BIDI RESULT {"id":181,"result":{"nodes":[]},"type":"success"}
[0-0] 2026-02-14T10:41:59.445Z INFO webdriver: BIDI COMMAND browsingContext.locateNodes {"locator":{"type":"xpath","value":"//h2[contains(., 'User Approvals')]/following-sibling::div//table | //table[contains(., 'User Name')] | (//table[@class='w-full caption-bottom text-sm'])[2]"},"context":"01B881FADF613CBB2C5C0A8128380246"}
[0-0] 2026-02-14T10:41:59.450Z INFO webdriver: BIDI RESULT {"id":182,"result":{"nodes":[]},"type":"success"}
[0-0] 2026-02-14T10:41:59.489Z INFO webdriver: BIDI COMMAND browsingContext.locateNodes {"locator":{"type":"xpath","value":"//h2[contains(., 'User Approvals')]/following-sibling::div//table | //table[contains(., 'User Name')] | (//table[@class='w-full caption-bottom text-sm'])[2]"},"context":"01B881FADF613CBB2C5C0A8128380246"}
[0-0] 2026-02-14T10:41:59.497Z INFO webdriver: BIDI RESULT {"id":183,"result":{"nodes":[]},"type":"success"}
[0-0] 2026-02-14T10:41:59.592Z INFO webdriver: BIDI COMMAND browsingContext.locateNodes {"locator":{"type":"xpath","value":"//h2[contains(., 'User Approvals')]/following-sibling::div//table | //table[contains(., 'User Name')] | (//table[@class='w-full caption-bottom text-sm'])[2]"},"context":"01B881FADF613CBB2C5C0A8128380246"}
[0-0] 2026-02-14T10:41:59.596Z INFO webdriver: BIDI RESULT {"id":184,"result":{"nodes":[]},"type":"success"}
[0-0] 2026-02-14T10:41:59.689Z INFO webdriver: BIDI COMMAND browsingContext.locateNodes {"locator":{"type":"xpath","value":"//h2[contains(., 'User Approvals')]/following-sibling::div//table | //table[contains(., 'User Name')] | (//table[@class='w-full caption-bottom text-sm'])[2]"},"context":"01B881FADF613CBB2C5C0A8128380246"}
[0-0] 2026-02-14T10:41:59.696Z INFO webdriver: BIDI RESULT {"id":185,"result":{"nodes":[]},"type":"success"}
[0-0] 2026-02-14T10:41:59.789Z INFO webdriver: BIDI COMMAND browsingContext.locateNodes {"locator":{"type":"xpath","value":"//h2[contains(., 'User Approvals')]/following-sibling::div//table | //table[contains(., 'User Name')] | (//table[@class='w-full caption-bottom text-sm'])[2]"},"context":"01B881FADF613CBB2C5C0A8128380246"}
[0-0] 2026-02-14T10:41:59.795Z INFO webdriver: BIDI RESULT {"id":186,"result":{"nodes":[]},"type":"success"}
[0-0] 2026-02-14T10:41:59.893Z INFO webdriver: BIDI COMMAND browsingContext.locateNodes {"locator":{"type":"xpath","value":"//h2[contains(., 'User Approvals')]/following-sibling::div//table | //table[contains(., 'User Name')] | (//table[@class='w-full caption-bottom text-sm'])[2]"},"context":"01B881FADF613CBB2C5C0A8128380246"}
[0-0] 2026-02-14T10:41:59.899Z INFO webdriver: BIDI RESULT {"id":187,"result":{"nodes":[]},"type":"success"}
[0-0] 2026-02-14T10:41:59.992Z INFO webdriver: BIDI COMMAND browsingContext.locateNodes {"locator":{"type":"xpath","value":"//h2[contains(., 'User Approvals')]/following-sibling::div//table | //table[contains(., 'User Name')] | (//table[@class='w-full caption-bottom text-sm'])[2]"},"context":"01B881FADF613CBB2C5C0A8128380246"}
[0-0] 2026-02-14T10:41:59.996Z INFO webdriver: BIDI RESULT {"id":188,"result":{"nodes":[]},"type":"success"}
[0-0] 2026-02-14T10:42:00.089Z INFO webdriver: BIDI COMMAND browsingContext.locateNodes {"locator":{"type":"xpath","value":"//h2[contains(., 'User Approvals')]/following-sibling::div//table | //table[contains(., 'User Name')] | (//table[@class='w-full caption-bottom text-sm'])[2]"},"context":"01B881FADF613CBB2C5C0A8128380246"}
[0-0] 2026-02-14T10:42:00.099Z INFO webdriver: BIDI RESULT {"id":189,"result":{"nodes":[]},"type":"success"}
[0-0] 2026-02-14T10:42:00.192Z INFO webdriver: BIDI COMMAND browsingContext.locateNodes {"locator":{"type":"xpath","value":"//h2[contains(., 'User Approvals')]/following-sibling::div//table | //table[contains(., 'User Name')] | (//table[@class='w-full caption-bottom text-sm'])[2]"},"context":"01B881FADF613CBB2C5C0A8128380246"}
[0-0] 2026-02-14T10:42:00.197Z INFO webdriver: BIDI RESULT {"id":190,"result":{"nodes":[]},"type":"success"}
[0-0] 2026-02-14T10:42:00.289Z INFO webdriver: BIDI COMMAND browsingContext.locateNodes {"locator":{"type":"xpath","value":"//h2[contains(., 'User Approvals')]/following-sibling::div//table | //table[contains(., 'User Name')] | (//table[@class='w-full caption-bottom text-sm'])[2]"},"context":"01B881FADF613CBB2C5C0A8128380246"}
[0-0] 2026-02-14T10:42:00.294Z INFO webdriver: BIDI RESULT {"id":191,"result":{"nodes":[]},"type":"success"}
[0-0] 2026-02-14T10:42:00.392Z INFO webdriver: BIDI COMMAND browsingContext.locateNodes {"locator":{"type":"xpath","value":"//h2[contains(., 'User Approvals')]/following-sibling::div//table | //table[contains(., 'User Name')] | (//table[@class='w-full caption-bottom text-sm'])[2]"},"context":"01B881FADF613CBB2C5C0A8128380246"}
[0-0] 2026-02-14T10:42:00.397Z INFO webdriver: BIDI RESULT {"id":192,"result":{"nodes":[]},"type":"success"}
[0-0] 2026-02-14T10:42:00.496Z INFO webdriver: BIDI COMMAND browsingContext.locateNodes {"locator":{"type":"xpath","value":"//h2[contains(., 'User Approvals')]/following-sibling::div//table | //table[contains(., 'User Name')] | (//table[@class='w-full caption-bottom text-sm'])[2]"},"context":"01B881FADF613CBB2C5C0A8128380246"}
[0-0] 2026-02-14T10:42:00.502Z INFO webdriver: BIDI RESULT {"id":193,"result":{"nodes":[]},"type":"success"}
[0-0] 2026-02-14T10:42:00.589Z INFO webdriver: BIDI COMMAND browsingContext.locateNodes {"locator":{"type":"xpath","value":"//h2[contains(., 'User Approvals')]/following-sibling::div//table | //table[contains(., 'User Name')] | (//table[@class='w-full caption-bottom text-sm'])[2]"},"context":"01B881FADF613CBB2C5C0A8128380246"}
[0-0] 2026-02-14T10:42:00.593Z INFO webdriver: BIDI RESULT {"id":194,"result":{"nodes":[]},"type":"success"}
[0-0] 2026-02-14T10:42:00.690Z INFO webdriver: BIDI COMMAND browsingContext.locateNodes {"locator":{"type":"xpath","value":"//h2[contains(., 'User Approvals')]/following-sibling::div//table | //table[contains(., 'User Name')] | (//table[@class='w-full caption-bottom text-sm'])[2]"},"context":"01B881FADF613CBB2C5C0A8128380246"}
[0-0] 2026-02-14T10:42:00.696Z INFO webdriver: BIDI RESULT {"id":195,"result":{"nodes":[]},"type":"success"}
[0-0] 2026-02-14T10:42:00.789Z INFO webdriver: BIDI COMMAND browsingContext.locateNodes {"locator":{"type":"xpath","value":"//h2[contains(., 'User Approvals')]/following-sibling::div//table | //table[contains(., 'User Name')] | (//table[@class='w-full caption-bottom text-sm'])[2]"},"context":"01B881FADF613CBB2C5C0A8128380246"}
[0-0] 2026-02-14T10:42:00.793Z INFO webdriver: BIDI RESULT {"id":196,"result":{"nodes":[]},"type":"success"}
[0-0] 2026-02-14T10:42:00.892Z INFO webdriver: BIDI COMMAND browsingContext.locateNodes {"locator":{"type":"xpath","value":"//h2[contains(., 'User Approvals')]/following-sibling::div//table | //table[contains(., 'User Name')] | (//table[@class='w-full caption-bottom text-sm'])[2]"},"context":"01B881FADF613CBB2C5C0A8128380246"}
[0-0] 2026-02-14T10:42:00.899Z INFO webdriver: BIDI RESULT {"id":197,"result":{"nodes":[]},"type":"success"}
[0-0] 2026-02-14T10:42:00.991Z INFO webdriver: BIDI COMMAND browsingContext.locateNodes {"locator":{"type":"xpath","value":"//h2[contains(., 'User Approvals')]/following-sibling::div//table | //table[contains(., 'User Name')] | (//table[@class='w-full caption-bottom text-sm'])[2]"},"context":"01B881FADF613CBB2C5C0A8128380246"}
[0-0] 2026-02-14T10:42:01.005Z INFO webdriver: BIDI RESULT {"id":198,"result":{"nodes":[]},"type":"success"}
[0-0] 2026-02-14T10:42:01.089Z INFO webdriver: BIDI COMMAND browsingContext.locateNodes {"locator":{"type":"xpath","value":"//h2[contains(., 'User Approvals')]/following-sibling::div//table | //table[contains(., 'User Name')] | (//table[@class='w-full caption-bottom text-sm'])[2]"},"context":"01B881FADF613CBB2C5C0A8128380246"}
[0-0] 2026-02-14T10:42:01.093Z INFO webdriver: BIDI RESULT {"id":199,"result":{"nodes":[]},"type":"success"}
[0-0] 2026-02-14T10:42:01.190Z INFO webdriver: BIDI COMMAND browsingContext.locateNodes {"locator":{"type":"xpath","value":"//h2[contains(., 'User Approvals')]/following-sibling::div//table | //table[contains(., 'User Name')] | (//table[@class='w-full caption-bottom text-sm'])[2]"},"context":"01B881FADF613CBB2C5C0A8128380246"}
[0-0] 2026-02-14T10:42:01.195Z INFO webdriver: BIDI RESULT {"id":200,"result":{"nodes":[]},"type":"success"}
[0-0] 2026-02-14T10:42:01.288Z INFO webdriver: BIDI COMMAND browsingContext.locateNodes {"locator":{"type":"xpath","value":"//h2[contains(., 'User Approvals')]/following-sibling::div//table | //table[contains(., 'User Name')] | (//table[@class='w-full caption-bottom text-sm'])[2]"},"context":"01B881FADF613CBB2C5C0A8128380246"}
[0-0] 2026-02-14T10:42:01.292Z INFO webdriver: BIDI RESULT {"id":201,"result":{"nodes":[]},"type":"success"}
[0-0] 2026-02-14T10:42:01.394Z INFO webdriver: BIDI COMMAND browsingContext.locateNodes {"locator":{"type":"xpath","value":"//h2[contains(., 'User Approvals')]/following-sibling::div//table | //table[contains(., 'User Name')] | (//table[@class='w-full caption-bottom text-sm'])[2]"},"context":"01B881FADF613CBB2C5C0A8128380246"}
[0-0] 2026-02-14T10:42:01.399Z INFO webdriver: BIDI RESULT {"id":202,"result":{"nodes":[]},"type":"success"}
[0-0] 2026-02-14T10:42:01.489Z INFO webdriver: BIDI COMMAND browsingContext.locateNodes {"locator":{"type":"xpath","value":"//h2[contains(., 'User Approvals')]/following-sibling::div//table | //table[contains(., 'User Name')] | (//table[@class='w-full caption-bottom text-sm'])[2]"},"context":"01B881FADF613CBB2C5C0A8128380246"}
[0-0] 2026-02-14T10:42:01.495Z INFO webdriver: BIDI RESULT {"id":203,"result":{"nodes":[]},"type":"success"}
[0-0] 2026-02-14T10:42:01.589Z INFO webdriver: BIDI COMMAND browsingContext.locateNodes {"locator":{"type":"xpath","value":"//h2[contains(., 'User Approvals')]/following-sibling::div//table | //table[contains(., 'User Name')] | (//table[@class='w-full caption-bottom text-sm'])[2]"},"context":"01B881FADF613CBB2C5C0A8128380246"}
[0-0] 2026-02-14T10:42:01.594Z INFO webdriver: BIDI RESULT {"id":204,"result":{"nodes":[]},"type":"success"}
[0-0] 2026-02-14T10:42:01.689Z INFO webdriver: BIDI COMMAND browsingContext.locateNodes {"locator":{"type":"xpath","value":"//h2[contains(., 'User Approvals')]/following-sibling::div//table | //table[contains(., 'User Name')] | (//table[@class='w-full caption-bottom text-sm'])[2]"},"context":"01B881FADF613CBB2C5C0A8128380246"}
[0-0] 2026-02-14T10:42:01.694Z INFO webdriver: BIDI RESULT {"id":205,"result":{"nodes":[]},"type":"success"}
[0-0] 2026-02-14T10:42:01.790Z INFO webdriver: BIDI COMMAND browsingContext.locateNodes {"locator":{"type":"xpath","value":"//h2[contains(., 'User Approvals')]/following-sibling::div//table | //table[contains(., 'User Name')] | (//table[@class='w-full caption-bottom text-sm'])[2]"},"context":"01B881FADF613CBB2C5C0A8128380246"}
[0-0] 2026-02-14T10:42:01.796Z INFO webdriver: BIDI RESULT {"id":206,"result":{"nodes":[]},"type":"success"}
[0-0] 2026-02-14T10:42:01.892Z INFO webdriver: BIDI COMMAND browsingContext.locateNodes {"locator":{"type":"xpath","value":"//h2[contains(., 'User Approvals')]/following-sibling::div//table | //table[contains(., 'User Name')] | (//table[@class='w-full caption-bottom text-sm'])[2]"},"context":"01B881FADF613CBB2C5C0A8128380246"}
[0-0] 2026-02-14T10:42:01.897Z INFO webdriver: BIDI RESULT {"id":207,"result":{"nodes":[]},"type":"success"}
[0-0] 2026-02-14T10:42:01.993Z INFO webdriver: BIDI COMMAND browsingContext.locateNodes {"locator":{"type":"xpath","value":"//h2[contains(., 'User Approvals')]/following-sibling::div//table | //table[contains(., 'User Name')] | (//table[@class='w-full caption-bottom text-sm'])[2]"},"context":"01B881FADF613CBB2C5C0A8128380246"}
[0-0] 2026-02-14T10:42:02.001Z INFO webdriver: BIDI RESULT {"id":208,"result":{"nodes":[]},"type":"success"}
[0-0] 2026-02-14T10:42:02.089Z INFO webdriver: BIDI COMMAND browsingContext.locateNodes {"locator":{"type":"xpath","value":"//h2[contains(., 'User Approvals')]/following-sibling::div//table | //table[contains(., 'User Name')] | (//table[@class='w-full caption-bottom text-sm'])[2]"},"context":"01B881FADF613CBB2C5C0A8128380246"}
[0-0] 2026-02-14T10:42:02.094Z INFO webdriver: BIDI RESULT {"id":209,"result":{"nodes":[]},"type":"success"}
[0-0] 2026-02-14T10:42:02.192Z INFO webdriver: BIDI COMMAND browsingContext.locateNodes {"locator":{"type":"xpath","value":"//h2[contains(., 'User Approvals')]/following-sibling::div//table | //table[contains(., 'User Name')] | (//table[@class='w-full caption-bottom text-sm'])[2]"},"context":"01B881FADF613CBB2C5C0A8128380246"}
[0-0] 2026-02-14T10:42:02.196Z INFO webdriver: BIDI RESULT {"id":210,"result":{"nodes":[]},"type":"success"}
[0-0] 2026-02-14T10:42:02.290Z INFO webdriver: BIDI COMMAND browsingContext.locateNodes {"locator":{"type":"xpath","value":"//h2[contains(., 'User Approvals')]/following-sibling::div//table | //table[contains(., 'User Name')] | (//table[@class='w-full caption-bottom text-sm'])[2]"},"context":"01B881FADF613CBB2C5C0A8128380246"}
[0-0] 2026-02-14T10:42:02.296Z INFO webdriver: BIDI RESULT {"id":211,"result":{"nodes":[]},"type":"success"}
[0-0] 2026-02-14T10:42:02.392Z INFO webdriver: BIDI COMMAND browsingContext.locateNodes {"locator":{"type":"xpath","value":"//h2[contains(., 'User Approvals')]/following-sibling::div//table | //table[contains(., 'User Name')] | (//table[@class='w-full caption-bottom text-sm'])[2]"},"context":"01B881FADF613CBB2C5C0A8128380246"}
[0-0] 2026-02-14T10:42:02.399Z INFO webdriver: BIDI RESULT {"id":212,"result":{"nodes":[]},"type":"success"}
[0-0] 2026-02-14T10:42:02.489Z INFO webdriver: BIDI COMMAND browsingContext.locateNodes {"locator":{"type":"xpath","value":"//h2[contains(., 'User Approvals')]/following-sibling::div//table | //table[contains(., 'User Name')] | (//table[@class='w-full caption-bottom text-sm'])[2]"},"context":"01B881FADF613CBB2C5C0A8128380246"}
[0-0] 2026-02-14T10:42:02.495Z INFO webdriver: BIDI RESULT {"id":213,"result":{"nodes":[]},"type":"success"}
[0-0] 2026-02-14T10:42:02.596Z INFO webdriver: BIDI COMMAND browsingContext.locateNodes {"locator":{"type":"xpath","value":"//h2[contains(., 'User Approvals')]/following-sibling::div//table | //table[contains(., 'User Name')] | (//table[@class='w-full caption-bottom text-sm'])[2]"},"context":"01B881FADF613CBB2C5C0A8128380246"}
[0-0] 2026-02-14T10:42:02.603Z INFO webdriver: BIDI RESULT {"id":214,"result":{"nodes":[]},"type":"success"}
[0-0] 2026-02-14T10:42:02.689Z INFO webdriver: BIDI COMMAND browsingContext.locateNodes {"locator":{"type":"xpath","value":"//h2[contains(., 'User Approvals')]/following-sibling::div//table | //table[contains(., 'User Name')] | (//table[@class='w-full caption-bottom text-sm'])[2]"},"context":"01B881FADF613CBB2C5C0A8128380246"}
[0-0] 2026-02-14T10:42:02.698Z INFO webdriver: BIDI RESULT {"id":215,"result":{"nodes":[]},"type":"success"}
[0-0] 2026-02-14T10:42:02.789Z INFO webdriver: BIDI COMMAND browsingContext.locateNodes {"locator":{"type":"xpath","value":"//h2[contains(., 'User Approvals')]/following-sibling::div//table | //table[contains(., 'User Name')] | (//table[@class='w-full caption-bottom text-sm'])[2]"},"context":"01B881FADF613CBB2C5C0A8128380246"}
[0-0] 2026-02-14T10:42:02.797Z INFO webdriver: BIDI RESULT {"id":216,"result":{"nodes":[]},"type":"success"}
[0-0] 2026-02-14T10:42:02.894Z INFO webdriver: BIDI COMMAND browsingContext.locateNodes {"locator":{"type":"xpath","value":"//h2[contains(., 'User Approvals')]/following-sibling::div//table | //table[contains(., 'User Name')] | (//table[@class='w-full caption-bottom text-sm'])[2]"},"context":"01B881FADF613CBB2C5C0A8128380246"}
[0-0] 2026-02-14T10:42:02.900Z INFO webdriver: BIDI RESULT {"id":217,"result":{"nodes":[]},"type":"success"}
[0-0] 2026-02-14T10:42:02.992Z INFO webdriver: BIDI COMMAND browsingContext.locateNodes {"locator":{"type":"xpath","value":"//h2[contains(., 'User Approvals')]/following-sibling::div//table | //table[contains(., 'User Name')] | (//table[@class='w-full caption-bottom text-sm'])[2]"},"context":"01B881FADF613CBB2C5C0A8128380246"}
[0-0] 2026-02-14T10:42:02.997Z INFO webdriver: BIDI RESULT {"id":218,"result":{"nodes":[]},"type":"success"}
[0-0] 2026-02-14T10:42:03.089Z INFO webdriver: BIDI COMMAND browsingContext.locateNodes {"locator":{"type":"xpath","value":"//h2[contains(., 'User Approvals')]/following-sibling::div//table | //table[contains(., 'User Name')] | (//table[@class='w-full caption-bottom text-sm'])[2]"},"context":"01B881FADF613CBB2C5C0A8128380246"}
[0-0] 2026-02-14T10:42:03.094Z INFO webdriver: BIDI RESULT {"id":219,"result":{"nodes":[]},"type":"success"}
[0-0] 2026-02-14T10:42:03.189Z INFO webdriver: BIDI COMMAND browsingContext.locateNodes {"locator":{"type":"xpath","value":"//h2[contains(., 'User Approvals')]/following-sibling::div//table | //table[contains(., 'User Name')] | (//table[@class='w-full caption-bottom text-sm'])[2]"},"context":"01B881FADF613CBB2C5C0A8128380246"}
[0-0] 2026-02-14T10:42:03.194Z INFO webdriver: BIDI RESULT {"id":220,"result":{"nodes":[]},"type":"success"}
[0-0] 2026-02-14T10:42:03.289Z INFO webdriver: BIDI COMMAND browsingContext.locateNodes {"locator":{"type":"xpath","value":"//h2[contains(., 'User Approvals')]/following-sibling::div//table | //table[contains(., 'User Name')] | (//table[@class='w-full caption-bottom text-sm'])[2]"},"context":"01B881FADF613CBB2C5C0A8128380246"}
[0-0] 2026-02-14T10:42:03.297Z INFO webdriver: BIDI RESULT {"id":221,"result":{"nodes":[]},"type":"success"}
[0-0] 2026-02-14T10:42:03.392Z INFO webdriver: BIDI COMMAND browsingContext.locateNodes {"locator":{"type":"xpath","value":"//h2[contains(., 'User Approvals')]/following-sibling::div//table | //table[contains(., 'User Name')] | (//table[@class='w-full caption-bottom text-sm'])[2]"},"context":"01B881FADF613CBB2C5C0A8128380246"}
[0-0] 2026-02-14T10:42:03.396Z INFO webdriver: BIDI RESULT {"id":222,"result":{"nodes":[]},"type":"success"}
[0-0] 2026-02-14T10:42:03.491Z INFO webdriver: BIDI COMMAND browsingContext.locateNodes {"locator":{"type":"xpath","value":"//h2[contains(., 'User Approvals')]/following-sibling::div//table | //table[contains(., 'User Name')] | (//table[@class='w-full caption-bottom text-sm'])[2]"},"context":"01B881FADF613CBB2C5C0A8128380246"}
[0-0] 2026-02-14T10:42:03.496Z INFO webdriver: BIDI RESULT {"id":223,"result":{"nodes":[]},"type":"success"}
[0-0] 2026-02-14T10:42:03.592Z INFO webdriver: BIDI COMMAND browsingContext.locateNodes {"locator":{"type":"xpath","value":"//h2[contains(., 'User Approvals')]/following-sibling::div//table | //table[contains(., 'User Name')] | (//table[@class='w-full caption-bottom text-sm'])[2]"},"context":"01B881FADF613CBB2C5C0A8128380246"}
[0-0] 2026-02-14T10:42:03.596Z INFO webdriver: BIDI RESULT {"id":224,"result":{"nodes":[]},"type":"success"}
[0-0] 2026-02-14T10:42:03.689Z INFO webdriver: BIDI COMMAND browsingContext.locateNodes {"locator":{"type":"xpath","value":"//h2[contains(., 'User Approvals')]/following-sibling::div//table | //table[contains(., 'User Name')] | (//table[@class='w-full caption-bottom text-sm'])[2]"},"context":"01B881FADF613CBB2C5C0A8128380246"}
[0-0] 2026-02-14T10:42:03.694Z INFO webdriver: BIDI RESULT {"id":225,"result":{"nodes":[]},"type":"success"}
[0-0] 2026-02-14T10:42:03.790Z INFO webdriver: BIDI COMMAND browsingContext.locateNodes {"locator":{"type":"xpath","value":"//h2[contains(., 'User Approvals')]/following-sibling::div//table | //table[contains(., 'User Name')] | (//table[@class='w-full caption-bottom text-sm'])[2]"},"context":"01B881FADF613CBB2C5C0A8128380246"}
[0-0] 2026-02-14T10:42:03.799Z INFO webdriver: BIDI RESULT {"id":226,"result":{"nodes":[]},"type":"success"}
[0-0] 2026-02-14T10:42:03.892Z INFO webdriver: BIDI COMMAND browsingContext.locateNodes {"locator":{"type":"xpath","value":"//h2[contains(., 'User Approvals')]/following-sibling::div//table | //table[contains(., 'User Name')] | (//table[@class='w-full caption-bottom text-sm'])[2]"},"context":"01B881FADF613CBB2C5C0A8128380246"}
[0-0] 2026-02-14T10:42:03.896Z INFO webdriver: BIDI RESULT {"id":227,"result":{"nodes":[]},"type":"success"}
[0-0] 2026-02-14T10:42:03.990Z INFO webdriver: BIDI COMMAND browsingContext.locateNodes {"locator":{"type":"xpath","value":"//h2[contains(., 'User Approvals')]/following-sibling::div//table | //table[contains(., 'User Name')] | (//table[@class='w-full caption-bottom text-sm'])[2]"},"context":"01B881FADF613CBB2C5C0A8128380246"}
[0-0] 2026-02-14T10:42:03.999Z INFO webdriver: BIDI RESULT {"id":228,"result":{"nodes":[]},"type":"success"}
[0-0] 2026-02-14T10:42:04.090Z INFO webdriver: BIDI COMMAND browsingContext.locateNodes {"locator":{"type":"xpath","value":"//h2[contains(., 'User Approvals')]/following-sibling::div//table | //table[contains(., 'User Name')] | (//table[@class='w-full caption-bottom text-sm'])[2]"},"context":"01B881FADF613CBB2C5C0A8128380246"}
[0-0] 2026-02-14T10:42:04.096Z INFO webdriver: BIDI RESULT {"id":229,"result":{"nodes":[]},"type":"success"}
[0-0] 2026-02-14T10:42:04.199Z INFO webdriver: BIDI COMMAND browsingContext.locateNodes {"locator":{"type":"xpath","value":"//h2[contains(., 'User Approvals')]/following-sibling::div//table | //table[contains(., 'User Name')] | (//table[@class='w-full caption-bottom text-sm'])[2]"},"context":"01B881FADF613CBB2C5C0A8128380246"}
[0-0] 2026-02-14T10:42:04.203Z INFO webdriver: BIDI RESULT {"id":230,"result":{"nodes":[]},"type":"success"}
[0-0] 2026-02-14T10:42:04.294Z INFO webdriver: BIDI COMMAND browsingContext.locateNodes {"locator":{"type":"xpath","value":"//h2[contains(., 'User Approvals')]/following-sibling::div//table | //table[contains(., 'User Name')] | (//table[@class='w-full caption-bottom text-sm'])[2]"},"context":"01B881FADF613CBB2C5C0A8128380246"}
[0-0] 2026-02-14T10:42:04.298Z INFO webdriver: BIDI RESULT {"id":231,"result":{"nodes":[]},"type":"success"}
[0-0] 2026-02-14T10:42:04.388Z INFO webdriver: BIDI COMMAND browsingContext.locateNodes {"locator":{"type":"xpath","value":"//h2[contains(., 'User Approvals')]/following-sibling::div//table | //table[contains(., 'User Name')] | (//table[@class='w-full caption-bottom text-sm'])[2]"},"context":"01B881FADF613CBB2C5C0A8128380246"}
[0-0] 2026-02-14T10:42:04.502Z INFO webdriver: BIDI RESULT {"id":232,"result":{"nodes":[]},"type":"success"}
[0-0] 2026-02-14T10:42:04.509Z INFO webdriver: BIDI COMMAND browsingContext.locateNodes {"locator":{"type":"xpath","value":"//h2[contains(., 'User Approvals')]/following-sibling::div//table | //table[contains(., 'User Name')] | (//table[@class='w-full caption-bottom text-sm'])[2]"},"context":"01B881FADF613CBB2C5C0A8128380246"}
[0-0] 2026-02-14T10:42:04.534Z INFO webdriver: BIDI RESULT {"id":233,"result":{"nodes":[]},"type":"success"}
[0-0] 2026-02-14T10:42:04.606Z INFO webdriver: BIDI COMMAND browsingContext.locateNodes {"locator":{"type":"xpath","value":"//h2[contains(., 'User Approvals')]/following-sibling::div//table | //table[contains(., 'User Name')] | (//table[@class='w-full caption-bottom text-sm'])[2]"},"context":"01B881FADF613CBB2C5C0A8128380246"}
[0-0] 2026-02-14T10:42:04.707Z INFO webdriver: BIDI RESULT {"id":234,"result":{"nodes":[]},"type":"success"}
[0-0] 2026-02-14T10:42:04.716Z INFO webdriver: BIDI COMMAND browsingContext.locateNodes {"locator":{"type":"xpath","value":"//h2[contains(., 'User Approvals')]/following-sibling::div//table | //table[contains(., 'User Name')] | (//table[@class='w-full caption-bottom text-sm'])[2]"},"context":"01B881FADF613CBB2C5C0A8128380246"}
[0-0] 2026-02-14T10:42:04.724Z INFO webdriver: BIDI RESULT {"id":235,"result":{"nodes":[]},"type":"success"}
[0-0] 2026-02-14T10:42:04.808Z INFO webdriver: BIDI COMMAND browsingContext.locateNodes {"locator":{"type":"xpath","value":"//h2[contains(., 'User Approvals')]/following-sibling::div//table | //table[contains(., 'User Name')] | (//table[@class='w-full caption-bottom text-sm'])[2]"},"context":"01B881FADF613CBB2C5C0A8128380246"}
[0-0] 2026-02-14T10:42:04.851Z INFO webdriver: BIDI RESULT {"id":236,"result":{"nodes":[]},"type":"success"}
[0-0] 2026-02-14T10:42:04.893Z INFO webdriver: BIDI COMMAND browsingContext.locateNodes {"locator":{"type":"xpath","value":"//h2[contains(., 'User Approvals')]/following-sibling::div//table | //table[contains(., 'User Name')] | (//table[@class='w-full caption-bottom text-sm'])[2]"},"context":"01B881FADF613CBB2C5C0A8128380246"}
[0-0] 2026-02-14T10:42:04.899Z INFO webdriver: BIDI RESULT {"id":237,"result":{"nodes":[]},"type":"success"}
[0-0] 2026-02-14T10:42:05.005Z INFO webdriver: BIDI COMMAND browsingContext.locateNodes {"locator":{"type":"xpath","value":"//h2[contains(., 'User Approvals')]/following-sibling::div//table | //table[contains(., 'User Name')] | (//table[@class='w-full caption-bottom text-sm'])[2]"},"context":"01B881FADF613CBB2C5C0A8128380246"}
[0-0] 2026-02-14T10:42:05.039Z INFO webdriver: BIDI RESULT {"id":238,"result":{"nodes":[]},"type":"success"}
[0-0] 2026-02-14T10:42:05.093Z INFO webdriver: BIDI COMMAND browsingContext.locateNodes {"locator":{"type":"xpath","value":"//h2[contains(., 'User Approvals')]/following-sibling::div//table | //table[contains(., 'User Name')] | (//table[@class='w-full caption-bottom text-sm'])[2]"},"context":"01B881FADF613CBB2C5C0A8128380246"}
[0-0] 2026-02-14T10:42:05.097Z INFO webdriver: BIDI RESULT {"id":239,"result":{"nodes":[]},"type":"success"}
[0-0] 2026-02-14T10:42:05.189Z INFO webdriver: BIDI COMMAND browsingContext.locateNodes {"locator":{"type":"xpath","value":"//h2[contains(., 'User Approvals')]/following-sibling::div//table | //table[contains(., 'User Name')] | (//table[@class='w-full caption-bottom text-sm'])[2]"},"context":"01B881FADF613CBB2C5C0A8128380246"}
[0-0] 2026-02-14T10:42:05.195Z INFO webdriver: BIDI RESULT {"id":240,"result":{"nodes":[]},"type":"success"}
[0-0] 2026-02-14T10:42:05.292Z INFO webdriver: BIDI COMMAND browsingContext.locateNodes {"locator":{"type":"xpath","value":"//h2[contains(., 'User Approvals')]/following-sibling::div//table | //table[contains(., 'User Name')] | (//table[@class='w-full caption-bottom text-sm'])[2]"},"context":"01B881FADF613CBB2C5C0A8128380246"}
[0-0] 2026-02-14T10:42:05.297Z INFO webdriver: BIDI RESULT {"id":241,"result":{"nodes":[]},"type":"success"}
[0-0] 2026-02-14T10:42:05.397Z INFO webdriver: BIDI COMMAND browsingContext.locateNodes {"locator":{"type":"xpath","value":"//h2[contains(., 'User Approvals')]/following-sibling::div//table | //table[contains(., 'User Name')] | (//table[@class='w-full caption-bottom text-sm'])[2]"},"context":"01B881FADF613CBB2C5C0A8128380246"}
[0-0] 2026-02-14T10:42:05.403Z INFO webdriver: BIDI RESULT {"id":242,"result":{"nodes":[]},"type":"success"}
[0-0] 2026-02-14T10:42:05.494Z INFO webdriver: BIDI COMMAND browsingContext.locateNodes {"locator":{"type":"xpath","value":"//h2[contains(., 'User Approvals')]/following-sibling::div//table | //table[contains(., 'User Name')] | (//table[@class='w-full caption-bottom text-sm'])[2]"},"context":"01B881FADF613CBB2C5C0A8128380246"}
[0-0] 2026-02-14T10:42:05.500Z INFO webdriver: BIDI RESULT {"id":243,"result":{"nodes":[]},"type":"success"}
[0-0] 2026-02-14T10:42:05.601Z INFO webdriver: BIDI COMMAND browsingContext.locateNodes {"locator":{"type":"xpath","value":"//h2[contains(., 'User Approvals')]/following-sibling::div//table | //table[contains(., 'User Name')] | (//table[@class='w-full caption-bottom text-sm'])[2]"},"context":"01B881FADF613CBB2C5C0A8128380246"}
[0-0] 2026-02-14T10:42:05.605Z INFO webdriver: BIDI RESULT {"id":244,"result":{"nodes":[]},"type":"success"}
[0-0] 2026-02-14T10:42:05.694Z INFO webdriver: BIDI COMMAND browsingContext.locateNodes {"locator":{"type":"xpath","value":"//h2[contains(., 'User Approvals')]/following-sibling::div//table | //table[contains(., 'User Name')] | (//table[@class='w-full caption-bottom text-sm'])[2]"},"context":"01B881FADF613CBB2C5C0A8128380246"}
[0-0] 2026-02-14T10:42:05.701Z INFO webdriver: BIDI RESULT {"id":245,"result":{"nodes":[]},"type":"success"}
[0-0] 2026-02-14T10:42:05.792Z INFO webdriver: BIDI COMMAND browsingContext.locateNodes {"locator":{"type":"xpath","value":"//h2[contains(., 'User Approvals')]/following-sibling::div//table | //table[contains(., 'User Name')] | (//table[@class='w-full caption-bottom text-sm'])[2]"},"context":"01B881FADF613CBB2C5C0A8128380246"}
[0-0] 2026-02-14T10:42:05.798Z INFO webdriver: BIDI RESULT {"id":246,"result":{"nodes":[]},"type":"success"}
[0-0] 2026-02-14T10:42:05.895Z INFO webdriver: BIDI COMMAND browsingContext.locateNodes {"locator":{"type":"xpath","value":"//h2[contains(., 'User Approvals')]/following-sibling::div//table | //table[contains(., 'User Name')] | (//table[@class='w-full caption-bottom text-sm'])[2]"},"context":"01B881FADF613CBB2C5C0A8128380246"}
[0-0] 2026-02-14T10:42:05.902Z INFO webdriver: BIDI RESULT {"id":247,"result":{"nodes":[]},"type":"success"}
[0-0] 2026-02-14T10:42:05.989Z INFO webdriver: BIDI COMMAND browsingContext.locateNodes {"locator":{"type":"xpath","value":"//h2[contains(., 'User Approvals')]/following-sibling::div//table | //table[contains(., 'User Name')] | (//table[@class='w-full caption-bottom text-sm'])[2]"},"context":"01B881FADF613CBB2C5C0A8128380246"}
[0-0] 2026-02-14T10:42:05.998Z INFO webdriver: BIDI RESULT {"id":248,"result":{"nodes":[]},"type":"success"}
[0-0] 2026-02-14T10:42:06.100Z INFO webdriver: BIDI COMMAND browsingContext.locateNodes {"locator":{"type":"xpath","value":"//h2[contains(., 'User Approvals')]/following-sibling::div//table | //table[contains(., 'User Name')] | (//table[@class='w-full caption-bottom text-sm'])[2]"},"context":"01B881FADF613CBB2C5C0A8128380246"}
[0-0] 2026-02-14T10:42:06.107Z INFO webdriver: BIDI RESULT {"id":249,"result":{"nodes":[]},"type":"success"}
[0-0] 2026-02-14T10:42:06.195Z INFO webdriver: BIDI COMMAND browsingContext.locateNodes {"locator":{"type":"xpath","value":"//h2[contains(., 'User Approvals')]/following-sibling::div//table | //table[contains(., 'User Name')] | (//table[@class='w-full caption-bottom text-sm'])[2]"},"context":"01B881FADF613CBB2C5C0A8128380246"}
[0-0] 2026-02-14T10:42:06.201Z INFO webdriver: BIDI RESULT {"id":250,"result":{"nodes":[]},"type":"success"}
[0-0] 2026-02-14T10:42:06.291Z INFO webdriver: BIDI COMMAND browsingContext.locateNodes {"locator":{"type":"xpath","value":"//h2[contains(., 'User Approvals')]/following-sibling::div//table | //table[contains(., 'User Name')] | (//table[@class='w-full caption-bottom text-sm'])[2]"},"context":"01B881FADF613CBB2C5C0A8128380246"}
[0-0] 2026-02-14T10:42:06.296Z INFO webdriver: BIDI RESULT {"id":251,"result":{"nodes":[]},"type":"success"}
[0-0] 2026-02-14T10:42:06.403Z INFO webdriver: BIDI COMMAND browsingContext.locateNodes {"locator":{"type":"xpath","value":"//h2[contains(., 'User Approvals')]/following-sibling::div//table | //table[contains(., 'User Name')] | (//table[@class='w-full caption-bottom text-sm'])[2]"},"context":"01B881FADF613CBB2C5C0A8128380246"}
[0-0] 2026-02-14T10:42:06.407Z INFO webdriver: BIDI RESULT {"id":252,"result":{"nodes":[]},"type":"success"}
[0-0] 2026-02-14T10:42:06.502Z INFO webdriver: BIDI COMMAND browsingContext.locateNodes {"locator":{"type":"xpath","value":"//h2[contains(., 'User Approvals')]/following-sibling::div//table | //table[contains(., 'User Name')] | (//table[@class='w-full caption-bottom text-sm'])[2]"},"context":"01B881FADF613CBB2C5C0A8128380246"}
[0-0] 2026-02-14T10:42:06.511Z INFO webdriver: BIDI RESULT {"id":253,"result":{"nodes":[]},"type":"success"}
[0-0] 2026-02-14T10:42:06.595Z INFO webdriver: BIDI COMMAND browsingContext.locateNodes {"locator":{"type":"xpath","value":"//h2[contains(., 'User Approvals')]/following-sibling::div//table | //table[contains(., 'User Name')] | (//table[@class='w-full caption-bottom text-sm'])[2]"},"context":"01B881FADF613CBB2C5C0A8128380246"}
[0-0] 2026-02-14T10:42:06.602Z INFO webdriver: BIDI RESULT {"id":254,"result":{"nodes":[]},"type":"success"}
[0-0] 2026-02-14T10:42:06.689Z INFO webdriver: BIDI COMMAND browsingContext.locateNodes {"locator":{"type":"xpath","value":"//h2[contains(., 'User Approvals')]/following-sibling::div//table | //table[contains(., 'User Name')] | (//table[@class='w-full caption-bottom text-sm'])[2]"},"context":"01B881FADF613CBB2C5C0A8128380246"}
[0-0] 2026-02-14T10:42:06.713Z INFO webdriver: BIDI RESULT {"id":255,"result":{"nodes":[]},"type":"success"}
[0-0] 2026-02-14T10:42:06.794Z INFO webdriver: BIDI COMMAND browsingContext.locateNodes {"locator":{"type":"xpath","value":"//h2[contains(., 'User Approvals')]/following-sibling::div//table | //table[contains(., 'User Name')] | (//table[@class='w-full caption-bottom text-sm'])[2]"},"context":"01B881FADF613CBB2C5C0A8128380246"}
[0-0] 2026-02-14T10:42:06.798Z INFO webdriver: BIDI RESULT {"id":256,"result":{"nodes":[]},"type":"success"}
[0-0] 2026-02-14T10:42:06.902Z INFO webdriver: BIDI COMMAND browsingContext.locateNodes {"locator":{"type":"xpath","value":"//h2[contains(., 'User Approvals')]/following-sibling::div//table | //table[contains(., 'User Name')] | (//table[@class='w-full caption-bottom text-sm'])[2]"},"context":"01B881FADF613CBB2C5C0A8128380246"}
[0-0] 2026-02-14T10:42:06.910Z INFO webdriver: BIDI RESULT {"id":257,"result":{"nodes":[]},"type":"success"}
[0-0] 2026-02-14T10:42:07.204Z INFO webdriver: BIDI COMMAND browsingContext.getTree {}
[0-0] 2026-02-14T10:42:07.208Z INFO webdriver: BIDI RESULT {"id":258,"result":{"contexts":[{"children":[],"clientWindow":"867828905","context":"01B881FADF613CBB2C5C0A8128380246","originalOpener":null,"parent":null,"url":"https://10.35.84.85:9443/manage?tab=approvals","userContext":"default"}]},"type":"success"}
[0-0] 2026-02-14T10:42:07.210Z INFO webdriver: BIDI COMMAND browsingContext.captureScreenshot {"context":"01B881FADF613CBB2C5C0A8128380246","origin":"viewport","format":{"type":"image/png"}}
[0-0] 2026-02-14T10:42:07.393Z INFO webdriver: BIDI RESULT {"data":"Base64 string [125288 chars]"}
[0-0] Error in "Signup and manage approvals.Signup As User and check user rejection flow as Manager"
Error: Can't call $$ on element with selector "//h2[contains(., 'User Approvals')]/following-sibling::div//table | //table[contains(., 'User Name')] | (//table[@class='w-full caption-bottom text-sm'])[2]" because element wasn't found
    at implicitWait (C:\Users\subra\OneDrive - ICAD Airports Pvt Ltd\Desktop\AIP Sentinel Automation 05-10-2025\node_modules\webdriverio\build\node.js:663:13)
    at async Element.elementErrorHandlerCallbackFn (C:\Users\subra\OneDrive - ICAD Airports Pvt Ltd\Desktop\AIP Sentinel Automation 05-10-2025\node_modules\webdriverio\build\node.js:8598:23)
    at async Element.wrapCommandFn (C:\Users\subra\OneDrive - ICAD Airports Pvt Ltd\Desktop\AIP Sentinel Automation 05-10-2025\node_modules\@wdio\utils\build\index.js:982:23)
    at async Element.wrapCommandFn (C:\Users\subra\OneDrive - ICAD Airports Pvt Ltd\Desktop\AIP Sentinel Automation 05-10-2025\node_modules\@wdio\utils\build\index.js:982:23)
    at async ManagePage.rejectUsersStartingWithPrefix (C:\Users\subra\OneDrive - ICAD Airports Pvt Ltd\Desktop\AIP Sentinel Automation 05-10-2025\test\pageobjects\manage.page.ts:423:24)
    at async Context.<anonymous> (C:\Users\subra\OneDrive - ICAD Airports Pvt Ltd\Desktop\AIP Sentinel Automation 05-10-2025\test\specs\SignupPage_test.e2e.ts:205:9)
    at async Context.executeAsync (C:\Users\subra\OneDrive - ICAD Airports Pvt Ltd\Desktop\AIP Sentinel Automation 05-10-2025\node_modules\@wdio\utils\build\index.js:1108:20)
    at async Context.testFrameworkFnWrapper (C:\Users\subra\OneDrive - ICAD Airports Pvt Ltd\Desktop\AIP Sentinel Automation 05-10-2025\node_modules\@wdio\utils\build\index.js:1188:14)
[0-0] 2026-02-14T10:42:07.417Z INFO webdriver: COMMAND deleteSession()
[0-0] 2026-02-14T10:42:07.417Z INFO webdriver: [DELETE] http://localhost:55209/session/1abd13ccdc8a2393a8c0c9fe48e76433
[0-0] 2026-02-14T10:42:07.928Z INFO webdriver: RESULT null
[0-0] 2026-02-14T10:42:07.928Z INFO webdriver: Close Bidi connection to ws://127.0.0.1:55209/session/1abd13ccdc8a2393a8c0c9fe48e76433
[0-0] 2026-02-14T10:42:07.929Z INFO webdriver: Kill driver process with PID 29640
[0-0] FAILED in chrome - file:///C:/Users/subra/OneDrive%20-%20ICAD%20Airports%20Pvt%20Ltd/Desktop/AIP%20Sentinel%20Automation%2005-10-2025/test/specs/SignupPage_test.e2e.ts
2026-02-14T10:42:08.087Z INFO @wdio/cli:launcher: Run onWorkerEnd hook

 "spec" Reporter:
------------------------------------------------------------------
[chrome 144.0.7559.133 windows #0-0] Running: chrome (v144.0.7559.133) on windows
[chrome 144.0.7559.133 windows #0-0] Session ID: 1abd13ccdc8a2393a8c0c9fe48e76433
[chrome 144.0.7559.133 windows #0-0]
[chrome 144.0.7559.133 windows #0-0] ┬╗ test\specs\SignupPage_test.e2e.ts
[chrome 144.0.7559.133 windows #0-0] Signup and manage approvals
[chrome 144.0.7559.133 windows #0-0]    Γ£û Signup As User and check user rejection flow as Manager
[chrome 144.0.7559.133 windows #0-0]
[chrome 144.0.7559.133 windows #0-0] 1 failing (24.9s)
[chrome 144.0.7559.133 windows #0-0]
[chrome 144.0.7559.133 windows #0-0] 1) Signup and manage approvals Signup As User and check user rejection flow as Manager
[chrome 144.0.7559.133 windows #0-0] Can't call $$ on element with selector "//h2[contains(., 'User Approvals')]/following-sibling::div//table | //table[contains(., 'User Name')] | (//table[@class='w-full caption-bottom text-sm'])[2]" because element wasn't found
[chrome 144.0.7559.133 windows #0-0] Error: Can't call $$ on element with selector "//h2[contains(., 'User Approvals')]/following-sibling::div//table | //table[contains(., 'User Name')] | (//table[@class='w-full caption-bottom text-sm'])[2]" because element wasn't found
[chrome 144.0.7559.133 windows #0-0]     at implicitWait (C:\Users\subra\OneDrive - ICAD Airports Pvt Ltd\Desktop\AIP Sentinel Automation 05-10-2025\node_modules\webdriverio\build\node.js:663:13)
[chrome 144.0.7559.133 windows #0-0]     at async Element.elementErrorHandlerCallbackFn (C:\Users\subra\OneDrive - ICAD Airports Pvt Ltd\Desktop\AIP Sentinel Automation 05-10-2025\node_modules\webdriverio\build\node.js:8598:23)
[chrome 144.0.7559.133 windows #0-0]     at async Element.wrapCommandFn (C:\Users\subra\OneDrive - ICAD Airports Pvt Ltd\Desktop\AIP Sentinel Automation 05-10-2025\node_modules\@wdio\utils\build\index.js:982:23)
[chrome 144.0.7559.133 windows #0-0]     at async Element.wrapCommandFn (C:\Users\subra\OneDrive - ICAD Airports Pvt Ltd\Desktop\AIP Sentinel Automation 05-10-2025\node_modules\@wdio\utils\build\index.js:982:23)
[chrome 144.0.7559.133 windows #0-0]     at async ManagePage.rejectUsersStartingWithPrefix (C:\Users\subra\OneDrive - ICAD Airports Pvt Ltd\Desktop\AIP Sentinel Automation 05-10-2025\test\pageobjects\manage.page.ts:423:24)
[chrome 144.0.7559.133 windows #0-0]     at async Context.<anonymous> (C:\Users\subra\OneDrive - ICAD Airports Pvt Ltd\Desktop\AIP Sentinel Automation 05-10-2025\test\specs\SignupPage_test.e2e.ts:205:9)
[chrome 144.0.7559.133 windows #0-0]     at async Context.executeAsync (C:\Users\subra\OneDrive - ICAD Airports Pvt Ltd\Desktop\AIP Sentinel Automation 05-10-2025\node_modules\@wdio\utils\build\index.js:1108:20)
[chrome 144.0.7559.133 windows #0-0]     at async Context.testFrameworkFnWrapper (C:\Users\subra\OneDrive - ICAD Airports Pvt Ltd\Desktop\AIP Sentinel Automation 05-10-2025\node_modules\@wdio\utils\build\index.js:1188:14)


Spec Files:	 0 passed, 1 failed, 1 total (100% completed) in 00:00:28  

2026-02-14T10:42:08.089Z INFO @wdio/local-runner: Shutting down spawned worker
2026-02-14T10:42:08.342Z INFO @wdio/local-runner: Waiting for 0 to shut down gracefully
2026-02-14T10:42:08.343Z INFO @wdio/local-runner: shutting down
2026-02-14T10:42:08.344Z INFO @wdio/cli:launcher: Run onComplete hook
