
Execution of 1 workers started at 2026-02-19T07:21:28.444Z

[0-0] RUNNING in chrome - file:///C:/Users/subra/OneDrive%20-%20ICAD%20Airports%20Pvt%20Ltd/Desktop/AIP%20Sentinel%20Automation%2005-10-2025/test/specs/dashboardpage_test.e2e.ts
[0-0] Error in "AfterTest Hook"
Command browsingContext.getTree with id 12 (with the following parameter: {}) timed out
[0-0] invalid session id in "Dashboard Page Test Suite.Verify that dashboard page asthetic are displaying as expected as Manager"
invalid session id: WebDriverError: invalid session id when running "url" with method "POST"
    at async Browser.wrapCommandFn (C:\Users\subra\OneDrive - ICAD Airports Pvt Ltd\Desktop\AIP Sentinel Automation 05-10-2025\node_modules\@wdio\utils\build\index.js:982:23)
    at async Browser.url (C:\Users\subra\OneDrive - ICAD Airports Pvt Ltd\Desktop\AIP Sentinel Automation 05-10-2025\node_modules\webdriverio\build\node.js:5748:24)
    at async Browser.wrapCommandFn (C:\Users\subra\OneDrive - ICAD Airports Pvt Ltd\Desktop\AIP Sentinel Automation 05-10-2025\node_modules\@wdio\utils\build\index.js:982:23)
    at async Context.<anonymous> (C:\Users\subra\OneDrive - ICAD Airports Pvt Ltd\Desktop\AIP Sentinel Automation 05-10-2025\test\specs\dashboardpage_test.e2e.ts:22:9)
    at async Context.executeAsync (C:\Users\subra\OneDrive - ICAD Airports Pvt Ltd\Desktop\AIP Sentinel Automation 05-10-2025\node_modules\@wdio\utils\build\index.js:1108:20)
    at async Context.testFrameworkFnWrapper (C:\Users\subra\OneDrive - ICAD Airports Pvt Ltd\Desktop\AIP Sentinel Automation 05-10-2025\node_modules\@wdio\utils\build\index.js:1188:14)
[0-0] FAILED in chrome - file:///C:/Users/subra/OneDrive%20-%20ICAD%20Airports%20Pvt%20Ltd/Desktop/AIP%20Sentinel%20Automation%2005-10-2025/test/specs/dashboardpage_test.e2e.ts

 "spec" Reporter:
------------------------------------------------------------------
[chrome 145.0.7632.75 windows #0-0] Running: chrome (v145.0.7632.75) on windows
[chrome 145.0.7632.75 windows #0-0] Session ID: 59641ac67fa411b83dedfc00d8e877fa
[chrome 145.0.7632.75 windows #0-0]
[chrome 145.0.7632.75 windows #0-0] ┬╗ test\specs\dashboardpage_test.e2e.ts
[chrome 145.0.7632.75 windows #0-0] Dashboard Page Test Suite
[chrome 145.0.7632.75 windows #0-0]    Γ£û Verify that dashboard page asthetic are displaying as expected as Manager
[chrome 145.0.7632.75 windows #0-0]
[chrome 145.0.7632.75 windows #0-0] 1 failing (1m 13.4s)
[chrome 145.0.7632.75 windows #0-0]
[chrome 145.0.7632.75 windows #0-0] 1) Dashboard Page Test Suite Verify that dashboard page asthetic are displaying as expected as Manager
[chrome 145.0.7632.75 windows #0-0] WebDriverError: invalid session id when running "url" with method "POST"
[chrome 145.0.7632.75 windows #0-0] invalid session id: WebDriverError: invalid session id when running "url" with method "POST"
[chrome 145.0.7632.75 windows #0-0]     at async Browser.wrapCommandFn (C:\Users\subra\OneDrive - ICAD Airports Pvt Ltd\Desktop\AIP Sentinel Automation 05-10-2025\node_modules\@wdio\utils\build\index.js:982:23)
[chrome 145.0.7632.75 windows #0-0]     at async Browser.url (C:\Users\subra\OneDrive - ICAD Airports Pvt Ltd\Desktop\AIP Sentinel Automation 05-10-2025\node_modules\webdriverio\build\node.js:5748:24)
[chrome 145.0.7632.75 windows #0-0]     at async Browser.wrapCommandFn (C:\Users\subra\OneDrive - ICAD Airports Pvt Ltd\Desktop\AIP Sentinel Automation 05-10-2025\node_modules\@wdio\utils\build\index.js:982:23)
[chrome 145.0.7632.75 windows #0-0]     at async Context.<anonymous> (C:\Users\subra\OneDrive - ICAD Airports Pvt Ltd\Desktop\AIP Sentinel Automation 05-10-2025\test\specs\dashboardpage_test.e2e.ts:22:9)
[chrome 145.0.7632.75 windows #0-0]     at async Context.executeAsync (C:\Users\subra\OneDrive - ICAD Airports Pvt Ltd\Desktop\AIP Sentinel Automation 05-10-2025\node_modules\@wdio\utils\build\index.js:1108:20)
[chrome 145.0.7632.75 windows #0-0]     at async Context.testFrameworkFnWrapper (C:\Users\subra\OneDrive - ICAD Airports Pvt Ltd\Desktop\AIP Sentinel Automation 05-10-2025\node_modules\@wdio\utils\build\index.js:1188:14)


Spec Files:	 0 passed, 1 failed, 1 total (100% completed) in 00:01:33  

